******************************************************************************
                  TI ARM Linker PC v20.2.5                     
******************************************************************************
>> Linked Thu Mar 31 16:37:33 2022

OUTPUT FILE NAME:   <httpget_CC3220SF_LAUNCHXL_tirtos_ccs.out>
ENTRY POINT SYMBOL: "_c_int00"  address: 01010e29


MEMORY CONFIGURATION

         name            origin    length      used     unused   attr    fill
----------------------  --------  ---------  --------  --------  ----  --------
  FLASH_HDR             01000000   000007ff  00000000  000007ff  R  X
  FLASH                 01000800   000ff800  000142b5  000eb54b  R  X
  SRAM                  20000000   00040000  0000a63b  000359c5  RW X
  LOG_DATA              90000000   00040000  00000000  00040000  R   


SEGMENT ALLOCATION MAP

run origin  load origin   length   init length attrs members
----------  ----------- ---------- ----------- ----- -------
01000800    01000800    000142c0   000142c0    r-x
  01000800    01000800    0000030c   0000030c    r-- .resetVecs
  01000b10    01000b10    00012da2   00012da2    r-x .text
  010138b4    010138b4    00000e37   00000e37    r-- .const
  010146f0    010146f0    000003d0   000003d0    r-- .cinit
20000000    20000000    0000030c   00000000    rw-
  20000000    20000000    0000030c   00000000    rw- .vecs
20000310    20000310    00008000   00000000    r--
  20000310    20000310    00008000   00000000    r-- .priheap
20008400    20008400    00001f30   00000000    rw-
  20008400    20008400    000015ab   00000000    rw- .bss
  200099ac    200099ac    00000984   00000000    rw- .data
2003fc00    2003fc00    00000400   00000000    rw-
  2003fc00    2003fc00    00000400   00000000    rw- .stack


SECTION ALLOCATION MAP

 output                                  attributes/
section   page    origin      length       input sections
--------  ----  ----------  ----------   ----------------
.resetVecs 
*          0    01000800    0000030c     
                  01000800    0000030c     release_pem4.oem4 (.resetVecs)

.text      0    01000b10    00012da2     
                  01000b10    00000a4e     rtsv7M4_T_le_eabi.lib : _printfi.c.obj (.text:__TI_printfi)
                  0100155e    00000002     ti_drivers_config.obj (.text:Board_initHook)
                  01001560    000008e8     simplelink.a : driver.obj (.text:_SlDrvMsgRead)
                  01001e48    000004bc                  : sl_socket.obj (.text:_SlSocketHandleAsync_Select)
                  01002304    00000004     dpl_cc32xx.a : ClockP_tirtos.oem4 (.text:ClockP_getCpuFreq)
                  01002308    00000468     sysbios.aem4 : BIOS.obj (.text:xdc_runtime_System_doPrint__I)
                  01002770    0000042c     driverlib.a : prcm.obj (.text:PRCMCC3200MCUInit)
                  01002b9c    0000040c     httpclient_release.a : httpclient.oem4 (.text:sendRequest)
                  01002fa8    000003a8     httppost.obj (.text:httpTask)
                  01003350    00000384     simplelink.a : driver.obj (.text:_SlDrvMsgWrite)
                  010036d4    0000031c                  : driver.obj (.text:_SlDrvReleasePoolObj)
                  010039f0    000002e0                  : driver.obj (.text:_SlDrvWaitForPoolObj)
                  01003cd0    000002d8                  : driver.obj (.text:_SlDrvRxHdrRead)
                  01003fa8    000002ac                  : sl_socket.obj (.text:sl_Select)
                  01004254    00000284                  : wlan.obj (.text:sl_WlanConnect)
                  010044d8    00000268     rtsv7M4_T_le_eabi.lib : _printfi.c.obj (.text:_pconv_a)
                  01004740    00000260     platform.obj (.text:mainThread)
                  010049a0    0000025c     simplelink.a : driver.obj (.text:_SlDrvDataReadOp)
                  01004bfc    00000244     httpclient_release.a : httpclient.oem4 (.text:manageResponseHeaders)
                  01004e40    00000224     simplelink.a : driver.obj (.text:_SlDrvDriverCBInit)
                  01005064    00000218                  : driver.obj (.text:_SlDrvDataWriteOp)
                  0100527c    0000020c     drivers_cc32xx.a : UARTCC32XXDMA.oem4 (.text:UARTCC32XXDMA_open)
                  01005488    000001fc     httpclient_release.a : httpclient.oem4 (.text:SlNetSock_connectURI)
                  01005684    000001f4     simplelink.a : driver.obj (.text:_SlDrvMsgReadCmdCtx)
                  01005878    000001f2                  : netapp.obj (.text:_SlNetAppEventHandler)
                  01005a6a    00000002     display_cc32xx.a : DisplayUart.oem4 (.text:DisplayUartMin_clear)
                  01005a6c    000001e8     simplelink.a : netapp.obj (.text:sl_NetAppPing)
                  01005c54    000001e0     httpclient_release.a : httpclient.oem4 (.text:HTTPClient_connect2)
                  01005e34    000001e0     simplelink.a : device.obj (.text:sl_Stop)
                  01006014    000001d0     drivers_cc32xx.a : SPICC32XXDMA.oem4 (.text:SPICC32XXDMA_transfer)
                  010061e4    000001cc     rtsv7M4_T_le_eabi.lib : _printfi.c.obj (.text:_pconv_g)
                  010063b0    000001b8     drivers_cc32xx.a : SPICC32XXDMA.oem4 (.text:configDMA)
                  01006568    000001b6     rtsv7M4_T_le_eabi.lib : fd_add_t2.asm.obj (.text)
                  0100671e    00000002     display_cc32xx.a : DisplayUart.oem4 (.text:DisplayUartMin_clearLines)
                  01006720    000001b4     simplelink.a : driver.obj (.text:_SlDrvReleaseAllActivePendingPoolObj)
                  010068d4    000001a8                  : sl_socket.obj (.text:sl_Accept)
                  01006a7c    00000194     httpclient_release.a : httpclient.oem4 (.text:redirect)
                  01006c10    00000190     simplelink.a : sl_socket.obj (.text:_SlDrvRegisterForSelectAsync)
                  01006da0    00000184                  : driver.obj (.text:_SlDrvFindAndSetActiveObj)
                  01006f24    00000180     release_pem4.oem4 (.text:xdc_runtime_System_printfExtend__I)
                  010070a4    00000178     simplelink.a : sl_socket.obj (.text:sl_Connect)
                  0100721c    00000177     httpclient_release.a : httpclient.oem4 (.text:readResponseHeader)
                  01007393    00000001     --HOLE-- [fill = 0]
                  01007394    00000170     platform.obj (.text:SimpleLinkNetAppEventHandler)
                  01007504    00000170     simplelink.a : netapp.obj (.text:sl_NetAppDnsGetHostByName)
                  01007674    0000015c     dpl_cc32xx.a : PowerCC32XX_tirtos.oem4 (.text:PowerCC32XX_sleepPolicy)
                  010077d0    00000158     drivers_cc32xx.a : SPICC32XXDMA.oem4 (.text:SPICC32XXDMA_open)
                  01007928    00000154                      : GPIOCC32XX.oem4 (.text:GPIO_setConfig)
                  01007a7c    00000154     simplelink.a : sl_socket.obj (.text:sl_RecvFrom)
                  01007bd0    00000148                  : sl_socket.obj (.text:_SlDrvGetNextTimeoutValue)
                  01007d18    00000148     drivers_cc32xx.a : PowerCC32XX.oem4 (.text:parkPins)
                  01007e60    00000148     httpclient_release.a : httpclient.oem4 (.text:parseURI)
                  01007fa8    00000148     simplelink.a : sl_socket.obj (.text:sl_StartTLS)
                  010080f0    00000140                  : driver.obj (.text:_SlDrvMsgReadSpawnCtx)
                  01008230    0000013c     rtsv7M4_T_le_eabi.lib : _printfi.c.obj (.text:_pconv_e)
                  0100836c    00000138     drivers_cc32xx.a : PowerCC32XX.oem4 (.text:Power_sleep)
                  010084a4    00000138     simplelink.a : driver.obj (.text:_SlSpawnMsgListInsert)
                  010085dc    00000136     rtsv7M4_T_le_eabi.lib : fd_div_t2.asm.obj (.text)
                  01008712    00000002     display_cc32xx.a : DisplayUart.oem4 (.text:DisplayUartMin_init)
                  01008714    00000134     simplelink.a : sl_socket.obj (.text:_SlSocketHandleAsync_StartTLS)
                  01008848    00000130                  : driver.obj (.text:_SlDrvDriverCBDeinit)
                  01008978    00000130     sysbios.aem4 : BIOS.obj (.text:ti_sysbios_knl_Semaphore_pend__E)
                  01008aa8    00000128     simplelink.a : driver.obj (.text:_SlDrvClassifyRxMsg)
                  01008bd0    00000124                  : fs.obj (.text:sl_FsOpen)
                  01008cf4    00000121     httpclient_release.a : httpclient.oem4 (.text:getChunkedData)
                  01008e15    00000001     --HOLE-- [fill = 0]
                  01008e16    00000002     drivers_cc32xx.a : UARTCC32XXDMA.oem4 (.text:UARTCC32XXDMA_init)
                  01008e18    00000120     simplelink.a : driver.obj (.text:_SlDrvAsyncEventGenericHandler)
                  01008f38    00000120     rtsv7M4_T_le_eabi.lib : _printfi.c.obj (.text:fcvt)
                  01009058    00000120     sysbios.aem4 : BIOS.obj (.text:xdc_runtime_Startup_startMods__I)
                  01009178    0000011c     simplelink.a : device.obj (.text:sl_Start)
                  01009294    00000118                  : netapp.obj (.text:_SlNetAppHandleAsync_DnsGetHostByService)
                  010093ac    00000110     rtsv7M4_T_le_eabi.lib : strtoul.c.obj (.text:strtoul)
                  010094bc    00000004     dpl_cc32xx.a : ClockP_tirtos.oem4 (.text:ClockP_setTimeout)
                  010094c0    00000110     sysbios.aem4 : BIOS.obj (.text:ti_sysbios_knl_Task_postInit__I)
                  010095d0    00000108     httpclient_release.a : httpclient.oem4 (.text:HTTPClient_setHeader)
                  010096d8    00000108     slnetsock_release.a : slnetutils.oem4 (.text:SlNetUtil_str2BinIpV6)
                  010097e0    00000104     simplelink.a : device.obj (.text:_SlDeviceEventHandler)
                  010098e4    00000104                  : driver.obj (.text:_SlDrvCmdOp)
                  010099e8    00000104     sysbios.aem4 : BIOS.obj (.text:ti_sysbios_knl_Task_Instance_finalize__E)
                  01009aec    00000100     simplelink.a : driver.obj (.text:_SlDrvObjGlobalLockWaitForever)
                  01009bec    00000100                  : fs.obj (.text:sl_FsWrite)
                  01009cec    000000fc     rtsv7M4_T_le_eabi.lib : fd_mul_t2.asm.obj (.text)
                  01009de8    000000f8     slnetifwifi.a : slnetifwifi.obj (.text:SlNetIfWifi_loadSecObj)
                  01009ee0    000000f8     drivers_cc32xx.a : UARTCC32XXDMA.oem4 (.text:UARTCC32XXDMA_close)
                  01009fd8    000000f8     simplelink.a : sl_socket.obj (.text:sl_Close)
                  0100a0d0    000000f4     httpclient_release.a : httpclient.oem4 (.text:httpProxyTunnel)
                  0100a1c4    000000f4     simplelink.a : sl_socket.obj (.text:sl_SendTo)
                  0100a2b8    000000f2     drivers_cc32xx.a : SPICC32XXDMA.oem4 (.text:SPICC32XXDMA_transferCancel)
                  0100a3aa    00000006     display_cc32xx.a : DisplayUart.oem4 (.text:DisplayUartMin_control)
                  0100a3b0    000000f0     sysbios.aem4 : BIOS.obj (.text:pthread_create)
                  0100a4a0    000000e8     drivers_cc32xx.a : UARTCC32XXDMA.oem4 (.text:initHw)
                  0100a588    000000e8     sysbios.aem4 : BIOS.obj (.text:ti_sysbios_knl_Task_Instance_init__E)
                  0100a670    000000e4     slnetsock_release.a : slnetif.oem4 (.text:SlNetIf_add)
                  0100a754    00000004     dpl_cc32xx.a : ClockP_tirtos.oem4 (.text:ClockP_start)
                  0100a758    000000e4     sysbios.aem4 : BIOS.obj (.text:clock_gettime)
                  0100a83c    000000e0     httpclient_release.a : httpclient.oem4 (.text:sprsend)
                  0100a91c    000000d8     drivers_cc32xx.a : SPICC32XXDMA.oem4 (.text:SPICC32XXDMA_close)
                  0100a9f4    000000d8     simplelink.a : device.obj (.text:_SlDeviceHandleAsync_InitComplete)
                  0100aacc    000000d8                  : driver.obj (.text:_SlDrvWaitForInternalAsyncEvent)
                  0100aba4    000000d8                  : netapp.obj (.text:_SlNetAppHandleAsync_NetAppReceive)
                  0100ac7c    000000d4     httpclient_release.a : httpclient.oem4 (.text:HTTPClient_connect)
                  0100ad50    000000d4     sysbios.aem4 : BIOS.obj (.text:ti_sysbios_heaps_HeapMem_alloc__E)
                  0100ae24    000000d0     simplelink.a : driver.obj (.text:_SlDrvRemoveFromList)
                  0100aef4    000000d0     httpclient_release.a : httpclient.oem4 (.text:getStatus)
                  0100afc4    000000d0     rtsv7M4_T_le_eabi.lib : s_scalbn.c.obj (.text:scalbn)
                  0100b094    000000cc     sysbios.aem4 : m3_Hwi_asm.obj (.text:ti_sysbios_family_arm_m3_Hwi_dispatch__I)
                  0100b160    000000c8     drivers_cc32xx.a : SPICC32XXDMA.oem4 (.text:spiHwiFxn)
                  0100b228    000000c4     sysbios.aem4 : BIOS.obj (.text:ti_sysbios_knl_Task_sleep__E)
                  0100b2ec    000000c0     simplelink.a : cc_pal.obj (.text:NwpPowerOff)
                  0100b3ac    000000c0     httpclient_release.a : httpclient.oem4 (.text:resHeaderFieldHandler)
                  0100b46c    000000c0     drivers_cc32xx.a : PowerCC32XX.oem4 (.text:restoreParkedPins)
                  0100b52c    000000c0     simplelink.a : netcfg.obj (.text:sl_NetCfgGet)
                  0100b5ec    000000bc     platform.obj (.text:DisplayBanner)
                  0100b6a8    000000bc     simplelink.a : netapp.obj (.text:_SlNetAppSendResponse)
                  0100b764    000000bc                  : sl_socket.obj (.text:sl_Send)
                  0100b820    000000bc     sysbios.aem4 : BIOS.obj (.text:xdc_runtime_Core_createObject__I)
                  0100b8dc    000000b8     httpclient_release.a : httpclient.oem4 (.text:HTTPClient_readResponseBody)
                  0100b994    000000b8     drivers_cc32xx.a : UARTCC32XXDMA.oem4 (.text:UARTCC32XXDMA_configDMA)
                  0100ba4c    000000b8     simplelink.a : netapp.obj (.text:_SlNetAppHandleAsync_DnsGetHostByName)
                  0100bb04    000000b8                  : netapp.obj (.text:_SlNetAppHandleAsync_PingResponse)
                  0100bbbc    000000b8                  : wlan.obj (.text:sl_WlanGet)
                  0100bc74    00000004     dpl_cc32xx.a : ClockP_tirtos.oem4 (.text:ClockP_stop)
                  0100bc78    000000b8     sysbios.aem4 : BIOS.obj (.text:ti_sysbios_family_arm_m3_Hwi_Instance_init__E)
                  0100bd30    000000b4     drivers_cc32xx.a : UARTCC32XXDMA.oem4 (.text:UARTCC32XXDMA_hwiIntFxn)
                  0100bde4    000000b4     simplelink.a : driver.obj (.text:_SlDrvHandleFatalError)
                  0100be98    000000b4                  : netutil.obj (.text:_SlNetUtilHandleAsync_Cmd)
                  0100bf4c    000000b4                  : sl_socket.obj (.text:sl_GetSockOpt)
                  0100c000    000000b2     slnetifwifi.a : slnetifwifi.obj (.text:matchModeByRole)
                  0100c0b2    00000002     rtsv7M4_T_le_eabi.lib : _lock.c.obj (.text:_nop)
                  0100c0b4    000000b1                           : _printfi.c.obj (.text:_ltostr)
                  0100c165    00000001     --HOLE-- [fill = 0]
                  0100c166    00000002                           : div0.asm.obj (.text)
                  0100c168    000000b0     slnetifwifi.a : slnetifwifi.obj (.text:SlNetIfWifi_getSockOpt)
                  0100c218    000000ac     platform.obj (.text:Connect)
                  0100c2c4    000000ac     simplelink.a : sl_socket.obj (.text:_SlSocketHandleAsync_Close)
                  0100c370    000000ac                  : sl_socket.obj (.text:_SlSocketHandleAsync_Connect)
                  0100c41c    000000ac     httpclient_release.a : httpclient.oem4 (.text:sendReqHeaders)
                  0100c4c8    000000a8     driverlib.a : prcm.obj (.text:PRCMPeripheralClockGet)
                  0100c570    000000a8     drivers_cc32xx.a : PowerCC32XX.oem4 (.text:PowerCC32XX_configureWakeup)
                  0100c618    000000a8     simplelink.a : fs.obj (.text:sl_FsClose)
                  0100c6c0    000000a6                  : driver.obj (.text:_SlDrvIsTimeoutExpired)
                  0100c766    00000002     release_pem4.oem4 (.text:ti_sysbios_BIOS_nullFunc__I)
                  0100c768    000000a4     simplelink.a : sl_socket.obj (.text:sl_Bind)
                  0100c80c    00000004     dpl_cc32xx.a : HwiP_tirtos.oem4 (.text:HwiP_clearInterrupt)
                  0100c810    000000a4     sysbios.aem4 : BIOS.obj (.text:ti_sysbios_knl_Task_setPri__E)
                  0100c8b4    000000a0     simplelink.a : fs.obj (.text:FsGetCreateFsMode)
                  0100c954    000000a0                  : sl_socket.obj (.text:_SlDrvUnRegisterForSelectAsync)
                  0100c9f4    000000a0                  : driver.obj (.text:_SlSpawnMsgListProcess)
                  0100ca94    000000a0     auto_init.aem4 : auto_init.oem4 (.text)
                  0100cb34    0000009e     simplelink.a : cc_pal.obj (.text:spi_Read)
                  0100cbd2    0000009e                  : cc_pal.obj (.text:spi_Write)
                  0100cc70    0000009c     sysbios.aem4 : BIOS.obj (.text:_pthread_removeThreadKeys)
                  0100cd0c    0000009c     rtsv7M4_T_le_eabi.lib : memcpy_t2.asm.obj (.text)
                  0100cda8    00000098     httpclient_release.a : httpclient.oem4 (.text:HTTPClient_sendRequest)
                  0100ce40    00000096     rtsv7M4_T_le_eabi.lib : ull_div_t2.asm.obj (.text)
                  0100ced6    00000002     release_pem4.oem4 (.text:xdc_runtime_Startup_reset__I)
                  0100ced8    00000094     simplelink.a : cc_pal.obj (.text:Semaphore_pend_handle)
                  0100cf6c    00000094     drivers_cc32xx.a : SPICC32XXDMA.oem4 (.text:initHw)
                  0100d000    00000094     httpclient_release.a : httpclient.oem4 (.text:locationParser)
                  0100d094    00000004     dpl_cc32xx.a : HwiP_tirtos.oem4 (.text:HwiP_disable)
                  0100d098    00000094     sysbios.aem4 : BIOS.obj (.text:ti_sysbios_knl_Task_exit__E)
                  0100d12c    00000092     slnetsock_release.a : slnetsock.oem4 (.text:SlNetSock_create)
                  0100d1be    00000002     --HOLE-- [fill = 0]
                  0100d1c0    00000090     drivers_cc32xx.a : GPIOCC32XX.oem4 (.text:GPIO_init)
                  0100d250    00000090     slnetsock_release.a : slnetsock.oem4 (.text:SlNetSock_getVirtualSdConf)
                  0100d2e0    00000090     simplelink.a : device.obj (.text:_SlDeviceHandleAsync_Stop)
                  0100d370    00000090                  : sl_socket.obj (.text:_SlSocketHandleAsync_Accept)
                  0100d400    00000090     httpclient_release.a : httpclient.oem4 (.text:createSecAttribs)
                  0100d490    00000090     drivers_cc32xx.a : PowerCC32XX.oem4 (.text:restoreNVICRegs)
                  0100d520    00000090     sysbios.aem4 : BIOS.obj (.text:ti_sysbios_knl_Task_Module_startup__E)
                  0100d5b0    0000008c     drivers_cc32xx.a : UARTCC32XXDMA.oem4 (.text:UARTCC32XXDMA_write)
                  0100d63c    0000008c     simplelink.a : driver.obj (.text:_SlDrvDriverIsApiAllowed)
                  0100d6c8    0000008c                  : driver.obj (.text:_SlDrvProtectAsyncRespSetting)
                  0100d754    0000008c                  : sl_socket.obj (.text:sl_Recv)
                  0100d7e0    0000008c     sysbios.aem4 : BIOS.obj (.text:xdc_runtime_Memory_alloc__E)
                  0100d86c    00000088     driverlib.a : pin.obj (.text:PinConfigSet)
                  0100d8f4    00000088     httpclient_release.a : httpclient.oem4 (.text:readLine)
                  0100d97c    00000088     simplelink.a : eventreg.obj (.text:sl_UnregisterLibsEventHandler)
                  0100da04    00000004     dpl_cc32xx.a : HwiP_tirtos.oem4 (.text:HwiP_disableInterrupt)
                  0100da08    00000088     sysbios.aem4 : BIOS.obj (.text:ti_sysbios_family_arm_m3_Hwi_initNVIC__E)
                  0100da90    00000088                  : BIOS.obj (.text:ti_sysbios_knl_Mailbox_post__E)
                  0100db18    00000086     rtsv7M4_T_le_eabi.lib : fd_cmp_t2.asm.obj (.text:__aeabi_cdcmple)
                  0100db9e    00000086                           : fd_cmp_t2.asm.obj (.text:__aeabi_cdrcmple)
                  0100dc24    00000004     dpl_cc32xx.a : HwiP_tirtos.oem4 (.text:HwiP_enableInterrupt)
                  0100dc28    00000086     sysbios.aem4 : BIOS.obj (.text:xdc_runtime_Core_constructObject__I)
                  0100dcae    00000002     --HOLE-- [fill = 0]
                  0100dcb0    00000084     drivers_cc32xx.a : PowerCC32XX.oem4 (.text:Power_init)
                  0100dd34    00000084     slnetifwifi.a : slnetifwifi.obj (.text:SlNetIfWifi_sockstartSec)
                  0100ddb8    00000084     slnetsock_release.a : slnetutils.oem4 (.text:SlNetUtil_getHostByName)
                  0100de3c    00000084     drivers_cc32xx.a : PowerCC32XX.oem4 (.text:saveNVICRegs)
                  0100dec0    00000084     simplelink.a : sl_socket.obj (.text:sl_SetSockOpt)
                  0100df44    00000004     drivers_cc32xx.a : SPICC32XXDMA.oem4 (.text:SPICC32XXDMA_init)
                  0100df48    00000084     sysbios.aem4 : BIOS.obj (.text:ti_sysbios_family_arm_m3_Hwi_postInit__I)
                  0100dfcc    00000004     dpl_cc32xx.a : SemaphoreP_tirtos.oem4 (.text:SemaphoreP_post)
                  0100dfd0    00000084     sysbios.aem4 : BIOS.obj (.text:ti_sysbios_heaps_HeapMem_free__E)
                  0100e054    00000080     drivers_cc32xx.a : PowerCC32XX.oem4 (.text:Power_setDependency)
                  0100e0d4    00000080     slnetifwifi.a : slwificonn.obj (.text:SignalEvent)
                  0100e154    00000080     drivers_cc32xx.a : UARTCC32XXDMA.oem4 (.text:UARTCC32XXDMA_read)
                  0100e1d4    00000004     slnetsock_release.a : slnetutils.oem4 (.text:SlNetUtil_init)
                  0100e1d8    00000080     sysbios.aem4 : BIOS.obj (.text:ti_sysbios_knl_Clock_workFunc__E)
                  0100e258    0000007c     drivers_cc32xx.a : UDMACC32XX.oem4 (.text:UDMACC32XX_open)
                  0100e2d4    00000004     dpl_cc32xx.a : SystemP_tirtos.oem4 (.text:SystemP_vsnprintf)
                  0100e2d8    0000007c     sysbios.aem4 : BIOS.obj (.text:_pthread_abstime2ticks)
                  0100e354    0000007a     drivers_cc32xx.a : UARTCC32XXDMA.oem4 (.text:UARTCC32XXDMA_readPolling)
                  0100e3ce    0000007a     rtsv7M4_T_le_eabi.lib : memset_t2.asm.obj (.text)
                  0100e448    00000078     simplelink.a : sl_socket.obj (.text:sl_Socket)
                  0100e4c0    00000075     sysbios.aem4 : BIOS.obj (.text:xdc_runtime_System_formatNum__I)
                  0100e535    00000003     --HOLE-- [fill = 0]
                  0100e538    00000074     slnetsock_release.a : slnetsock.oem4 (.text:SlNetSock_AllocVirtualSocket)
                  0100e5ac    00000074     drivers_cc32xx.a : GPIOCC32XX.oem4 (.text:powerNotifyFxn)
                  0100e620    00000074     sysbios.aem4 : BIOS.obj (.text:xdc_runtime_Core_deleteObject__I)
                  0100e694    00000070     httpclient_release.a : httpclient.oem4 (.text:HTTPClient_disconnect)
                  0100e704    00000070     slnetsock_release.a : slnetsock.oem4 (.text:SlNetSock_secAttribSet)
                  0100e774    00000070     simplelink.a : driver.obj (.text:_SlDrvCmdSend_noLock)
                  0100e7e4    00000004     release_pem4.oem4 (.text:ti_sysbios_BIOS_RtsGateProxy_enter__E)
                  0100e7e8    00000070     sysbios.aem4 : BIOS.obj (.text:acquireMutexNone$47)
                  0100e858    00000070                  : BIOS.obj (.text:ti_sysbios_heaps_HeapMem_initPrimary__I)
                  0100e8c8    0000006e     rtsv7M4_T_le_eabi.lib : _printfi.c.obj (.text:_mcpy)
                  0100e936    00000002     --HOLE-- [fill = 0]
                  0100e938    0000006c     httpclient_release.a : httpclient.oem4 (.text:HTTPClient_getHeader)
                  0100e9a4    0000006c     slnetifwifi.a : slnetifwifi.obj (.text:SlNetIfWifi_ping)
                  0100ea10    0000006c     slnetsock_release.a : slnetutils.oem4 (.text:SlNetUtil_str2BinIpV4)
                  0100ea7c    0000006c     simplelink.a : device.obj (.text:_SlDeviceHandleResetRequestInternally)
                  0100eae8    0000006c                  : sl_socket.obj (.text:_SlDrvOpenCtrlSocket)
                  0100eb54    0000006c                  : netapp.obj (.text:_SlNetAppSendTokenValue)
                  0100ebc0    0000006c     sysbios.aem4 : BIOS.obj (.text:ti_sysbios_knl_Swi_restoreHwi__E)
                  0100ec2c    00000068     simplelink.a : driver.obj (.text:_SlSpawnMsgListGetCount)
                  0100ec94    00000068     rtsv7M4_T_le_eabi.lib : copy_decompress_lzss.c.obj (.text:decompress:lzss:__TI_decompress_lzss)
                  0100ecfc    00000068     main_tirtos.obj (.text:main)
                  0100ed64    00000004     release_pem4.oem4 (.text:ti_sysbios_BIOS_RtsGateProxy_leave__E)
                  0100ed68    00000068     sysbios.aem4 : BIOS.obj (.text:pthread_exit)
                  0100edd0    00000068     simplelink.a : cc_pal.obj (.text:spi_Open)
                  0100ee38    00000068     sysbios.aem4 : BIOS.obj (.text:ti_sysbios_family_arm_cc32xx_Seconds_getTime__E)
                  0100eea0    00000064     drivers_cc32xx.a : GPIOCC32XX.oem4 (.text:GPIO_setInterruptConfig)
                  0100ef04    00000064                      : PowerCC32XX.oem4 (.text:PowerCC32XX_setParkState)
                  0100ef68    00000064     sysbios.aem4 : BIOS.obj (.text:ti_sysbios_family_arm_m3_Hwi_dispatchC__I)
                  0100efcc    00000060     drivers_cc32xx.a : GPIOCC32XX.oem4 (.text:GPIO_hwiIntFxn)
                  0100f02c    00000060     driverlib.a : prcm.obj (.text:PRCMSysResetCauseGet)
                  0100f08c    00000060     drivers_cc32xx.a : UARTCC32XXDMA.oem4 (.text:UARTCC32XXDMA_control)
                  0100f0ec    00000004     release_pem4.oem4 (.text:ti_sysbios_family_arm_m3_Hwi_delete)
                  0100f0f0    00000060     sysbios.aem4 : BIOS.obj (.text:ti_sysbios_knl_Semaphore_post__E)
                  0100f150    00000060                  : BIOS.obj (.text:ti_sysbios_knl_Swi_run__I)
                  0100f1b0    0000005e     slnetifwifi.a : slnetifwifi.obj (.text:SlNetIfWifi_setSockOpt)
                  0100f20e    00000002     --HOLE-- [fill = 0]
                  0100f210    0000005c     display_cc32xx.a : Display.oem4 (.text:Display_doOpen)
                  0100f26c    0000005c     slnetifwifi.a : slwificonn.obj (.text:SlWifiConn_enable)
                  0100f2c8    0000005c     simplelink.a : spawn.obj (.text:_SlInternalSpawn)
                  0100f324    0000005c     rtsv7M4_T_le_eabi.lib : s_frexp.c.obj (.text:frexp)
                  0100f380    0000005c     httpclient_release.a : httpclient.oem4 (.text:readRawResponseBody)
                  0100f3dc    00000004     release_pem4.oem4 (.text:ti_sysbios_family_arm_m3_TaskSupport_Module__startupDone__S)
                  0100f3e0    0000005c     sysbios.aem4 : BIOS.obj (.text:ti_sysbios_family_arm_m3_Timer_start__E)
                  0100f43c    00000004     release_pem4.oem4 (.text:ti_sysbios_heaps_HeapMem_Module_GateProxy_enter__E)
                  0100f440    0000005c     sysbios.aem4 : BIOS.obj (.text:ti_sysbios_knl_Swi_schedule__I)
                  0100f49c    00000004     release_pem4.oem4 (.text:ti_sysbios_heaps_HeapMem_Module_GateProxy_leave__E)
                  0100f4a0    0000005c     sysbios.aem4 : BIOS.obj (.text:ti_sysbios_knl_Task_startCore__E)
                  0100f4fc    00000004     release_pem4.oem4 (.text:ti_sysbios_knl_Clock_TimerProxy_getMaxTicks__E)
                  0100f500    0000005c     sysbios.aem4 : BIOS.obj (.text:xdc_runtime_Startup_exec__E)
                  0100f55c    00000058     driverlib.a : prcm.obj (.text:PRCMPeripheralReset)
                  0100f5b4    00000058     drivers_cc32xx.a : PowerCC32XX.oem4 (.text:Power_releaseDependency)
                  0100f60c    00000058     slnetsock_release.a : slnetsock.oem4 (.text:SlNetSock_recv)
                  0100f664    00000058                         : slnetsock.oem4 (.text:SlNetSock_send)
                  0100f6bc    00000058     simplelink.a : sl_socket.obj (.text:_SlDrvClearCtrlSocket)
                  0100f714    00000058                  : driver.obj (.text:_SlFindAndReleasePendingCmd)
                  0100f76c    00000058                  : sl_socket.obj (.text:sl_Listen)
                  0100f7c4    00000058                  : eventreg.obj (.text:sl_RegisterLibsEventHandler)
                  0100f81c    00000058     ti_net_config.obj (.text:ti_net_SlNet_initConfig)
                  0100f874    00000004     release_pem4.oem4 (.text:ti_sysbios_knl_Clock_TimerProxy_setPeriodMicroSecs__E)
                  0100f878    00000058     sysbios.aem4 : BIOS.obj (.text:ti_sysbios_family_arm_cc32xx_Seconds_getCount__I)
                  0100f8d0    00000056     rtsv7M4_T_le_eabi.lib : _printfi.c.obj (.text:_pconv_f)
                  0100f926    00000002     --HOLE-- [fill = 0]
                  0100f928    00000054     simplelink.a : driver.obj (.text:_SlDrvRxIrqHandler)
                  0100f97c    00000054     rtsv7M4_T_le_eabi.lib : _ltoa.c.obj (.text:__TI_ltoa)
                  0100f9d0    00000054     httpclient_release.a : httpclient.oem4 (.text:resHeaderNameToHash)
                  0100fa24    00000054     release_pem4.oem4 (.text:ti_sysbios_family_arm_m3_Hwi_create)
                  0100fa78    00000052     drivers_cc32xx.a : PowerCC32XX_asm.oem4 (.text:PowerCC32XX_resumeLPDS)
                  0100faca    00000052     rtsv7M4_T_le_eabi.lib : _printfi.c.obj (.text:_ecpy)
                  0100fb1c    00000050     simplelink.a : cc_pal.obj (.text:NwpRegisterInterruptHandler)
                  0100fb6c    00000050     slnetsock_release.a : slnetif.oem4 (.text:SlNetIf_queryIf)
                  0100fbbc    00000050     drivers_cc32xx.a : UARTCC32XXDMA.oem4 (.text:UARTCC32XXDMA_writePolling)
                  0100fc0c    00000050     simplelink.a : sl_socket.obj (.text:_SlDrvCloseCtrlSocket)
                  0100fc5c    00000050                  : driver.obj (.text:_SlDrvCmdSend_noWait)
                  0100fcac    00000050                  : driver.obj (.text:_SlDrvUpdateApiInProgress)
                  0100fcfc    00000050                  : spawn.obj (.text:_SlInternalSpawnTaskEntry)
                  0100fd4c    00000050                  : eventreg.obj (.text:_SlNetAppHttpServerHdlr)
                  0100fd9c    00000050                  : eventreg.obj (.text:_SlNetAppRequestHdlr)
                  0100fdec    00000004     release_pem4.oem4 (.text:ti_sysbios_knl_Clock_TimerProxy_start__E)
                  0100fdf0    00000050     sysbios.aem4 : BIOS.obj (.text:mq_send)
                  0100fe40    00000050     httpclient_release.a : httpclient.oem4 (.text:removeRequestHeader)
                  0100fe90    00000050     sysbios.aem4 : BIOS.obj (.text:ti_sysbios_family_arm_m3_Hwi_Module_startup__E)
                  0100fee0    00000050                  : BIOS.obj (.text:ti_sysbios_family_arm_m3_Timer_setPeriod__E)
                  0100ff30    00000050     release_pem4.oem4 (.text:ti_sysbios_knl_Task_create)
                  0100ff80    0000004e     drivers_cc32xx.a : UARTCC32XXDMA.oem4 (.text:writeCancel)
                  0100ffce    00000002     --HOLE-- [fill = 0]
                  0100ffd0    0000004c     simplelink.a : cc_pal.obj (.text:NwpWaitForShutDownInd)
                  0101001c    0000004c     drivers_cc32xx.a : PowerCC32XX.oem4 (.text:PowerCC32XX_parkPin)
                  01010068    0000004c     slnetifwifi.a : slnetifwifi.obj (.text:SlNetIfWifi_getConnectionStatus)
                  010100b4    0000004c                   : slnetifwifi.obj (.text:SlNetIfWifi_getIPAddr)
                  01010100    0000004c     slnetsock_release.a : slnetsock.oem4 (.text:SlNetSock_freeVirtualSocket)
                  0101014c    0000004c                         : slnetsock.oem4 (.text:SlNetSock_startSec)
                  01010198    0000004c     slnetifwifi.a : slwificonn.obj (.text:SlWifiConn_disable)
                  010101e4    0000004c     rtsv7M4_T_le_eabi.lib : atoi.c.obj (.text:atoi)
                  01010230    0000004c                           : cpy_tbl.c.obj (.text:copy_in)
                  0101027c    0000004c     platform.obj (.text:printError)
                  010102c8    0000004c     drivers_cc32xx.a : PowerCC32XX.oem4 (.text:restorePeriphClocks)
                  01010314    0000004c     simplelink.a : wlan.obj (.text:sl_WlanSetMode)
                  01010360    0000004c     sysbios.aem4 : m3_TaskSupport_asm.obj (.text:ti_sysbios_family_arm_m3_TaskSupport_buildTaskStack)
                  010103ac    00000004     release_pem4.oem4 (.text:ti_sysbios_knl_Clock_TimerProxy_stop__E)
                  010103b0    0000004c     sysbios.aem4 : BIOS.obj (.text:ti_sysbios_heaps_HeapMem_getStats__E)
                  010103fc    00000004     release_pem4.oem4 (.text:ti_sysbios_knl_Clock_delete)
                  01010400    0000004c     sysbios.aem4 : BIOS.obj (.text:ti_sysbios_knl_Swi_runLoop__I)
                  0101044c    00000004     release_pem4.oem4 (.text:ti_sysbios_knl_Semaphore_delete)
                  01010450    0000004c     sysbios.aem4 : BIOS.obj (.text:ti_sysbios_knl_Task_allBlockedFunction__I)
                  0101049c    00000004     release_pem4.oem4 (.text:ti_sysbios_knl_Task_delete)
                  010104a0    0000004c     sysbios.aem4 : BIOS.obj (.text:ti_sysbios_knl_Task_schedule__I)
                  010104ec    0000004a     display_cc32xx.a : DisplayUart.oem4 (.text:DisplayUartMin_open)
                  01010536    0000004a     httpclient_release.a : httpclient.oem4 (.text:clearResponseValues)
                  01010580    0000004a     drivers_cc32xx.a : UARTCC32XXDMA.oem4 (.text:readCancel)
                  010105ca    00000002     --HOLE-- [fill = 0]
                  010105cc    00000048     driverlib.a : flash.obj (.text:FlashDisable)
                  01010614    00000048     drivers_cc32xx.a : GPIOCC32XX.oem4 (.text:GPIO_disableInt)
                  0101065c    00000048                      : GPIOCC32XX.oem4 (.text:GPIO_enableInt)
                  010106a4    00000048     driverlib.a : prcm.obj (.text:PRCMLPDSEnter)
                  010106ec    00000048                 : prcm.obj (.text:PRCMPeripheralClkEnable)
                  01010734    00000048     drivers_cc32xx.a : PowerCC32XX.oem4 (.text:Power_releaseConstraint)
                  0101077c    00000048     slnetsock_release.a : slnetsock.oem4 (.text:SlNetSock_connect)
                  010107c4    00000048                         : slnetsock.oem4 (.text:SlNetSock_init)
                  0101080c    00000048     simplelink.a : eventreg.obj (.text:_SlDeviceFatalErrorEvtHdlr)
                  01010854    00000048                  : eventreg.obj (.text:_SlDeviceGeneralEvtHdlr)
                  0101089c    00000048                  : driver.obj (.text:_SlDrvSyncObjWaitTimeout)
                  010108e4    00000048                  : eventreg.obj (.text:_SlNetAppEvtHdlr)
                  0101092c    00000048                  : eventreg.obj (.text:_SlNetAppRequestMemFree)
                  01010974    00000048                  : eventreg.obj (.text:_SlSockEvtHdlr)
                  010109bc    00000048                  : eventreg.obj (.text:_SlWlanEvtHdlr)
                  01010a04    00000004     release_pem4.oem4 (.text:xdc_runtime_System_Module_GateProxy_enter__E)
                  01010a08    00000048     sysbios.aem4 : BIOS.obj (.text:pthread_mutex_init)
                  01010a50    00000048     rtsv7M4_T_le_eabi.lib : fd_toi_t2.asm.obj (.text)
                  01010a98    00000048     sysbios.aem4 : BIOS.obj (.text:ti_sysbios_family_arm_m3_Hwi_disableInterrupt__E)
                  01010ae0    00000048                  : BIOS.obj (.text:ti_sysbios_family_arm_m3_Hwi_enableInterrupt__E)
                  01010b28    00000048                  : m3_Hwi_asm_switch.obj (.text:ti_sysbios_family_arm_m3_Hwi_initStacks__E)
                  01010b70    00000048                  : BIOS.obj (.text:ti_sysbios_family_arm_m3_Timer_initDevice__I)
                  01010bb8    00000048                  : BIOS.obj (.text:ti_sysbios_knl_Mailbox_Module_startup__E)
                  01010c00    00000048                  : BIOS.obj (.text:xdc_runtime_Core_assignParams__I)
                  01010c48    00000046     display_cc32xx.a : DisplayUart.oem4 (.text:DisplayUartMin_vprintf)
                  01010c8e    00000002     --HOLE-- [fill = 0]
                  01010c90    00000044     httpclient_release.a : httpclient.oem4 (.text:HTTPClient_create)
                  01010cd4    00000044     driverlib.a : prcm.obj (.text:PRCMLPDSRestoreInfoSet)
                  01010d18    00000044     drivers_cc32xx.a : PowerCC32XX_asm.oem4 (.text:PowerCC32XX_enterLPDS)
                  01010d5c    00000044                      : SPI.oem4 (.text:SPI_init)
                  01010da0    00000044     slnetsock_release.a : slnetutils.oem4 (.text:SlNetUtil_strTok)
                  01010de4    00000044     drivers_cc32xx.a : UART.oem4 (.text:UART_init)
                  01010e28    00000044     boot.aem4 : boot.oem4 (.text)
                  01010e6c    00000044     rtsv7M4_T_le_eabi.lib : fd_tou_t2.asm.obj (.text)
                  01010eb0    00000044     sysbios.aem4 : BIOS.obj (.text:ti_sysbios_family_arm_m3_Hwi_getStackInfo__E)
                  01010ef4    00000004     release_pem4.oem4 (.text:xdc_runtime_System_Module_GateProxy_leave__E)
                  01010ef8    00000044     sysbios.aem4 : BIOS.obj (.text:ti_sysbios_knl_Mailbox_postInit__I)
                  01010f3c    00000004     --HOLE-- [fill = 0]
                  01010f40    00000044                  : BIOS.obj (.text:ti_sysbios_knl_Swi_post__E)
                  01010f84    00000004     --HOLE-- [fill = 0]
                  01010f88    00000044                  : BIOS.obj (.text:xdc_runtime_System_atexit__E)
                  01010fcc    00000042     httpclient_release.a : httpclient.oem4 (.text:initializeCB)
                  0101100e    00000002     --HOLE-- [fill = 0]
                  01011010    00000040     dpl_cc32xx.a : ClockP_tirtos.oem4 (.text:ClockP_create)
                  01011050    00000040     simplelink.a : sl_socket.obj (.text:CountSetBits)
                  01011090    00000040     dpl_cc32xx.a : HwiP_tirtos.oem4 (.text:HwiP_create)
                  010110d0    00000040     driverlib.a : pin.obj (.text:PinModeSet)
                  01011110    00000040     drivers_cc32xx.a : SPI.oem4 (.text:SPI_open)
                  01011150    00000040     slnetsock_release.a : slnetif.oem4 (.text:SlNetIf_configCheck)
                  01011190    00000040     drivers_cc32xx.a : UART.oem4 (.text:UART_open)
                  010111d0    00000040                      : UDMACC32XX.oem4 (.text:UDMACC32XX_init)
                  01011210    00000040     simplelink.a : driver.obj (.text:_SlDrvGlobalObjUnLock)
                  01011250    00000040                  : spawn.obj (.text:_SlInternalSpawnWaitForEvent)
                  01011290    00000040                  : eventreg.obj (.text:_SlIsEventRegistered)
                  010112d0    00000040     httpclient_release.a : httpclient.oem4 (.text:clearReqHeaders)
                  01011310    00000040     rtsv7M4_T_le_eabi.lib : u_divt2.asm.obj (.text)
                  01011350    00000040                           : sprintf.c.obj (.text:sprintf)
                  01011390    00000040     sysbios.aem4 : BIOS.obj (.text:ti_sysbios_heaps_HeapMem_Instance_init__E)
                  010113d0    00000040                  : BIOS.obj (.text:ti_sysbios_knl_Clock_Instance_init__E)
                  01011410    00000040     rtsv7M4_T_le_eabi.lib : vsnprintf.c.obj (.text:vsnprintf)
                  01011450    0000003e     slnetsock_release.a : slnetsock.oem4 (.text:SlNetSock_close)
                  0101148e    0000003e     simplelink.a : sl_socket.obj (.text:_SlSocketBuildAddress)
                  010114cc    0000003e     rtsv7M4_T_le_eabi.lib : _printfi.c.obj (.text:_fcpy)
                  0101150a    00000006     display_cc32xx.a : DisplayUart.oem4 (.text:DisplayUartMin_getType)
                  01011510    0000003e     sysbios.aem4 : BIOS.obj (.text:sem_timedwait)
                  0101154e    00000002     --HOLE-- [fill = 0]
                  01011550    0000003c     drivers_cc32xx.a : PowerCC32XX.oem4 (.text:Power_setConstraint)
                  0101158c    0000003c     dpl_cc32xx.a : SemaphoreP_tirtos.oem4 (.text:SemaphoreP_create)
                  010115c8    0000003c     simplelink.a : netapp.obj (.text:_SlNetAppCopyPingResultsToReport)
                  01011604    00000004     --HOLE-- [fill = 0]
                  01011608    0000003c     sysbios.aem4 : BIOS.obj (.text:pthread_mutex_unlock)
                  01011644    00000004     --HOLE-- [fill = 0]
                  01011648    0000003c                  : BIOS.obj (.text:ti_sysbios_family_arm_m3_Hwi_Instance_finalize__E)
                  01011684    00000004     --HOLE-- [fill = 0]
                  01011688    0000003c                  : BIOS.obj (.text:ti_sysbios_family_arm_m3_Timer_setPeriodMicroSecs__E)
                  010116c4    0000003c     release_pem4.oem4 (.text:ti_sysbios_knl_Clock_create)
                  01011700    0000003c     sysbios.aem4 : BIOS.obj (.text:ti_sysbios_knl_Clock_walkQueuePeriodic__E)
                  0101173c    00000004     --HOLE-- [fill = 0]
                  01011740    0000003c                  : BIOS.obj (.text:ti_sysbios_knl_Swi_restore__E)
                  0101177c    0000003c     simplelink.a : sl_socket.obj (.text:to_mSec)
                  010117b8    0000003c     sysbios.aem4 : BIOS.obj (.text:usleep)
                  010117f4    00000004     --HOLE-- [fill = 0]
                  010117f8    0000003c                  : BIOS.obj (.text:xdc_runtime_System_processAtExit__E)
                  01011834    0000003a     dpl_cc32xx.a : PowerCC32XX_tirtos.oem4 (.text:getCountsRTC)
                  0101186e    0000003a     httpclient_release.a : httpclient.oem4 (.text:stringncasecmp)
                  010118a8    00000038     driverlib.a : prcm.obj (.text:PRCMLPDSEnterKeepDebugIf)
                  010118e0    00000038     slnetifwifi.a : slnetifwifi.obj (.text:SlNetIfWifi_recvFrom)
                  01011918    00000038                   : slnetifwifi.obj (.text:SlNetIfWifi_sendTo)
                  01011950    00000038                   : slnetifwifi.obj (.text:SlNetIfWifi_socket)
                  01011988    00000038     slnetsock_release.a : slnetutils.oem4 (.text:SlNetUtil_htonl)
                  010119c0    00000038     drivers_cc32xx.a : PowerCC32XX.oem4 (.text:notify)
                  010119f8    00000038     rtsv7M4_T_le_eabi.lib : fs_tod_t2.asm.obj (.text)
                  01011a30    00000038     drivers_cc32xx.a : UARTCC32XXDMA.oem4 (.text:startTxFifoEmptyClk)
                  01011a68    00000038     httpclient_release.a : httpclient.oem4 (.text:stringcasecmp)
                  01011aa0    00000038     sysbios.aem4 : BIOS.obj (.text:ti_sysbios_knl_Task_processVitalTaskFlag__I)
                  01011ad8    00000036     slnetifwifi.a : slnetifwifi.obj (.text:SlNetIfWifi_getHostByName)
                  01011b0e    00000036                   : slnetifwifi.obj (.text:SlNetIfWifi_select)
                  01011b44    00000036     rtsv7M4_T_le_eabi.lib : strncpy.c.obj (.text:strncpy)
                  01011b7a    00000034     httpclient_release.a : httpclient.oem4 (.text:HTTPClient_destroy)
                  01011bae    00000002     --HOLE-- [fill = 0]
                  01011bb0    00000034     driverlib.a : pin.obj (.text:PinModeGet)
                  01011be4    00000034     drivers_cc32xx.a : PowerCC32XX.oem4 (.text:PowerCC32XX_restoreParkState)
                  01011c18    00000034     slnetifwifi.a : slnetifwifi.obj (.text:SlNetIfWifi_CreateContext)
                  01011c4c    00000034     slnetsock_release.a : slnetif.oem4 (.text:SlNetIf_init)
                  01011c80    00000034                         : slnetutils.oem4 (.text:SlNetUtil_htons)
                  01011cb4    00000034     drivers_cc32xx.a : UDMACC32XX.oem4 (.text:UDMACC32XX_close)
                  01011ce8    00000034     rtsv7M4_T_le_eabi.lib : strstr.c.obj (.text:strstr)
                  01011d1c    00000004     --HOLE-- [fill = 0]
                  01011d20    00000034     sysbios.aem4 : BIOS.obj (.text:ti_sysbios_family_arm_m3_Timer_periodicStub__I)
                  01011d54    00000034     release_pem4.oem4 (.text:ti_sysbios_knl_Semaphore_create)
                  01011d88    00000034     drivers_cc32xx.a : UARTCC32XXDMA.oem4 (.text:writeFinishedDoCallback)
                  01011dbc    00000004     --HOLE-- [fill = 0]
                  01011dc0    00000032     sysbios.aem4 : BIOS.obj (.text:ti_sysbios_hal_Hwi_initStack)
                  01011df2    00000006     slnetifwifi.a : slwificonn.obj (.text:DummyPrintf)
                  01011df8    00000032     sysbios.aem4 : BIOS.obj (.text:xdc_runtime_System_putchar__I)
                  01011e2a    00000030     drivers_cc32xx.a : PowerCC32XX.oem4 (.text:PowerCC32XX_restoreParkedPin)
                  01011e5a    00000030     simplelink.a : fs.obj (.text:_SlFsStrlen)
                  01011e8a    00000030     rtsv7M4_T_le_eabi.lib : vsnprintf.c.obj (.text:_outs)
                  01011eba    00000006     drivers_cc32xx.a : SPICC32XXDMA.oem4 (.text:SPICC32XXDMA_control)
                  01011ec0    00000030     sysbios.aem4 : BIOS.obj (.text:getTime$21)
                  01011ef0    00000030     release_pem4.oem4 (.text:ti_sysbios_BIOS_atExitFunc__I)
                  01011f20    00000030     release_pem4.oem4 (.text:ti_sysbios_BIOS_startFunc__I)
                  01011f50    00000030     sysbios.aem4 : BIOS.obj (.text:ti_sysbios_family_arm_m3_TaskSupport_start__E)
                  01011f80    00000030     release_pem4.oem4 (.text:ti_sysbios_gates_GateHwi_Object__create__S)
                  01011fb0    00000030     release_pem4.oem4 (.text:ti_sysbios_gates_GateMutex_Object__create__S)
                  01011fe0    00000030     sysbios.aem4 : BIOS.obj (.text:ti_sysbios_gates_GateMutex_enter__E)
                  01012010    00000030     release_pem4.oem4 (.text:ti_sysbios_heaps_HeapMem_Object__create__S)
                  01012040    00000030     release_pem4.oem4 (.text:ti_sysbios_knl_Semaphore_construct)
                  01012070    00000030     sysbios.aem4 : BIOS.obj (.text:ti_sysbios_knl_Semaphore_pendTimeout__I)
                  010120a0    00000030                  : BIOS.obj (.text:ti_sysbios_knl_Task_restore__E)
                  010120d0    00000030                  : BIOS.obj (.text:ti_sysbios_knl_Task_unblockI__E)
                  01012100    00000030     release_pem4.oem4 (.text:ti_sysbios_rts_MemAlloc_alloc)
                  01012130    0000002e     simplelink.a : cc_pal.obj (.text:Mutex_create_handle)
                  0101215e    0000002e     rtsv7M4_T_le_eabi.lib : i_tofd_t2.asm.obj (.text)
                  0101218c    0000002c     simplelink.a : cc_pal.obj (.text:NwpPowerOn)
                  010121b8    0000002c     drivers_cc32xx.a : PowerCC32XX.oem4 (.text:PowerCC32XX_getParkState)
                  010121e4    0000002c     dpl_cc32xx.a : SemaphoreP_tirtos.oem4 (.text:SemaphoreP_createBinary)
                  01012210    0000002c     slnetifwifi.a : slnetifwifi.obj (.text:SlNetIfWifi_recv)
                  0101223c    0000002c                   : slnetifwifi.obj (.text:SlNetIfWifi_send)
                  01012268    0000002c     simplelink.a : driver.obj (.text:_SlDrvSyncObjWaitForever)
                  01012294    00000004     --HOLE-- [fill = 0]
                  01012298    0000002c     sysbios.aem4 : BIOS.obj (.text:_pthread_cleanupFxn)
                  010122c4    00000004     --HOLE-- [fill = 0]
                  010122c8    0000002c                  : BIOS.obj (.text:_pthread_delete$43)
                  010122f4    00000004     --HOLE-- [fill = 0]
                  010122f8    0000002c                  : BIOS.obj (.text:clockFxn$41)
                  01012324    0000002c     rtsv7M4_T_le_eabi.lib : strncmp.c.obj (.text:strncmp)
                  01012350    0000002c     sysbios.aem4 : BIOS.obj (.text:ti_sysbios_family_arm_m3_TimestampProvider_Module_startup__E)
                  0101237c    0000002c     release_pem4.oem4 (.text:ti_sysbios_gates_GateHwi_Handle__label__S)
                  010123a8    0000002c     release_pem4.oem4 (.text:ti_sysbios_gates_GateMutex_Handle__label__S)
                  010123d4    0000002c     release_pem4.oem4 (.text:ti_sysbios_heaps_HeapMem_Handle__label__S)
                  01012400    0000002c     release_pem4.oem4 (.text:ti_sysbios_knl_Clock_doTick__I)
                  0101242c    0000002c     release_pem4.oem4 (.text:ti_sysbios_knl_Queue_construct)
                  01012458    0000002a     display_cc32xx.a : Display.oem4 (.text:Display_doPrintf)
                  01012482    0000002a     slnetsock_release.a : slnetutils.oem4 (.text:SlNetUtil_inetPton)
                  010124ac    0000002a     drivers_cc32xx.a : UARTCC32XXDMA.oem4 (.text:UARTCC32XXDMA_readCancel)
                  010124d6    0000002a                      : UARTCC32XXDMA.oem4 (.text:UARTCC32XXDMA_writeCancel)
                  01012500    0000002a     release_pem4.oem4 (.text:calloc)
                  0101252a    0000002a     httpclient_release.a : httpclient.oem4 (.text:searchCustomResponseHeaderNode)
                  01012554    00000004     --HOLE-- [fill = 0]
                  01012558    0000002a     sysbios.aem4 : BIOS.obj (.text:sem_init)
                  01012582    00000002     --HOLE-- [fill = 0]
                  01012584    00000028     display_cc32xx.a : Display.oem4 (.text:Display_doInit)
                  010125ac    00000028     driverlib.a : prcm.obj (.text:PRCMPeripheralClkDisable)
                  010125d4    00000028     dpl_cc32xx.a : PowerCC32XX_tirtos.oem4 (.text:PowerCC32XX_initPolicy)
                  010125fc    00000028     drivers_cc32xx.a : PowerCC32XX.oem4 (.text:Power_registerNotify)
                  01012624    00000028     slnetsock_release.a : slnetif.oem4 (.text:SlNetIf_callback)
                  0101264c    00000028                         : slnetif.oem4 (.text:SlNetIf_getIfByID)
                  01012674    00000028                         : slnetsock.oem4 (.text:SlNetSock_secAttribDelete)
                  0101269c    00000028     slnetifwifi.a : slwificonn.obj (.text:SlWifiConn_registerNetIFCallback)
                  010126c4    00000028     simplelink.a : driver.obj (.text:_SlDrvProtectionObjLockWaitForever)
                  010126ec    00000028                  : driver.obj (.text:_SlDrvProtectionObjUnLock)
                  01012714    00000028                  : flowcont.obj (.text:_SlFlowContSet)
                  0101273c    00000028     httpclient_release.a : httpclient.oem4 (.text:clearResHeaders)
                  01012764    00000028     sysbios.aem4 : m3_Hwi_asm.obj (.text:ti_sysbios_family_arm_m3_Hwi_excHandlerAsm__I)
                  0101278c    00000004     --HOLE-- [fill = 0]
                  01012790    00000028                  : BIOS.obj (.text:ti_sysbios_knl_Clock_addI__E)
                  010127b8    00000028                  : BIOS.obj (.text:ti_sysbios_knl_Swi_Module_startup__E)
                  010127e0    00000026     drivers_cc32xx.a : List.oem4 (.text:List_put)
                  01012806    00000026                      : List.oem4 (.text:List_remove)
                  0101282c    00000024                      : PowerCC32XX.oem4 (.text:PowerCC32XX_reset)
                  01012850    00000024     slnetsock_release.a : slnetif.oem4 (.text:SlNetIf_getConnectionStatus)
                  01012874    00000024                         : slnetsock.oem4 (.text:SlNetSock_getIfID)
                  01012898    00000024     simplelink.a : driver.obj (.text:_SlDrvIsApiInProgress)
                  010128bc    00000024                  : driver.obj (.text:_SlDrvStartMeasureTimeout)
                  010128e0    00000024     sysbios.aem4 : BIOS.obj (.text:pthread_attr_init)
                  01012904    00000024     release_pem4.oem4 (.text:ti_sysbios_BIOS_registerRTSLock__I)
                  01012928    00000024     release_pem4.oem4 (.text:ti_sysbios_BIOS_removeRTSLock__I)
                  0101294c    00000004     --HOLE-- [fill = 0]
                  01012950    00000024     sysbios.aem4 : BIOS.obj (.text:ti_sysbios_family_arm_m3_Timer_postInit__I)
                  01012974    00000004     --HOLE-- [fill = 0]
                  01012978    00000024                  : BIOS.obj (.text:ti_sysbios_family_arm_m3_Timer_startup__E)
                  0101299c    00000024     release_pem4.oem4 (.text:ti_sysbios_gates_GateMutex_Object__delete__S)
                  010129c0    00000024     sysbios.aem4 : BIOS.obj (.text:ti_sysbios_knl_Clock_Module_startup__E)
                  010129e4    00000024     release_pem4.oem4 (.text:ti_sysbios_knl_Clock_Object__delete__S)
                  01012a08    00000024     sysbios.aem4 : BIOS.obj (.text:ti_sysbios_knl_Clock_start__E)
                  01012a2c    00000004     --HOLE-- [fill = 0]
                  01012a30    00000024                  : BIOS.obj (.text:ti_sysbios_knl_Semaphore_Instance_init__E)
                  01012a54    00000024     release_pem4.oem4 (.text:ti_sysbios_knl_Semaphore_Object__delete__S)
                  01012a78    00000024     sysbios.aem4 : BIOS.obj (.text:ti_sysbios_knl_Task_restoreHwi__E)
                  01012a9c    00000004     --HOLE-- [fill = 0]
                  01012aa0    00000024                  : BIOS.obj (.text:xdc_runtime_Error_policyMin__E)
                  01012ac4    00000020     drivers_cc32xx.a : PowerCC32XX.oem4 (.text:Power_unregisterNotify)
                  01012ae4    00000020     slnetifwifi.a : slnetifwifi.obj (.text:SlNetIfWifi_accept)
                  01012b04    00000020     drivers_cc32xx.a : SPICC32XXDMA.oem4 (.text:getPowerMgrId)
                  01012b24    00000020                      : UARTCC32XXDMA.oem4 (.text:getPowerMgrId)
                  01012b44    00000020     rtsv7M4_T_le_eabi.lib : u_tofd_t2.asm.obj (.text)
                  01012b64    00000020     release_pem4.oem4 (.text:ti_sysbios_BIOS_rtsLock__I)
                  01012b84    00000020     release_pem4.oem4 (.text:ti_sysbios_family_arm_m3_Hwi_Object__delete__S)
                  01012ba4    00000004     --HOLE-- [fill = 0]
                  01012ba8    00000020     sysbios.aem4 : BIOS.obj (.text:ti_sysbios_family_arm_m3_Hwi_clearInterrupt__E)
                  01012bc8    00000020     release_pem4.oem4 (.text:ti_sysbios_gates_GateHwi_Object__delete__S)
                  01012be8    00000020     release_pem4.oem4 (.text:ti_sysbios_heaps_HeapMem_Object__delete__S)
                  01012c08    00000020     sysbios.aem4 : BIOS.obj (.text:ti_sysbios_knl_Idle_run__E)
                  01012c28    00000020     release_pem4.oem4 (.text:ti_sysbios_knl_Semaphore_destruct)
                  01012c48    00000020     release_pem4.oem4 (.text:ti_sysbios_knl_Task_Object__delete__S)
                  01012c68    0000001e     slnetifwifi.a : slnetifwifi.obj (.text:SlNetIfWifi_bind)
                  01012c86    0000001e                   : slnetifwifi.obj (.text:SlNetIfWifi_connect)
                  01012ca4    0000001e     simplelink.a : driver.obj (.text:_SlDrvObjLockWaitForever)
                  01012cc2    0000001e                  : driver.obj (.text:_SlDrvObjUnLock)
                  01012ce0    0000001e                  : driver.obj (.text:_SlDrvSyncObjSignal)
                  01012cfe    0000001e     drivers_cc32xx.a : UDMACC32XX.oem4 (.text:postNotifyFxn)
                  01012d1c    0000001e     httpclient_release.a : httpclient.oem4 (.text:searchRequestHeader)
                  01012d3a    0000001e     sysbios.aem4 : m3_Hwi_asm_switch.obj (.text:ti_sysbios_family_xxx_Hwi_switchAndRunFunc)
                  01012d58    0000001c     driverlib.a : pin.obj (.text:PinToPadGet)
                  01012d74    0000001c     simplelink.a : device.obj (.text:_SlDeviceGetStartResponseConvert)
                  01012d90    0000001c                  : spawn.obj (.text:_SlInternalIsItSpawnThread)
                  01012dac    0000001c     rtsv7M4_T_le_eabi.lib : memccpy.c.obj (.text:memccpy)
                  01012dc8    0000001c     sysbios.aem4 : BIOS.obj (.text:ti_sysbios_family_arm_m3_Hwi_excHandler__I)
                  01012de4    00000004     --HOLE-- [fill = 0]
                  01012de8    0000001c                  : BIOS.obj (.text:ti_sysbios_family_arm_m3_Timer_Module_startup__E)
                  01012e04    00000004     --HOLE-- [fill = 0]
                  01012e08    0000001c                  : BIOS.obj (.text:ti_sysbios_family_arm_m3_Timer_stop__E)
                  01012e24    00000004     --HOLE-- [fill = 0]
                  01012e28    0000001c                  : BIOS.obj (.text:ti_sysbios_gates_GateMutex_Instance_init__E)
                  01012e44    00000004     --HOLE-- [fill = 0]
                  01012e48    0000001c                  : BIOS.obj (.text:ti_sysbios_knl_Clock_Instance_finalize__E)
                  01012e64    0000001c     release_pem4.oem4 (.text:ti_sysbios_knl_Queue_destruct)
                  01012e80    0000001c     sysbios.aem4 : BIOS.obj (.text:ti_sysbios_knl_Queue_put__E)
                  01012e9c    00000004     --HOLE-- [fill = 0]
                  01012ea0    0000001c                  : BIOS.obj (.text:ti_sysbios_knl_Task_enter__I)
                  01012ebc    00000004     --HOLE-- [fill = 0]
                  01012ec0    0000001c                  : BIOS.obj (.text:ti_sysbios_rts_ti_ReentSupport_getReent__F)
                  01012edc    0000001c     httpclient_release.a : httpclient.oem4 (.text:validateResponseHeader)
                  01012ef8    0000001a     slnetifwifi.a : slnetifwifi.obj (.text:SlNetIfWifi_listen)
                  01012f12    0000001a     release_pem4.oem4 (.text:free)
                  01012f2c    0000001a     sysbios.aem4 : m3_Hwi_asm.obj (.text:ti_sysbios_family_arm_m3_Hwi_pendSV__I)
                  01012f46    00000002     --HOLE-- [fill = 0]
                  01012f48    00000018     drivers_cc32xx.a : PowerCC32XX.oem4 (.text:Power_getTransitionLatency)
                  01012f60    00000018                      : PowerCC32XX.oem4 (.text:Power_idleFunc)
                  01012f78    00000018     driverlib.a : uart.obj (.text:UARTBusy)
                  01012f90    00000018     drivers_cc32xx.a : UART.oem4 (.text:UART_Params_init)
                  01012fa8    00000018     rtsv7M4_T_le_eabi.lib : args_main.c.obj (.text:_args_main)
                  01012fc0    00000018                           : vsnprintf.c.obj (.text:_outc)
                  01012fd8    00000018                           : sprintf.c.obj (.text:_outs)
                  01012ff0    00000018     httpclient_release.a : httpclient.oem4 (.text:countChar)
                  01013008    00000018     rtsv7M4_T_le_eabi.lib : ll_mul_t2.asm.obj (.text)
                  01013020    00000018                           : strcmp.c.obj (.text:strcmp)
                  01013038    00000018     release_pem4.oem4 (.text:ti_sysbios_BIOS_rtsUnlock__I)
                  01013050    00000018     release_pem4.oem4 (.text:ti_sysbios_family_arm_m3_Hwi_Module__startupDone__F)
                  01013068    00000018     release_pem4.oem4 (.text:ti_sysbios_family_arm_m3_Timer_Module__startupDone__F)
                  01013080    00000018     sysbios.aem4 : BIOS.obj (.text:ti_sysbios_gates_GateMutex_leave__E)
                  01013098    00000018                  : BIOS.obj (.text:ti_sysbios_knl_Task_sleepTimeout__I)
                  010130b0    00000018     release_pem4.oem4 (.text:ti_sysbios_rts_ti_ReentSupport_getTlsAddr__I)
                  010130c8    00000018     sysbios.aem4 : BIOS.obj (.text:xdc_runtime_Error_init__E)
                  010130e0    00000018                  : BIOS.obj (.text:xdc_runtime_System_exit__E)
                  010130f8    00000016     display_cc32xx.a : DisplayUart.oem4 (.text:DisplayUartMin_close)
                  0101310e    00000016     driverlib.a : prcm.obj (.text:PRCMHIBRegRead)
                  01013124    00000016                 : prcm.obj (.text:PRCMHIBRegWrite)
                  0101313a    00000016     simplelink.a : driver.obj (.text:_SlDrvMemZero)
                  01013150    00000016     httpclient_release.a : httpclient.oem4 (.text:clearNonPersistResponseFilter)
                  01013166    00000002     --HOLE-- [fill = 0]
                  01013168    00000016     sysbios.aem4 : BIOS.obj (.text:pthread_mutex_destroy)
                  0101317e    00000016     rtsv7M4_T_le_eabi.lib : strchr.c.obj (.text:strchr)
                  01013194    00000016     release_pem4.oem4 (.text:ti_sysbios_BIOS_exitFunc__I)
                  010131aa    00000014     ti_drivers_config.obj (.text:Board_init)
                  010131be    00000002     --HOLE-- [fill = 0]
                  010131c0    00000014     drivers_cc32xx.a : PowerCC32XX.oem4 (.text:Power_getDependencyCount)
                  010131d4    00000014                      : SPI.oem4 (.text:SPI_Params_init)
                  010131e8    00000014     sysbios.aem4 : BIOS.obj (.text:pthread_attr_setschedparam)
                  010131fc    00000014     rtsv7M4_T_le_eabi.lib : strcpy.c.obj (.text:strcpy)
                  01013210    00000014                           : strlen.c.obj (.text:strlen)
                  01013224    00000014     release_pem4.oem4 (.text:ti_sysbios_family_arm_m3_Hwi_Object__get__S)
                  01013238    00000014     sysbios.aem4 : BIOS.obj (.text:ti_sysbios_family_arm_m3_Hwi_switchFromBootStack__E)
                  0101324c    00000014     release_pem4.oem4 (.text:ti_sysbios_heaps_HeapMem_Object__get__S)
                  01013260    00000014     sysbios.aem4 : BIOS.obj (.text:ti_sysbios_knl_Clock_tickReconfig__E)
                  01013274    00000014     release_pem4.oem4 (.text:ti_sysbios_knl_Swi_Object__get__S)
                  01013288    00000012     dpl_cc32xx.a : SemaphoreP_tirtos.oem4 (.text:SemaphoreP_pend)
                  0101329a    00000012     slnetifwifi.a : slnetifwifi.obj (.text:SlNetIfWifi_close)
                  010132ac    00000004     --HOLE-- [fill = 0]
                  010132b0    00000012     sysbios.aem4 : BIOS.obj (.text:_pthread_runStub$43)
                  010132c2    00000006     driverlib.a : utils.obj (.text:UtilsDelay)
                  010132c8    00000012     sysbios.aem4 : BIOS.obj (.text:ti_sysbios_hal_Hwi_Module_startup__E)
                  010132da    00000012     rtsv7M4_T_le_eabi.lib : wcslen.c.obj (.text:wcslen)
                  010132ec    00000012     release_pem4.oem4 (.text:xdc_runtime_Startup_exec__I)
                  010132fe    00000010     dpl_cc32xx.a : HwiP_tirtos.oem4 (.text:HwiP_Params_init)
                  0101330e    00000010     slnetifwifi.a : slnetifwifi.obj (.text:SlNetIfWifi_DeleteContext)
                  0101331e    00000010     slnetsock_release.a : slnetsock.oem4 (.text:SlNetSock_secAttribCreate)
                  0101332e    00000010     simplelink.a : driver.obj (.text:_SlDrvDispatchHttpServerEvents)
                  0101333e    00000010                  : driver.obj (.text:_SlDrvDispatchNetAppRequestEvents)
                  0101334e    00000010                  : driver.obj (.text:_SlDrvIsSpawnOwnGlobalLock)
                  0101335e    00000010     ti_drivers_config.obj (.text:dmaErrorFxn)
                  0101336e    00000002     --HOLE-- [fill = 0]
                  01013370    00000010     sysbios.aem4 : BIOS.obj (.text:pthread_mutexattr_init)
                  01013380    00000010                  : BIOS.obj (.text:pthread_mutexattr_settype)
                  01013390    00000010     httpclient_release.a : httpclient.oem4 (.text:skipWhiteSpace)
                  010133a0    00000010     slnetifwifi.a : slnetifwifi.obj (.text:slNetIfWifi_connDisable)
                  010133b0    00000010     sysbios.aem4 : BIOS.obj (.text:ti_sysbios_BIOS_getCpuFreq__E)
                  010133c0    00000010                  : BIOS.obj (.text:ti_sysbios_BIOS_setThreadType__E)
                  010133d0    00000010                  : BIOS.obj (.text:ti_sysbios_BIOS_start__E)
                  010133e0    00000010                  : m3_TaskSupport_asm.obj (.text:ti_sysbios_family_arm_m3_TaskSupport_glue)
                  010133f0    00000010                  : m3_TaskSupport_asm.obj (.text:ti_sysbios_family_arm_m3_TaskSupport_swap__E)
                  01013400    00000010                  : BIOS.obj (.text:ti_sysbios_gates_GateMutex_Instance_finalize__E)
                  01013410    00000010     release_pem4.oem4 (.text:ti_sysbios_knl_Mailbox_Object__get__S)
                  01013420    00000010     sysbios.aem4 : BIOS.obj (.text:ti_sysbios_knl_Semaphore_Instance_finalize__E)
                  01013430    00000010                  : BIOS.obj (.text:ti_sysbios_knl_Swi_disable__E)
                  01013440    00000010     release_pem4.oem4 (.text:ti_sysbios_knl_Task_Object__get__S)
                  01013450    00000010     sysbios.aem4 : BIOS.obj (.text:ti_sysbios_knl_Task_disable__E)
                  01013460    00000010                  : BIOS.obj (.text:xdc_runtime_Memory_free__E)
                  01013470    00000010                  : BIOS.obj (.text:xdc_runtime_SysCallback_abort__E)
                  01013480    00000010                  : BIOS.obj (.text:xdc_runtime_SysCallback_exit__E)
                  01013490    00000010                  : BIOS.obj (.text:xdc_runtime_SysCallback_putch__E)
                  010134a0    00000010                  : BIOS.obj (.text:xdc_runtime_SysCallback_ready__E)
                  010134b0    00000010                  : BIOS.obj (.text:xdc_runtime_System_vsnprintf__E)
                  010134c0    0000000e     simplelink.a : driver.obj (.text:_SlDrvResetCmdExt)
                  010134ce    0000000e     rtsv7M4_T_le_eabi.lib : copy_decompress_none.c.obj (.text:decompress:none:__TI_decompress_none)
                  010134dc    0000000e     drivers_cc32xx.a : SPICC32XXDMA.oem4 (.text:postNotifyFxn)
                  010134ea    00000006     --HOLE-- [fill = 0]
                  010134f0    0000000e     sysbios.aem4 : BIOS.obj (.text:pthread_attr_setdetachstate)
                  010134fe    00000002     --HOLE-- [fill = 0]
                  01013500    0000000e                  : BIOS.obj (.text:sem_wait)
                  0101350e    0000000e     slnetifwifi.a : slnetifwifi.obj (.text:slNetIfWifi_connEnable)
                  0101351c    0000000e     simplelink.a : cc_pal.obj (.text:spi_Close)
                  0101352a    00000006     --HOLE-- [fill = 0]
                  01013530    0000000e     sysbios.aem4 : BIOS.obj (.text:ti_sysbios_knl_Idle_loop__E)
                  0101353e    00000002     --HOLE-- [fill = 0]
                  01013540    0000000e                  : BIOS.obj (.text:ti_sysbios_knl_Queue_empty__E)
                  0101354e    0000000c     dpl_cc32xx.a : ClockP_tirtos.oem4 (.text:ClockP_delete)
                  0101355a    00000002     --HOLE-- [fill = 0]
                  0101355c    0000000c                  : ClockP_tirtos.oem4 (.text:ClockP_getSystemTickPeriod)
                  01013568    0000000c                  : HwiP_tirtos.oem4 (.text:HwiP_delete)
                  01013574    0000000c     simplelink.a : cc_pal.obj (.text:NwpMaskInterrupt)
                  01013580    0000000c                  : cc_pal.obj (.text:NwpUnMaskInterrupt)
                  0101358c    0000000c     drivers_cc32xx.a : PowerCC32XX.oem4 (.text:Power_getConstraintMask)
                  01013598    0000000c     dpl_cc32xx.a : SemaphoreP_tirtos.oem4 (.text:SemaphoreP_delete)
                  010135a4    0000000c     platform.obj (.text:SimpleLinkHttpServerEventHandler)
                  010135b0    0000000c     platform.obj (.text:SimpleLinkNetAppRequestEventHandler)
                  010135bc    0000000c     simplelink.a : device.obj (.text:_SlDeviceResetRequestInitCompletedCB)
                  010135c8    0000000c     rtsv7M4_T_le_eabi.lib : _lock.c.obj (.text:_register_lock)
                  010135d4    0000000c                           : _lock.c.obj (.text:_register_unlock)
                  010135e0    0000000c                           : s_copysign.c.obj (.text:copysign)
                  010135ec    0000000c                           : copy_zero_init.c.obj (.text:decompress:ZI:__TI_zero_init)
                  010135f8    0000000c     drivers_cc32xx.a : UARTCC32XXDMA.oem4 (.text:postNotifyFxn)
                  01013604    00000004     --HOLE-- [fill = 0]
                  01013608    0000000c     sysbios.aem4 : BIOS.obj (.text:pthread_self)
                  01013614    0000000c     release_pem4.oem4 (.text:ti_sysbios_family_arm_m3_Hwi_Params__init__S)
                  01013620    0000000c     sysbios.aem4 : BIOS.obj (.text:ti_sysbios_family_arm_m3_Hwi_disableFxn__E)
                  0101362c    00000004     --HOLE-- [fill = 0]
                  01013630    0000000c                  : BIOS.obj (.text:ti_sysbios_family_arm_m3_TaskSupport_getStackAlignment__E)
                  0101363c    00000004     --HOLE-- [fill = 0]
                  01013640    0000000c                  : BIOS.obj (.text:ti_sysbios_gates_GateHwi_enter__E)
                  0101364c    0000000c     release_pem4.oem4 (.text:ti_sysbios_knl_Clock_Params__init__S)
                  01013658    0000000c     sysbios.aem4 : BIOS.obj (.text:ti_sysbios_knl_Clock_getTicks__E)
                  01013664    00000004     --HOLE-- [fill = 0]
                  01013668    0000000c                  : BIOS.obj (.text:ti_sysbios_knl_Clock_setTicks__E)
                  01013674    00000004     --HOLE-- [fill = 0]
                  01013678    0000000c                  : BIOS.obj (.text:ti_sysbios_knl_Clock_tickStart__E)
                  01013684    00000004     --HOLE-- [fill = 0]
                  01013688    0000000c                  : BIOS.obj (.text:ti_sysbios_knl_Clock_tickStop__E)
                  01013694    0000000c     release_pem4.oem4 (.text:ti_sysbios_knl_Queue_Object__get__S)
                  010136a0    0000000c     release_pem4.oem4 (.text:ti_sysbios_knl_Semaphore_Params__init__S)
                  010136ac    0000000c     release_pem4.oem4 (.text:ti_sysbios_knl_Task_Params__init__S)
                  010136b8    0000000c     sysbios.aem4 : BIOS.obj (.text:ti_sysbios_knl_Task_self__E)
                  010136c4    00000004     --HOLE-- [fill = 0]
                  010136c8    0000000c                  : BIOS.obj (.text:ti_sysbios_rts_ti_ReentSupport_taskRegHook__I)
                  010136d4    0000000c     driverlib.a : udma.obj (.text:uDMAErrorStatusClear)
                  010136e0    0000000c                 : udma.obj (.text:uDMAErrorStatusGet)
                  010136ec    00000004     --HOLE-- [fill = 0]
                  010136f0    0000000c     sysbios.aem4 : BIOS.obj (.text:xdc_runtime_Startup_rtsDone__E)
                  010136fc    0000000a     dpl_cc32xx.a : ClockP_tirtos.oem4 (.text:ClockP_Params_init)
                  01013706    0000000a     drivers_cc32xx.a : SPI.oem4 (.text:SPI_close)
                  01013710    0000000a                      : SPI.oem4 (.text:SPI_transfer)
                  0101371a    0000000a     platform.obj (.text:SimpleLinkFatalErrorEventHandler)
                  01013724    0000000a     platform.obj (.text:SimpleLinkGeneralEventHandler)
                  0101372e    0000000a     platform.obj (.text:SimpleLinkNetAppRequestMemFreeEventHandler)
                  01013738    0000000a     platform.obj (.text:SimpleLinkSockEventHandler)
                  01013742    0000000a     platform.obj (.text:SimpleLinkWlanEventHandler)
                  0101374c    0000000a     drivers_cc32xx.a : UART.oem4 (.text:UART_close)
                  01013756    0000000a                      : UART.oem4 (.text:UART_control)
                  01013760    0000000a                      : UART.oem4 (.text:UART_write)
                  0101376a    0000000a     rtsv7M4_T_le_eabi.lib : sprintf.c.obj (.text:_outc)
                  01013774    00000004     --HOLE-- [fill = 0]
                  01013778    0000000a     sysbios.aem4 : BIOS.obj (.text:sem_destroy)
                  01013782    00000006     --HOLE-- [fill = 0]
                  01013788    0000000a                  : BIOS.obj (.text:sem_post)
                  01013792    0000000a     simplelink.a : device.obj (.text:sl_Task)
                  0101379c    0000000a     release_pem4.oem4 (.text:xdc_runtime_IHeap_alloc)
                  010137a6    0000000a     release_pem4.oem4 (.text:xdc_runtime_IHeap_free)
                  010137b0    00000008     dpl_cc32xx.a : SemaphoreP_tirtos.oem4 (.text:SemaphoreP_Params_init)
                  010137b8    00000008     simplelink.a : cc_pal.obj (.text:TimerGetCurrentTimestamp)
                  010137c0    00000008     drivers_cc32xx.a : SPICC32XXDMA.oem4 (.text:blockingTransferCallback)
                  010137c8    00000008     sysbios.aem4 : BIOS.obj (.text:pthread_attr_setstacksize)
                  010137d0    00000008                  : BIOS.obj (.text:pthread_mutex_lock)
                  010137d8    00000008     drivers_cc32xx.a : UARTCC32XXDMA.oem4 (.text:readSemCallback)
                  010137e0    00000008     sysbios.aem4 : BIOS.obj (.text:sem_getvalue)
                  010137e8    00000008                  : BIOS.obj (.text:ti_sysbios_family_arm_m3_Hwi_doSwiRestore__I)
                  010137f0    00000008                  : BIOS.obj (.text:ti_sysbios_family_arm_m3_Hwi_startup__E)
                  010137f8    00000008     drivers_cc32xx.a : UARTCC32XXDMA.oem4 (.text:writeSemCallback)
                  01013800    00000006     sysbios.aem4 : BIOS.obj (.text:ti_sysbios_family_arm_m3_Hwi_doTaskRestore__I)
                  01013806    00000002     --HOLE-- [fill = 0]
                  01013808    00000006                  : BIOS.obj (.text:ti_sysbios_family_arm_m3_Hwi_restoreFxn__E)
                  0101380e    00000002     --HOLE-- [fill = 0]
                  01013810    00000006                  : BIOS.obj (.text:ti_sysbios_gates_GateHwi_leave__E)
                  01013816    00000002     --HOLE-- [fill = 0]
                  01013818    00000006                  : BIOS.obj (.text:ti_sysbios_heaps_HeapMem_isBlocking__E)
                  0101381e    00000002     --HOLE-- [fill = 0]
                  01013820    00000006                  : BIOS.obj (.text:ti_sysbios_knl_Clock_stop__E)
                  01013826    00000002     --HOLE-- [fill = 0]
                  01013828    00000006                  : BIOS.obj (.text:ti_sysbios_knl_Queue_Instance_init__E)
                  0101382e    00000002     --HOLE-- [fill = 0]
                  01013830    00000006                  : BIOS.obj (.text:ti_sysbios_knl_Swi_startup__E)
                  01013836    00000002     --HOLE-- [fill = 0]
                  01013838    00000006                  : BIOS.obj (.text:xdc_runtime_System_Module_startup__E)
                  0101383e    00000002     --HOLE-- [fill = 0]
                  01013840    00000004                  : BIOS.obj (.text:__aeabi_errno_addr)
                  01013844    00000004     --HOLE-- [fill = 0]
                  01013848    00000004                  : BIOS.obj (.text:ti_sysbios_family_arm_m3_Timer_getMaxTicks__E)
                  0101384c    00000004     --HOLE-- [fill = 0]
                  01013850    00000004                  : BIOS.obj (.text:ti_sysbios_gates_GateHwi_query__E)
                  01013854    00000004     --HOLE-- [fill = 0]
                  01013858    00000004                  : BIOS.obj (.text:ti_sysbios_gates_GateMutex_query__E)
                  0101385c    00000004     --HOLE-- [fill = 0]
                  01013860    00000004                  : BIOS.obj (.text:ti_sysbios_knl_Clock_setTimeout__E)
                  01013864    00000004     --HOLE-- [fill = 0]
                  01013868    00000004                  : BIOS.obj (.text:ti_sysbios_knl_Task_startup__E)
                  0101386c    00000004     --HOLE-- [fill = 0]
                  01013870    00000004                  : BIOS.obj (.text:xdc_runtime_SysCallback_defaultReady)
                  01013874    00000004     --HOLE-- [fill = 0]
                  01013878    00000002                  : BIOS.obj (.text:ti_sysbios_BIOS_linkedWithIncorrectBootLibrary__E)
                  0101387a    00000006     --HOLE-- [fill = 0]
                  01013880    00000002                  : BIOS.obj (.text:ti_sysbios_gates_GateHwi_Instance_init__E)
                  01013882    00000006     --HOLE-- [fill = 0]
                  01013888    00000002                  : BIOS.obj (.text:ti_sysbios_knl_Clock_logTick__E)
                  0101388a    00000006     --HOLE-- [fill = 0]
                  01013890    00000002                  : BIOS.obj (.text:xdc_runtime_SysCallback_defaultAbort)
                  01013892    00000006     --HOLE-- [fill = 0]
                  01013898    00000002                  : BIOS.obj (.text:xdc_runtime_SysCallback_defaultExit)
                  0101389a    00000006     --HOLE-- [fill = 0]
                  010138a0    00000002                  : BIOS.obj (.text:xdc_runtime_SysCallback_defaultPutch)
                  010138a2    00000006     --HOLE-- [fill = 0]
                  010138a8    00000002                  : BIOS.obj (.text:xdc_runtime_System_abortSpin__E)
                  010138aa    00000006     --HOLE-- [fill = 0]
                  010138b0    00000002                  : BIOS.obj (.text:xdc_runtime_System_exitSpin__E)

.const     0    010138b4    00000e37     
                  010138b4    00000288     httpclient_release.a : httpclient.oem4 (.const:.string)
                  01013b3c    00000101     rtsv7M4_T_le_eabi.lib : ctype.c.obj (.const:.string:_ctypes_)
                  01013c3d    00000001     display_cc32xx.a : Display.oem4 (.const:Display_defaultParams)
[...]
01013809  ti_sysbios_hal_Hwi_HwiProxy_restore__E                          
01013811  ti_sysbios_gates_GateHwi_leave__E                               
01013819  ti_sysbios_heaps_HeapMem_isBlocking__E                          
01013821  ti_sysbios_knl_Clock_stop__E                                    
01013829  ti_sysbios_knl_Queue_Instance_init__E                           
01013831  ti_sysbios_knl_Swi_startup__E                                   
01013839  xdc_runtime_System_Module_startup__E                            
01013841  __aeabi_errno_addr                                              
01013849  ti_sysbios_family_arm_m3_Timer_getMaxTicks__E                   
01013851  ti_sysbios_gates_GateHwi_query__E                               
01013851  xdc_runtime_Main_Module_GateProxy_query__E                      
01013851  xdc_runtime_System_Module_GateProxy_query__E                    
01013859  ti_sysbios_BIOS_RtsGateProxy_query__E                           
01013859  ti_sysbios_gates_GateMutex_query__E                             
01013859  ti_sysbios_heaps_HeapMem_Module_GateProxy_query__E              
01013861  ti_sysbios_knl_Clock_setTimeout__E                              
01013869  ti_sysbios_knl_Task_startup__E                                  
01013871  xdc_runtime_SysCallback_defaultReady                            
01013879  ti_sysbios_BIOS_linkedWithIncorrectBootLibrary__E               
01013881  ti_sysbios_gates_GateHwi_Instance_init__E                       
01013889  ti_sysbios_knl_Clock_logTick__E                                 
01013891  xdc_runtime_SysCallback_defaultAbort                            
01013899  xdc_runtime_SysCallback_defaultExit                             
010138a1  xdc_runtime_SysCallback_defaultPutch                            
010138a9  xdc_runtime_System_abortSpin__E                                 
010138b1  xdc_runtime_System_exitSpin__E                                  
01013b3c  _ctypes_                                                        
01013c3d  Display_defaultParams                                           
01013c3e  ti_sysbios_family_arm_m3_Hwi_Module__id__C                      
01013de8  spiCC32XXDMAHWAttrs                                             
01013e60  OpcodeTranslateTable                                            
01013ed0  _SlActionLookupTable                                            
01013f20  PowerCC32XX_config                                              
01013f64  ti_sysbios_knl_Task_Object__PARAMS__C                           
01013fa0  ti_sysbios_family_arm_m3_Hwi_Object__PARAMS__C                  
01013fd0  UARTCC32XXDMA_fxnTable                                          
01014020  ti_sysbios_heaps_HeapMem_Module__FXNS__C                        
01014048  UART_defaultParams                                              
0101406c  ti_sysbios_gates_GateHwi_Module__FXNS__C                        
01014090  ti_sysbios_gates_GateMutex_Module__FXNS__C                      
010140b4  ti_sysbios_heaps_HeapMem_Object__PARAMS__C                      
010140d8  ti_sysbios_knl_Clock_Object__PARAMS__C                          
010140fc  ti_sysbios_knl_Semaphore_Object__PARAMS__C                      
01014144  xdc_runtime_Startup_sfxnTab__A                                  
010141ab  ti_sysbios_knl_Clock_tickMode__C                                
010141ac  DisplayUartMin_fxnTable                                         
010141ec  SPI_defaultParams                                               
0101422c  ti_sysbios_family_arm_m3_Hwi_Object__DESC__C                    
0101424c  ti_sysbios_gates_GateHwi_Object__DESC__C                        
0101426c  ti_sysbios_gates_GateMutex_Object__DESC__C                      
0101428c  ti_sysbios_heaps_HeapMem_Object__DESC__C                        
010142ac  ti_sysbios_knl_Clock_Object__DESC__C                            
010142cc  ti_sysbios_knl_Queue_Object__DESC__C                            
010142ec  ti_sysbios_knl_Semaphore_Object__DESC__C                        
0101430c  ti_sysbios_knl_Task_Object__DESC__C                             
0101432c  SPICC32XXDMA_fxnTable                                           
01014344  SPI_config                                                      
0101435c  ti_sysbios_gates_GateHwi_Object__PARAMS__C                      
01014374  ti_sysbios_gates_GateMutex_Object__PARAMS__C                    
0101438c  ti_sysbios_knl_Queue_Object__PARAMS__C                          
010143a4  ti_sysbios_knl_Task_hooks__A                                    
010143bc  Display_count                                                   
010143bd  CONFIG_Crypto_0_CONST                                           
010143be  CryptoCC32XX_count                                              
010143bf  GPIO_pinLowerBound                                              
010143c0  GPIO_pinUpperBound                                              
010143c1  CONFIG_GPIO_BUTTON_0_CONST                                      
010143c2  CONFIG_GPIO_BUTTON_1_CONST                                      
010143c3  CONFIG_GPIO_LED_0_CONST                                         
010143c4  CONFIG_GPIO_LED_1_CONST                                         
010143c5  CONFIG_GPIO_LED_2_CONST                                         
010143c6  CONFIG_SPI_0_CONST                                              
010143c7  CONFIG_NWP_SPI_CONST                                            
010143c8  SPI_count                                                       
010143c9  CONFIG_TIMER_0_CONST                                            
010143ca  CONFIG_TIMER_1_CONST                                            
010143cb  CONFIG_TIMER_2_CONST                                            
010143cc  Timer_count                                                     
010143cd  CONFIG_UART_0_CONST                                             
010143ce  UART_count                                                      
010143cf  CONFIG_WATCHDOG_0_CONST                                         
010143d0  Watchdog_count                                                  
010143d1  ti_sysbios_knl_Clock_tickSource__C                              
010143d2  ti_sysbios_family_arm_m3_Timer_Module__id__C                    
01014460  displayUartHWAttrs                                              
01014488  xdc_runtime_Startup_sfxnRts__A                                  
0101449a  ti_sysbios_heaps_HeapMem_Module__id__C                          
0101449c  GPIO_config                                                     
010144f8  Display_config                                                  
01014504  UART_config                                                     
01014534  udmaCC3220SHWAttrs                                              
01014540  xdc_runtime_Startup_firstFxns__A                                
01014554  UDMACC32XX_config                                               
0101457c  ti_sysbios_knl_Idle_funcList__A                                 
01014584  ti_sysbios_knl_Idle_funcList__C                                 
0101458c  ti_sysbios_knl_Task_hooks__C                                    
01014594  xdc_runtime_Startup_firstFxns__C                                
0101459c  xdc_runtime_Startup_lastFxns__C                                 
010145d4  _SlNetAppSendResponseCmdCtrl                                    
010145d8  _SlNetAppSendTokenValueCmdCtrl                                  
01014608  ti_sysbios_family_arm_m3_Hwi_E_alreadyDefined__C                
0101460c  ti_sysbios_family_arm_m3_Hwi_E_badIntNum__C                     
01014610  ti_sysbios_family_arm_m3_Hwi_NUM_INTERRUPTS__C                  
01014614  ti_sysbios_family_arm_m3_Hwi_Object__count__C                   
01014618  ti_sysbios_family_arm_m3_Hwi_ccr__C                             
0101461c  ti_sysbios_family_arm_m3_Hwi_excHandlerFunc__C                  
01014620  ti_sysbios_family_arm_m3_Hwi_nullIsrFunc__C                     
01014624  ti_sysbios_family_arm_m3_Hwi_priGroup__C                        
01014628  ti_sysbios_family_arm_m3_Hwi_swiDisable__C                      
0101462c  ti_sysbios_family_arm_m3_Hwi_swiRestore__C                      
01014630  ti_sysbios_family_arm_m3_TaskSupport_stackAlignment__C          
01014634  ti_sysbios_family_arm_m3_Timer_E_cannotSupport__C               
01014638  ti_sysbios_family_arm_m3_Timer_startupNeeded__C                 
0101463c  ti_sysbios_gates_GateMutex_Instance_State_sem__O                
01014640  ti_sysbios_heaps_HeapMem_E_memory__C                            
01014644  ti_sysbios_heaps_HeapMem_Module__gateObj__C                     
01014648  ti_sysbios_heaps_HeapMem_Object__count__C                       
0101464c  ti_sysbios_heaps_HeapMem_primaryHeapBaseAddr__C                 
01014650  ti_sysbios_heaps_HeapMem_primaryHeapEndAddr__C                  
01014654  ti_sysbios_heaps_HeapMem_reqAlign__C                            
01014658  ti_sysbios_knl_Clock_Module_State_clockQ__O                     
0101465c  ti_sysbios_knl_Clock_tickPeriod__C                              
01014660  ti_sysbios_knl_Mailbox_Instance_State_dataQue__O                
01014664  ti_sysbios_knl_Mailbox_Instance_State_dataSem__O                
01014668  ti_sysbios_knl_Mailbox_Instance_State_freeQue__O                
0101466c  ti_sysbios_knl_Mailbox_Instance_State_freeSem__O                
01014670  ti_sysbios_knl_Mailbox_Object__count__C                         
01014674  ti_sysbios_knl_Mailbox_maxTypeAlign__C                          
01014678  ti_sysbios_knl_Semaphore_Instance_State_pendQ__O                
0101467c  ti_sysbios_knl_Swi_Object__count__C                             
01014680  ti_sysbios_knl_Task_Module_State_inactiveQ__O                   
01014684  ti_sysbios_knl_Task_Object__count__C                            
01014688  ti_sysbios_knl_Task_Object__heap__C                             
0101468c  ti_sysbios_knl_Task_allBlockedFunc__C                           
01014690  ti_sysbios_knl_Task_defaultStackHeap__C                         
01014694  ti_sysbios_knl_Task_defaultStackSize__C                         
01014698  ti_sysbios_knl_Task_numConstructedTasks__C                      
0101469c  xdc_runtime_Error_E_memory__C                                   
010146a0  xdc_runtime_Error_policyFxn__C                                  
010146a4  xdc_runtime_IGateProvider_Interface__BASE__C                    
010146a8  xdc_runtime_IHeap_Interface__BASE__C                            
010146ac  xdc_runtime_IModule_Interface__BASE__C                          
010146b0  xdc_runtime_Memory_defaultHeapInstance__C                       
010146b4  xdc_runtime_Startup_execImpl__C                                 
010146b8  xdc_runtime_Startup_maxPasses__C                                
010146bc  xdc_runtime_Startup_sfxnRts__C                                  
010146c0  xdc_runtime_Startup_sfxnTab__C                                  
010146c4  xdc_runtime_SysCallback_abortFxn__C                             
010146c8  xdc_runtime_SysCallback_exitFxn__C                              
010146cc  xdc_runtime_SysCallback_putchFxn__C                             
010146d0  xdc_runtime_SysCallback_readyFxn__C                             
010146d4  xdc_runtime_System_Module__gateObj__C                           
010146d8  xdc_runtime_System_abortFxn__C                                  
010146dc  xdc_runtime_System_exitFxn__C                                   
010146e0  xdc_runtime_System_extendFxn__C                                 
010146e4  xdc_runtime_System_maxAtexitHandlers__C                         
010146e8  xdc_runtime_Memory_Module__id__C                                
010146ea  xdc_runtime_Error_policy__C                                     
010146f0  __TI_static_base__                                              
01014a88  __TI_Handler_Table_Base                                         
01014a94  __TI_Handler_Table_Limit                                        
01014aa8  __TI_CINIT_Base                                                 
01014ac0  __TI_CINIT_Limit                                                
20000000  __start___llvm_prf_cnts                                         
20000000  __stop___llvm_prf_cnts                                          
20000000  ti_sysbios_family_arm_m3_Hwi_ramVectors                         
20000310  __primary_heap_start__                                          
20008310  __primary_heap_end__                                            
20008c00  g_CB                                                            
20008ffc  ti_sysbios_family_arm_m3_Hwi_dispatchTable                      
20009308  ti_sysbios_knl_Task_Instance_State_0_stack__A                   
20009508  PowerCC32XX_contextSave                                         
20009634  spiCC32XXDMAObjects                                             
200096bc  gpioCallbackFunctions                                           
20009740  gpioUserArgs                                                    
20009844  uartCC32XXObjects0                                              
200098b0  GlobalLockObj                                                   
200098dc  g_SlInternalSpawnCB                                             
20009964  DeviceCB                                                        
20009970  Msg                                                             
2000997c  displayUartObject                                               
20009988  spiCC32XXSDMAscratchBuf                                         
20009990  udmaCC3220SObject                                               
2000999c  display                                                         
200099a0  mode                                                            
200099a4  ti_sysbios_knl_Task_Instance_State_0_hookEnv__A                 
200099a8  gIfID                                                           
200099aa  RxIrqCnt                                                        
200099ac  PowerCC32XX_module                                              
20009b18  parkInfo                                                        
20009d7c  gpioPinConfigs                                                  
20009e00  ti_sysbios_knl_Swi_Module_State_0_readyQ__A                     
20009e80  ti_sysbios_knl_Task_Module_State_0_readyQ__A                    
20009f00  SlNetIfConfigWifi                                               
20009fb8  ti_sysbios_knl_Task_Object__table__V                            
2000a004  ti_sysbios_knl_Task_Module__state__V                            
2000a048  ti_sysbios_gates_GateMutex_Object__table__V                     
2000a080  ti_sysbios_family_arm_m3_Hwi_Module__state__V                   
2000a0b4  ti_sysbios_family_arm_m3_Timer_Object__table__V                 
2000a0e4  ti_sysbios_knl_Swi_Object__table__V                             
2000a114  ti_sysbios_knl_Clock_Module__state__V                           
2000a140  g_LibsEvents                                                    
2000a164  g_UserEvents                                                    
2000a188  ti_sysbios_BIOS_Module__state__V                                
2000a1ac  xdc_runtime_Error_IgnoreBlock                                   
2000a1cc  HTTP_METHOD_GET                                                 
2000a1d0  HTTP_METHOD_POST                                                
2000a1d4  HTTP_METHOD_HEAD                                                
2000a1d8  HTTP_METHOD_OPTIONS                                             
2000a1dc  HTTP_METHOD_PUT                                                 
2000a1e0  HTTP_METHOD_DELETE                                              
2000a1e4  HTTP_METHOD_CONNECT                                             
2000a1e8  ti_sysbios_knl_Swi_Module__state__V                             
2000a204  g_fNetIfCB                                                      
2000a208  g_ifId                                                          
2000a21c  ti_sysbios_family_arm_m3_Hwi_Object__table__V                   
2000a234  ti_sysbios_heaps_HeapMem_Object__table__V                       
2000a24c  ti_sysbios_family_arm_cc32xx_Seconds_Module__state__V           
2000a270  gGlobalLockCntRequested                                         
2000a271  gGlobalLockCntReleased                                          
2000a272  g_SlDeviceStatus                                                
2000a274  g_pCB                                                           
2000a278  pPingCallBackFunc                                               
2000a288  ti_sysbios_family_arm_m3_Timer_Module__state__V                 
2000a294  _lock                                                           
2000a298  _unlock                                                         
2000a2a4  httpThread                                                      
2000a2a8  spawn_thread                                                    
2000a2ac  ti_sysbios_family_arm_m3_Hwi_Module__root__V                    
2000a2b4  ti_sysbios_gates_GateHwi_Module__root__V                        
2000a2bc  ti_sysbios_gates_GateMutex_Module__root__V                      
2000a2c4  ti_sysbios_heaps_HeapMem_Module__root__V                        
2000a2cc  ti_sysbios_knl_Clock_Module__root__V                            
2000a2d4  ti_sysbios_knl_Queue_Module__root__V                            
2000a2dc  ti_sysbios_knl_Semaphore_Module__root__V                        
2000a2e4  ti_sysbios_knl_Task_Module__root__V                             
2000a2ec  xdc_runtime_Startup_Module__state__V                            
2000a2f4  xdc_runtime_System_Module_State_0_atexitHandlers__A             
2000a2fc  xdc_runtime_System_Module__state__V                             
2000a304  main_func_sp                                                    
2000a308  g_intHandle                                                     
2000a30c  ti_sysbios_family_arm_m3_Hwi_Module_State_0_excContext__A       
2000a310  ti_sysbios_family_arm_m3_Hwi_Module_State_0_excStack__A         
2000a314  ti_sysbios_family_arm_m3_TimestampProvider_Module__state__V     
2000a318  ti_sysbios_gates_GateHwi_Object__table__V                       
2000a31c  ti_sysbios_knl_Task_Module_State_0_idleTask__A                  
2000a320  ti_sysbios_rts_ti_ReentSupport_Module__state__V                 
2000a324  xdc_runtime_Memory_Module__state__V                             
2000a32a  ti_sysbios_family_arm_m3_Hwi_Module_State_0_excActive__A        
2003fc00  __stack                                                         
20040000  __STACK_END                                                     
e000e000  ti_sysbios_family_arm_m3_Hwi_nvic                               
ffffffff  __TI_pprof_out_hndl                                             
ffffffff  __TI_prof_data_size                                             
ffffffff  __TI_prof_data_start                                            
ffffffff  __binit__                                                       
ffffffff  __c_args__                                                      
ffffffff  binit                                                           
UNDEFED   ITM_flush                                                       
UNDEFED   ITM_restore                                                     
UNDEFED   SHT$$INIT_ARRAY$$Base                                           
UNDEFED   SHT$$INIT_ARRAY$$Limit                                          

[899 symbols]
