******************************************************************************
                  TI ARM Linker PC v20.2.5                     
******************************************************************************
>> Linked Wed Apr  6 15:47:46 2022

OUTPUT FILE NAME:   <httpget_CC3220SF_LAUNCHXL_tirtos_ccs.out>
ENTRY POINT SYMBOL: "_c_int00"  address: 01010eb9


MEMORY CONFIGURATION

         name            origin    length      used     unused   attr    fill
----------------------  --------  ---------  --------  --------  ----  --------
  FLASH_HDR             01000000   000007ff  00000000  000007ff  R  X
  FLASH                 01000800   000ff800  0001436e  000eb492  R  X
  SRAM                  20000000   00040000  0000a63b  000359c5  RW X
  LOG_DATA              90000000   00040000  00000000  00040000  R   


SEGMENT ALLOCATION MAP

run origin  load origin   length   init length attrs members
----------  ----------- ---------- ----------- ----- -------
01000800    01000800    00014378   00014378    r-x
  01000800    01000800    0000030c   0000030c    r-- .resetVecs
  01000b10    01000b10    00012e52   00012e52    r-x .text
  01013964    01013964    00000e48   00000e48    r-- .const
  010147b0    010147b0    000003c8   000003c8    r-- .cinit
20000000    20000000    0000030c   00000000    rw-
  20000000    20000000    0000030c   00000000    rw- .vecs
20000310    20000310    00008000   00000000    r--
  20000310    20000310    00008000   00000000    r-- .priheap
20008400    20008400    00001f30   00000000    rw-
  20008400    20008400    000015ab   00000000    rw- .bss
  200099ac    200099ac    00000984   00000000    rw- .data
2003fc00    2003fc00    00000400   00000000    rw-
  2003fc00    2003fc00    00000400   00000000    rw- .stack


SECTION ALLOCATION MAP

 output                                  attributes/
section   page    origin      length       input sections
--------  ----  ----------  ----------   ----------------
.resetVecs 
*          0    01000800    0000030c     
                  01000800    0000030c     release_pem4.oem4 (.resetVecs)

.text      0    01000b10    00012e52     
                  01000b10    00000a4e     rtsv7M4_T_le_eabi.lib : _printfi.c.obj (.text:__TI_printfi)
                  0100155e    00000002     ti_drivers_config.obj (.text:Board_initHook)
                  01001560    000008e8     simplelink.a : driver.obj (.text:_SlDrvMsgRead)
                  01001e48    000004bc                  : sl_socket.obj (.text:_SlSocketHandleAsync_Select)
                  01002304    00000004     dpl_cc32xx.a : ClockP_tirtos.oem4 (.text:ClockP_getCpuFreq)
                  01002308    00000468     sysbios.aem4 : BIOS.obj (.text:xdc_runtime_System_doPrint__I)
                  01002770    0000042c     driverlib.a : prcm.obj (.text:PRCMCC3200MCUInit)
                  01002b9c    0000040c     httppost.obj (.text:httpTask)
                  01002fa8    0000040c     httpclient_release.a : httpclient.oem4 (.text:sendRequest)
                  010033b4    00000384     simplelink.a : driver.obj (.text:_SlDrvMsgWrite)
                  01003738    0000031c                  : driver.obj (.text:_SlDrvReleasePoolObj)
                  01003a54    000002e0                  : driver.obj (.text:_SlDrvWaitForPoolObj)
                  01003d34    000002d8                  : driver.obj (.text:_SlDrvRxHdrRead)
                  0100400c    000002ac                  : sl_socket.obj (.text:sl_Select)
                  010042b8    0000028c     platform.obj (.text:mainThread)
                  01004544    00000284     simplelink.a : wlan.obj (.text:sl_WlanConnect)
                  010047c8    00000268     rtsv7M4_T_le_eabi.lib : _printfi.c.obj (.text:_pconv_a)
                  01004a30    0000025c     simplelink.a : driver.obj (.text:_SlDrvDataReadOp)
                  01004c8c    00000244     httpclient_release.a : httpclient.oem4 (.text:manageResponseHeaders)
                  01004ed0    00000224     simplelink.a : driver.obj (.text:_SlDrvDriverCBInit)
                  010050f4    00000218                  : driver.obj (.text:_SlDrvDataWriteOp)
                  0100530c    0000020c     drivers_cc32xx.a : UARTCC32XXDMA.oem4 (.text:UARTCC32XXDMA_open)
                  01005518    000001fc     httpclient_release.a : httpclient.oem4 (.text:SlNetSock_connectURI)
                  01005714    000001f4     simplelink.a : driver.obj (.text:_SlDrvMsgReadCmdCtx)
                  01005908    000001f2                  : netapp.obj (.text:_SlNetAppEventHandler)
                  01005afa    00000002     display_cc32xx.a : DisplayUart.oem4 (.text:DisplayUartMin_clear)
                  01005afc    000001e8     simplelink.a : netapp.obj (.text:sl_NetAppPing)
                  01005ce4    000001e0     httpclient_release.a : httpclient.oem4 (.text:HTTPClient_connect2)
                  01005ec4    000001e0     simplelink.a : device.obj (.text:sl_Stop)
                  010060a4    000001d0     drivers_cc32xx.a : SPICC32XXDMA.oem4 (.text:SPICC32XXDMA_transfer)
                  01006274    000001cc     rtsv7M4_T_le_eabi.lib : _printfi.c.obj (.text:_pconv_g)
                  01006440    000001b8     drivers_cc32xx.a : SPICC32XXDMA.oem4 (.text:configDMA)
                  010065f8    000001b6     rtsv7M4_T_le_eabi.lib : fd_add_t2.asm.obj (.text)
                  010067ae    00000002     display_cc32xx.a : DisplayUart.oem4 (.text:DisplayUartMin_clearLines)
                  010067b0    000001b4     simplelink.a : driver.obj (.text:_SlDrvReleaseAllActivePendingPoolObj)
                  01006964    000001a8                  : sl_socket.obj (.text:sl_Accept)
                  01006b0c    00000194     httpclient_release.a : httpclient.oem4 (.text:redirect)
                  01006ca0    00000190     simplelink.a : sl_socket.obj (.text:_SlDrvRegisterForSelectAsync)
                  01006e30    00000184                  : driver.obj (.text:_SlDrvFindAndSetActiveObj)
                  01006fb4    00000180     release_pem4.oem4 (.text:xdc_runtime_System_printfExtend__I)
                  01007134    00000178     simplelink.a : sl_socket.obj (.text:sl_Connect)
                  010072ac    00000177     httpclient_release.a : httpclient.oem4 (.text:readResponseHeader)
                  01007423    00000001     --HOLE-- [fill = 0]
                  01007424    00000170     platform.obj (.text:SimpleLinkNetAppEventHandler)
                  01007594    00000170     simplelink.a : netapp.obj (.text:sl_NetAppDnsGetHostByName)
                  01007704    0000015c     dpl_cc32xx.a : PowerCC32XX_tirtos.oem4 (.text:PowerCC32XX_sleepPolicy)
                  01007860    00000158     drivers_cc32xx.a : SPICC32XXDMA.oem4 (.text:SPICC32XXDMA_open)
                  010079b8    00000154                      : GPIOCC32XX.oem4 (.text:GPIO_setConfig)
                  01007b0c    00000154     simplelink.a : sl_socket.obj (.text:sl_RecvFrom)
                  01007c60    00000148                  : sl_socket.obj (.text:_SlDrvGetNextTimeoutValue)
                  01007da8    00000148     drivers_cc32xx.a : PowerCC32XX.oem4 (.text:parkPins)
                  01007ef0    00000148     httpclient_release.a : httpclient.oem4 (.text:parseURI)
                  01008038    00000148     simplelink.a : sl_socket.obj (.text:sl_StartTLS)
                  01008180    00000140                  : driver.obj (.text:_SlDrvMsgReadSpawnCtx)
                  010082c0    0000013c     rtsv7M4_T_le_eabi.lib : _printfi.c.obj (.text:_pconv_e)
                  010083fc    00000138     drivers_cc32xx.a : PowerCC32XX.oem4 (.text:Power_sleep)
                  01008534    00000138     simplelink.a : driver.obj (.text:_SlSpawnMsgListInsert)
                  0100866c    00000136     rtsv7M4_T_le_eabi.lib : fd_div_t2.asm.obj (.text)
                  010087a2    00000002     display_cc32xx.a : DisplayUart.oem4 (.text:DisplayUartMin_init)
                  010087a4    00000134     simplelink.a : sl_socket.obj (.text:_SlSocketHandleAsync_StartTLS)
                  010088d8    00000130                  : driver.obj (.text:_SlDrvDriverCBDeinit)
                  01008a08    00000130     sysbios.aem4 : BIOS.obj (.text:ti_sysbios_knl_Semaphore_pend__E)
                  01008b38    00000128     simplelink.a : driver.obj (.text:_SlDrvClassifyRxMsg)
                  01008c60    00000124                  : fs.obj (.text:sl_FsOpen)
                  01008d84    00000121     httpclient_release.a : httpclient.oem4 (.text:getChunkedData)
                  01008ea5    00000001     --HOLE-- [fill = 0]
                  01008ea6    00000002     drivers_cc32xx.a : UARTCC32XXDMA.oem4 (.text:UARTCC32XXDMA_init)
                  01008ea8    00000120     simplelink.a : driver.obj (.text:_SlDrvAsyncEventGenericHandler)
                  01008fc8    00000120     rtsv7M4_T_le_eabi.lib : _printfi.c.obj (.text:fcvt)
                  010090e8    00000120     sysbios.aem4 : BIOS.obj (.text:xdc_runtime_Startup_startMods__I)
                  01009208    0000011c     simplelink.a : device.obj (.text:sl_Start)
                  01009324    00000118                  : netapp.obj (.text:_SlNetAppHandleAsync_DnsGetHostByService)
                  0100943c    00000110     rtsv7M4_T_le_eabi.lib : strtoul.c.obj (.text:strtoul)
                  0100954c    00000004     dpl_cc32xx.a : ClockP_tirtos.oem4 (.text:ClockP_setTimeout)
                  01009550    00000110     sysbios.aem4 : BIOS.obj (.text:ti_sysbios_knl_Task_postInit__I)
                  01009660    00000108     httpclient_release.a : httpclient.oem4 (.text:HTTPClient_setHeader)
                  01009768    00000108     slnetsock_release.a : slnetutils.oem4 (.text:SlNetUtil_str2BinIpV6)
                  01009870    00000104     simplelink.a : device.obj (.text:_SlDeviceEventHandler)
                  01009974    00000104                  : driver.obj (.text:_SlDrvCmdOp)
                  01009a78    00000104     sysbios.aem4 : BIOS.obj (.text:ti_sysbios_knl_Task_Instance_finalize__E)
                  01009b7c    00000100     simplelink.a : driver.obj (.text:_SlDrvObjGlobalLockWaitForever)
                  01009c7c    00000100                  : fs.obj (.text:sl_FsWrite)
                  01009d7c    000000fc     rtsv7M4_T_le_eabi.lib : fd_mul_t2.asm.obj (.text)
                  01009e78    000000f8     slnetifwifi.a : slnetifwifi.obj (.text:SlNetIfWifi_loadSecObj)
                  01009f70    000000f8     drivers_cc32xx.a : UARTCC32XXDMA.oem4 (.text:UARTCC32XXDMA_close)
                  0100a068    000000f8     simplelink.a : sl_socket.obj (.text:sl_Close)
                  0100a160    000000f4     httpclient_release.a : httpclient.oem4 (.text:httpProxyTunnel)
                  0100a254    000000f4     simplelink.a : sl_socket.obj (.text:sl_SendTo)
                  0100a348    000000f2     drivers_cc32xx.a : SPICC32XXDMA.oem4 (.text:SPICC32XXDMA_transferCancel)
                  0100a43a    00000006     display_cc32xx.a : DisplayUart.oem4 (.text:DisplayUartMin_control)
                  0100a440    000000f0     sysbios.aem4 : BIOS.obj (.text:pthread_create)
                  0100a530    000000e8     drivers_cc32xx.a : UARTCC32XXDMA.oem4 (.text:initHw)
                  0100a618    000000e8     sysbios.aem4 : BIOS.obj (.text:ti_sysbios_knl_Task_Instance_init__E)
                  0100a700    000000e4     slnetsock_release.a : slnetif.oem4 (.text:SlNetIf_add)
                  0100a7e4    00000004     dpl_cc32xx.a : ClockP_tirtos.oem4 (.text:ClockP_start)
                  0100a7e8    000000e4     sysbios.aem4 : BIOS.obj (.text:clock_gettime)
                  0100a8cc    000000e0     httpclient_release.a : httpclient.oem4 (.text:sprsend)
                  0100a9ac    000000d8     drivers_cc32xx.a : SPICC32XXDMA.oem4 (.text:SPICC32XXDMA_close)
                  0100aa84    000000d8     simplelink.a : device.obj (.text:_SlDeviceHandleAsync_InitComplete)
                  0100ab5c    000000d8                  : driver.obj (.text:_SlDrvWaitForInternalAsyncEvent)
                  0100ac34    000000d8                  : netapp.obj (.text:_SlNetAppHandleAsync_NetAppReceive)
                  0100ad0c    000000d4     httpclient_release.a : httpclient.oem4 (.text:HTTPClient_connect)
                  0100ade0    000000d4     sysbios.aem4 : BIOS.obj (.text:ti_sysbios_heaps_HeapMem_alloc__E)
                  0100aeb4    000000d0     simplelink.a : driver.obj (.text:_SlDrvRemoveFromList)
                  0100af84    000000d0     httpclient_release.a : httpclient.oem4 (.text:getStatus)
                  0100b054    000000d0     rtsv7M4_T_le_eabi.lib : s_scalbn.c.obj (.text:scalbn)
                  0100b124    000000cc     sysbios.aem4 : m3_Hwi_asm.obj (.text:ti_sysbios_family_arm_m3_Hwi_dispatch__I)
                  0100b1f0    000000c8     drivers_cc32xx.a : SPICC32XXDMA.oem4 (.text:spiHwiFxn)
                  0100b2b8    000000c4     sysbios.aem4 : BIOS.obj (.text:ti_sysbios_knl_Task_sleep__E)
                  0100b37c    000000c0     simplelink.a : cc_pal.obj (.text:NwpPowerOff)
                  0100b43c    000000c0     httpclient_release.a : httpclient.oem4 (.text:resHeaderFieldHandler)
                  0100b4fc    000000c0     drivers_cc32xx.a : PowerCC32XX.oem4 (.text:restoreParkedPins)
                  0100b5bc    000000c0     simplelink.a : netcfg.obj (.text:sl_NetCfgGet)
                  0100b67c    000000bc     platform.obj (.text:DisplayBanner)
                  0100b738    000000bc     simplelink.a : netapp.obj (.text:_SlNetAppSendResponse)
                  0100b7f4    000000bc                  : sl_socket.obj (.text:sl_Send)
                  0100b8b0    000000bc     sysbios.aem4 : BIOS.obj (.text:xdc_runtime_Core_createObject__I)
                  0100b96c    000000b8     httpclient_release.a : httpclient.oem4 (.text:HTTPClient_readResponseBody)
                  0100ba24    000000b8     drivers_cc32xx.a : UARTCC32XXDMA.oem4 (.text:UARTCC32XXDMA_configDMA)
                  0100badc    000000b8     simplelink.a : netapp.obj (.text:_SlNetAppHandleAsync_DnsGetHostByName)
                  0100bb94    000000b8                  : netapp.obj (.text:_SlNetAppHandleAsync_PingResponse)
                  0100bc4c    000000b8                  : wlan.obj (.text:sl_WlanGet)
                  0100bd04    00000004     dpl_cc32xx.a : ClockP_tirtos.oem4 (.text:ClockP_stop)
                  0100bd08    000000b8     sysbios.aem4 : BIOS.obj (.text:ti_sysbios_family_arm_m3_Hwi_Instance_init__E)
                  0100bdc0    000000b4     drivers_cc32xx.a : UARTCC32XXDMA.oem4 (.text:UARTCC32XXDMA_hwiIntFxn)
                  0100be74    000000b4     simplelink.a : driver.obj (.text:_SlDrvHandleFatalError)
                  0100bf28    000000b4                  : netutil.obj (.text:_SlNetUtilHandleAsync_Cmd)
                  0100bfdc    000000b4                  : sl_socket.obj (.text:sl_GetSockOpt)
                  0100c090    000000b2     slnetifwifi.a : slnetifwifi.obj (.text:matchModeByRole)
                  0100c142    00000002     rtsv7M4_T_le_eabi.lib : _lock.c.obj (.text:_nop)
                  0100c144    000000b1                           : _printfi.c.obj (.text:_ltostr)
                  0100c1f5    00000001     --HOLE-- [fill = 0]
                  0100c1f6    00000002                           : div0.asm.obj (.text)
                  0100c1f8    000000b0     slnetifwifi.a : slnetifwifi.obj (.text:SlNetIfWifi_getSockOpt)
                  0100c2a8    000000ac     platform.obj (.text:Connect)
                  0100c354    000000ac     simplelink.a : sl_socket.obj (.text:_SlSocketHandleAsync_Close)
                  0100c400    000000ac                  : sl_socket.obj (.text:_SlSocketHandleAsync_Connect)
                  0100c4ac    000000ac     httpclient_release.a : httpclient.oem4 (.text:sendReqHeaders)
                  0100c558    000000a8     driverlib.a : prcm.obj (.text:PRCMPeripheralClockGet)
                  0100c600    000000a8     drivers_cc32xx.a : PowerCC32XX.oem4 (.text:PowerCC32XX_configureWakeup)
                  0100c6a8    000000a8     simplelink.a : fs.obj (.text:sl_FsClose)
                  0100c750    000000a6                  : driver.obj (.text:_SlDrvIsTimeoutExpired)
                  0100c7f6    00000002     release_pem4.oem4 (.text:ti_sysbios_BIOS_nullFunc__I)
                  0100c7f8    000000a4     simplelink.a : sl_socket.obj (.text:sl_Bind)
                  0100c89c    00000004     dpl_cc32xx.a : HwiP_tirtos.oem4 (.text:HwiP_clearInterrupt)
                  0100c8a0    000000a4     sysbios.aem4 : BIOS.obj (.text:ti_sysbios_knl_Task_setPri__E)
                  0100c944    000000a0     simplelink.a : fs.obj (.text:FsGetCreateFsMode)
                  0100c9e4    000000a0                  : sl_socket.obj (.text:_SlDrvUnRegisterForSelectAsync)
                  0100ca84    000000a0                  : driver.obj (.text:_SlSpawnMsgListProcess)
                  0100cb24    000000a0     auto_init.aem4 : auto_init.oem4 (.text)
                  0100cbc4    0000009e     simplelink.a : cc_pal.obj (.text:spi_Read)
                  0100cc62    0000009e                  : cc_pal.obj (.text:spi_Write)
                  0100cd00    0000009c     sysbios.aem4 : BIOS.obj (.text:_pthread_removeThreadKeys)
                  0100cd9c    0000009c     rtsv7M4_T_le_eabi.lib : memcpy_t2.asm.obj (.text)
                  0100ce38    00000098     httpclient_release.a : httpclient.oem4 (.text:HTTPClient_sendRequest)
                  0100ced0    00000096     rtsv7M4_T_le_eabi.lib : ull_div_t2.asm.obj (.text)
                  0100cf66    00000002     release_pem4.oem4 (.text:xdc_runtime_Startup_reset__I)
                  0100cf68    00000094     simplelink.a : cc_pal.obj (.text:Semaphore_pend_handle)
                  0100cffc    00000094     drivers_cc32xx.a : SPICC32XXDMA.oem4 (.text:initHw)
                  0100d090    00000094     httpclient_release.a : httpclient.oem4 (.text:locationParser)
                  0100d124    00000004     dpl_cc32xx.a : HwiP_tirtos.oem4 (.text:HwiP_disable)
                  0100d128    00000094     sysbios.aem4 : BIOS.obj (.text:ti_sysbios_knl_Task_exit__E)
                  0100d1bc    00000092     slnetsock_release.a : slnetsock.oem4 (.text:SlNetSock_create)
                  0100d24e    00000002     --HOLE-- [fill = 0]
                  0100d250    00000090     drivers_cc32xx.a : GPIOCC32XX.oem4 (.text:GPIO_init)
                  0100d2e0    00000090     slnetsock_release.a : slnetsock.oem4 (.text:SlNetSock_getVirtualSdConf)
                  0100d370    00000090     simplelink.a : device.obj (.text:_SlDeviceHandleAsync_Stop)
                  0100d400    00000090                  : sl_socket.obj (.text:_SlSocketHandleAsync_Accept)
                  0100d490    00000090     httpclient_release.a : httpclient.oem4 (.text:createSecAttribs)
                  0100d520    00000090     drivers_cc32xx.a : PowerCC32XX.oem4 (.text:restoreNVICRegs)
                  0100d5b0    00000090     sysbios.aem4 : BIOS.obj (.text:ti_sysbios_knl_Task_Module_startup__E)
                  0100d640    0000008c     drivers_cc32xx.a : UARTCC32XXDMA.oem4 (.text:UARTCC32XXDMA_write)
                  0100d6cc    0000008c     simplelink.a : driver.obj (.text:_SlDrvDriverIsApiAllowed)
                  0100d758    0000008c                  : driver.obj (.text:_SlDrvProtectAsyncRespSetting)
                  0100d7e4    0000008c                  : sl_socket.obj (.text:sl_Recv)
                  0100d870    0000008c     sysbios.aem4 : BIOS.obj (.text:xdc_runtime_Memory_alloc__E)
                  0100d8fc    00000088     driverlib.a : pin.obj (.text:PinConfigSet)
                  0100d984    00000088     httpclient_release.a : httpclient.oem4 (.text:readLine)
                  0100da0c    00000088     simplelink.a : eventreg.obj (.text:sl_UnregisterLibsEventHandler)
                  0100da94    00000004     dpl_cc32xx.a : HwiP_tirtos.oem4 (.text:HwiP_disableInterrupt)
                  0100da98    00000088     sysbios.aem4 : BIOS.obj (.text:ti_sysbios_family_arm_m3_Hwi_initNVIC__E)
                  0100db20    00000088                  : BIOS.obj (.text:ti_sysbios_knl_Mailbox_post__E)
                  0100dba8    00000086     rtsv7M4_T_le_eabi.lib : fd_cmp_t2.asm.obj (.text:__aeabi_cdcmple)
                  0100dc2e    00000086                           : fd_cmp_t2.asm.obj (.text:__aeabi_cdrcmple)
                  0100dcb4    00000004     dpl_cc32xx.a : HwiP_tirtos.oem4 (.text:HwiP_enableInterrupt)
                  0100dcb8    00000086     sysbios.aem4 : BIOS.obj (.text:xdc_runtime_Core_constructObject__I)
                  0100dd3e    00000002     --HOLE-- [fill = 0]
                  0100dd40    00000084     drivers_cc32xx.a : PowerCC32XX.oem4 (.text:Power_init)
                  0100ddc4    00000084     slnetifwifi.a : slnetifwifi.obj (.text:SlNetIfWifi_sockstartSec)
                  0100de48    00000084     slnetsock_release.a : slnetutils.oem4 (.text:SlNetUtil_getHostByName)
                  0100decc    00000084     drivers_cc32xx.a : PowerCC32XX.oem4 (.text:saveNVICRegs)
                  0100df50    00000084     simplelink.a : sl_socket.obj (.text:sl_SetSockOpt)
                  0100dfd4    00000004     drivers_cc32xx.a : SPICC32XXDMA.oem4 (.text:SPICC32XXDMA_init)
                  0100dfd8    00000084     sysbios.aem4 : BIOS.obj (.text:ti_sysbios_family_arm_m3_Hwi_postInit__I)
                  0100e05c    00000004     dpl_cc32xx.a : SemaphoreP_tirtos.oem4 (.text:SemaphoreP_post)
                  0100e060    00000084     sysbios.aem4 : BIOS.obj (.text:ti_sysbios_heaps_HeapMem_free__E)
                  0100e0e4    00000080     drivers_cc32xx.a : PowerCC32XX.oem4 (.text:Power_setDependency)
                  0100e164    00000080     slnetifwifi.a : slwificonn.obj (.text:SignalEvent)
                  0100e1e4    00000080     drivers_cc32xx.a : UARTCC32XXDMA.oem4 (.text:UARTCC32XXDMA_read)
                  0100e264    00000004     slnetsock_release.a : slnetutils.oem4 (.text:SlNetUtil_init)
                  0100e268    00000080     sysbios.aem4 : BIOS.obj (.text:ti_sysbios_knl_Clock_workFunc__E)
                  0100e2e8    0000007c     drivers_cc32xx.a : UDMACC32XX.oem4 (.text:UDMACC32XX_open)
                  0100e364    00000004     dpl_cc32xx.a : SystemP_tirtos.oem4 (.text:SystemP_vsnprintf)
                  0100e368    0000007c     sysbios.aem4 : BIOS.obj (.text:_pthread_abstime2ticks)
                  0100e3e4    0000007a     drivers_cc32xx.a : UARTCC32XXDMA.oem4 (.text:UARTCC32XXDMA_readPolling)
                  0100e45e    0000007a     rtsv7M4_T_le_eabi.lib : memset_t2.asm.obj (.text)
                  0100e4d8    00000078     simplelink.a : sl_socket.obj (.text:sl_Socket)
                  0100e550    00000075     sysbios.aem4 : BIOS.obj (.text:xdc_runtime_System_formatNum__I)
                  0100e5c5    00000003     --HOLE-- [fill = 0]
                  0100e5c8    00000074     slnetsock_release.a : slnetsock.oem4 (.text:SlNetSock_AllocVirtualSocket)
                  0100e63c    00000074     drivers_cc32xx.a : GPIOCC32XX.oem4 (.text:powerNotifyFxn)
                  0100e6b0    00000074     sysbios.aem4 : BIOS.obj (.text:xdc_runtime_Core_deleteObject__I)
                  0100e724    00000070     httpclient_release.a : httpclient.oem4 (.text:HTTPClient_disconnect)
                  0100e794    00000070     slnetsock_release.a : slnetsock.oem4 (.text:SlNetSock_secAttribSet)
                  0100e804    00000070     simplelink.a : driver.obj (.text:_SlDrvCmdSend_noLock)
                  0100e874    00000004     release_pem4.oem4 (.text:ti_sysbios_BIOS_RtsGateProxy_enter__E)
                  0100e878    00000070     sysbios.aem4 : BIOS.obj (.text:acquireMutexNone$47)
                  0100e8e8    00000070                  : BIOS.obj (.text:ti_sysbios_heaps_HeapMem_initPrimary__I)
                  0100e958    0000006e     rtsv7M4_T_le_eabi.lib : _printfi.c.obj (.text:_mcpy)
                  0100e9c6    00000002     --HOLE-- [fill = 0]
                  0100e9c8    0000006c     httpclient_release.a : httpclient.oem4 (.text:HTTPClient_getHeader)
                  0100ea34    0000006c     slnetifwifi.a : slnetifwifi.obj (.text:SlNetIfWifi_ping)
                  0100eaa0    0000006c     slnetsock_release.a : slnetutils.oem4 (.text:SlNetUtil_str2BinIpV4)
                  0100eb0c    0000006c     simplelink.a : device.obj (.text:_SlDeviceHandleResetRequestInternally)
                  0100eb78    0000006c                  : sl_socket.obj (.text:_SlDrvOpenCtrlSocket)
                  0100ebe4    0000006c                  : netapp.obj (.text:_SlNetAppSendTokenValue)
                  0100ec50    0000006c     sysbios.aem4 : BIOS.obj (.text:ti_sysbios_knl_Swi_restoreHwi__E)
                  0100ecbc    00000068     simplelink.a : driver.obj (.text:_SlSpawnMsgListGetCount)
                  0100ed24    00000068     rtsv7M4_T_le_eabi.lib : copy_decompress_lzss.c.obj (.text:decompress:lzss:__TI_decompress_lzss)
                  0100ed8c    00000068     main_tirtos.obj (.text:main)
                  0100edf4    00000004     release_pem4.oem4 (.text:ti_sysbios_BIOS_RtsGateProxy_leave__E)
                  0100edf8    00000068     sysbios.aem4 : BIOS.obj (.text:pthread_exit)
                  0100ee60    00000068     simplelink.a : cc_pal.obj (.text:spi_Open)
                  0100eec8    00000068     sysbios.aem4 : BIOS.obj (.text:ti_sysbios_family_arm_cc32xx_Seconds_getTime__E)
                  0100ef30    00000064     drivers_cc32xx.a : GPIOCC32XX.oem4 (.text:GPIO_setInterruptConfig)
                  0100ef94    00000064                      : PowerCC32XX.oem4 (.text:PowerCC32XX_setParkState)
                  0100eff8    00000064     sysbios.aem4 : BIOS.obj (.text:ti_sysbios_family_arm_m3_Hwi_dispatchC__I)
                  0100f05c    00000060     drivers_cc32xx.a : GPIOCC32XX.oem4 (.text:GPIO_hwiIntFxn)
                  0100f0bc    00000060     driverlib.a : prcm.obj (.text:PRCMSysResetCauseGet)
                  0100f11c    00000060     drivers_cc32xx.a : UARTCC32XXDMA.oem4 (.text:UARTCC32XXDMA_control)
                  0100f17c    00000004     release_pem4.oem4 (.text:ti_sysbios_family_arm_m3_Hwi_delete)
                  0100f180    00000060     sysbios.aem4 : BIOS.obj (.text:ti_sysbios_knl_Semaphore_post__E)
                  0100f1e0    00000060                  : BIOS.obj (.text:ti_sysbios_knl_Swi_run__I)
                  0100f240    0000005e     slnetifwifi.a : slnetifwifi.obj (.text:SlNetIfWifi_setSockOpt)
                  0100f29e    00000002     --HOLE-- [fill = 0]
                  0100f2a0    0000005c     display_cc32xx.a : Display.oem4 (.text:Display_doOpen)
                  0100f2fc    0000005c     slnetifwifi.a : slwificonn.obj (.text:SlWifiConn_enable)
                  0100f358    0000005c     simplelink.a : spawn.obj (.text:_SlInternalSpawn)
                  0100f3b4    0000005c     rtsv7M4_T_le_eabi.lib : s_frexp.c.obj (.text:frexp)
                  0100f410    0000005c     httpclient_release.a : httpclient.oem4 (.text:readRawResponseBody)
                  0100f46c    00000004     release_pem4.oem4 (.text:ti_sysbios_family_arm_m3_TaskSupport_Module__startupDone__S)
                  0100f470    0000005c     sysbios.aem4 : BIOS.obj (.text:ti_sysbios_family_arm_m3_Timer_start__E)
                  0100f4cc    00000004     release_pem4.oem4 (.text:ti_sysbios_heaps_HeapMem_Module_GateProxy_enter__E)
                  0100f4d0    0000005c     sysbios.aem4 : BIOS.obj (.text:ti_sysbios_knl_Swi_schedule__I)
                  0100f52c    00000004     release_pem4.oem4 (.text:ti_sysbios_heaps_HeapMem_Module_GateProxy_leave__E)
                  0100f530    0000005c     sysbios.aem4 : BIOS.obj (.text:ti_sysbios_knl_Task_startCore__E)
                  0100f58c    00000004     release_pem4.oem4 (.text:ti_sysbios_knl_Clock_TimerProxy_getMaxTicks__E)
                  0100f590    0000005c     sysbios.aem4 : BIOS.obj (.text:xdc_runtime_Startup_exec__E)
                  0100f5ec    00000058     driverlib.a : prcm.obj (.text:PRCMPeripheralReset)
                  0100f644    00000058     drivers_cc32xx.a : PowerCC32XX.oem4 (.text:Power_releaseDependency)
                  0100f69c    00000058     slnetsock_release.a : slnetsock.oem4 (.text:SlNetSock_recv)
                  0100f6f4    00000058                         : slnetsock.oem4 (.text:SlNetSock_send)
                  0100f74c    00000058     simplelink.a : sl_socket.obj (.text:_SlDrvClearCtrlSocket)
                  0100f7a4    00000058                  : driver.obj (.text:_SlFindAndReleasePendingCmd)
                  0100f7fc    00000058                  : sl_socket.obj (.text:sl_Listen)
                  0100f854    00000058                  : eventreg.obj (.text:sl_RegisterLibsEventHandler)
                  0100f8ac    00000058     ti_net_config.obj (.text:ti_net_SlNet_initConfig)
                  0100f904    00000004     release_pem4.oem4 (.text:ti_sysbios_knl_Clock_TimerProxy_setPeriodMicroSecs__E)
                  0100f908    00000058     sysbios.aem4 : BIOS.obj (.text:ti_sysbios_family_arm_cc32xx_Seconds_getCount__I)
                  0100f960    00000056     rtsv7M4_T_le_eabi.lib : _printfi.c.obj (.text:_pconv_f)
                  0100f9b6    00000002     --HOLE-- [fill = 0]
                  0100f9b8    00000054     simplelink.a : driver.obj (.text:_SlDrvRxIrqHandler)
                  0100fa0c    00000054     rtsv7M4_T_le_eabi.lib : _ltoa.c.obj (.text:__TI_ltoa)
                  0100fa60    00000054     httpclient_release.a : httpclient.oem4 (.text:resHeaderNameToHash)
                  0100fab4    00000054     release_pem4.oem4 (.text:ti_sysbios_family_arm_m3_Hwi_create)
                  0100fb08    00000052     drivers_cc32xx.a : PowerCC32XX_asm.oem4 (.text:PowerCC32XX_resumeLPDS)
                  0100fb5a    00000052     rtsv7M4_T_le_eabi.lib : _printfi.c.obj (.text:_ecpy)
                  0100fbac    00000050     simplelink.a : cc_pal.obj (.text:NwpRegisterInterruptHandler)
                  0100fbfc    00000050     slnetsock_release.a : slnetif.oem4 (.text:SlNetIf_queryIf)
                  0100fc4c    00000050     drivers_cc32xx.a : UARTCC32XXDMA.oem4 (.text:UARTCC32XXDMA_writePolling)
                  0100fc9c    00000050     simplelink.a : sl_socket.obj (.text:_SlDrvCloseCtrlSocket)
                  0100fcec    00000050                  : driver.obj (.text:_SlDrvCmdSend_noWait)
                  0100fd3c    00000050                  : driver.obj (.text:_SlDrvUpdateApiInProgress)
                  0100fd8c    00000050                  : spawn.obj (.text:_SlInternalSpawnTaskEntry)
                  0100fddc    00000050                  : eventreg.obj (.text:_SlNetAppHttpServerHdlr)
                  0100fe2c    00000050                  : eventreg.obj (.text:_SlNetAppRequestHdlr)
                  0100fe7c    00000004     release_pem4.oem4 (.text:ti_sysbios_knl_Clock_TimerProxy_start__E)
                  0100fe80    00000050     sysbios.aem4 : BIOS.obj (.text:mq_send)
                  0100fed0    00000050     httpclient_release.a : httpclient.oem4 (.text:removeRequestHeader)
                  0100ff20    00000050     sysbios.aem4 : BIOS.obj (.text:ti_sysbios_family_arm_m3_Hwi_Module_startup__E)
                  0100ff70    00000050                  : BIOS.obj (.text:ti_sysbios_family_arm_m3_Timer_setPeriod__E)
                  0100ffc0    00000050     release_pem4.oem4 (.text:ti_sysbios_knl_Task_create)
                  01010010    0000004e     drivers_cc32xx.a : UARTCC32XXDMA.oem4 (.text:writeCancel)
                  0101005e    00000002     --HOLE-- [fill = 0]
                  01010060    0000004c     simplelink.a : cc_pal.obj (.text:NwpWaitForShutDownInd)
                  010100ac    0000004c     drivers_cc32xx.a : PowerCC32XX.oem4 (.text:PowerCC32XX_parkPin)
                  010100f8    0000004c     slnetifwifi.a : slnetifwifi.obj (.text:SlNetIfWifi_getConnectionStatus)
                  01010144    0000004c                   : slnetifwifi.obj (.text:SlNetIfWifi_getIPAddr)
                  01010190    0000004c     slnetsock_release.a : slnetsock.oem4 (.text:SlNetSock_freeVirtualSocket)
                  010101dc    0000004c                         : slnetsock.oem4 (.text:SlNetSock_startSec)
                  01010228    0000004c     slnetifwifi.a : slwificonn.obj (.text:SlWifiConn_disable)
                  01010274    0000004c     rtsv7M4_T_le_eabi.lib : atoi.c.obj (.text:atoi)
                  010102c0    0000004c                           : cpy_tbl.c.obj (.text:copy_in)
                  0101030c    0000004c     platform.obj (.text:printError)
                  01010358    0000004c     drivers_cc32xx.a : PowerCC32XX.oem4 (.text:restorePeriphClocks)
                  010103a4    0000004c     simplelink.a : wlan.obj (.text:sl_WlanSetMode)
                  010103f0    0000004c     sysbios.aem4 : m3_TaskSupport_asm.obj (.text:ti_sysbios_family_arm_m3_TaskSupport_buildTaskStack)
                  0101043c    00000004     release_pem4.oem4 (.text:ti_sysbios_knl_Clock_TimerProxy_stop__E)
                  01010440    0000004c     sysbios.aem4 : BIOS.obj (.text:ti_sysbios_heaps_HeapMem_getStats__E)
                  0101048c    00000004     release_pem4.oem4 (.text:ti_sysbios_knl_Clock_delete)
                  01010490    0000004c     sysbios.aem4 : BIOS.obj (.text:ti_sysbios_knl_Swi_runLoop__I)
                  010104dc    00000004     release_pem4.oem4 (.text:ti_sysbios_knl_Semaphore_delete)
                  010104e0    0000004c     sysbios.aem4 : BIOS.obj (.text:ti_sysbios_knl_Task_allBlockedFunction__I)
                  0101052c    00000004     release_pem4.oem4 (.text:ti_sysbios_knl_Task_delete)
                  01010530    0000004c     sysbios.aem4 : BIOS.obj (.text:ti_sysbios_knl_Task_schedule__I)
                  0101057c    0000004a     display_cc32xx.a : DisplayUart.oem4 (.text:DisplayUartMin_open)
                  010105c6    0000004a     httpclient_release.a : httpclient.oem4 (.text:clearResponseValues)
                  01010610    0000004a     drivers_cc32xx.a : UARTCC32XXDMA.oem4 (.text:readCancel)
                  0101065a    00000002     --HOLE-- [fill = 0]
                  0101065c    00000048     driverlib.a : flash.obj (.text:FlashDisable)
                  010106a4    00000048     drivers_cc32xx.a : GPIOCC32XX.oem4 (.text:GPIO_disableInt)
                  010106ec    00000048                      : GPIOCC32XX.oem4 (.text:GPIO_enableInt)
                  01010734    00000048     driverlib.a : prcm.obj (.text:PRCMLPDSEnter)
                  0101077c    00000048                 : prcm.obj (.text:PRCMPeripheralClkEnable)
                  010107c4    00000048     drivers_cc32xx.a : PowerCC32XX.oem4 (.text:Power_releaseConstraint)
                  0101080c    00000048     slnetsock_release.a : slnetsock.oem4 (.text:SlNetSock_connect)
                  01010854    00000048                         : slnetsock.oem4 (.text:SlNetSock_init)
                  0101089c    00000048     simplelink.a : eventreg.obj (.text:_SlDeviceFatalErrorEvtHdlr)
                  010108e4    00000048                  : eventreg.obj (.text:_SlDeviceGeneralEvtHdlr)
                  0101092c    00000048                  : driver.obj (.text:_SlDrvSyncObjWaitTimeout)
                  01010974    00000048                  : eventreg.obj (.text:_SlNetAppEvtHdlr)
                  010109bc    00000048                  : eventreg.obj (.text:_SlNetAppRequestMemFree)
                  01010a04    00000048                  : eventreg.obj (.text:_SlSockEvtHdlr)
                  01010a4c    00000048                  : eventreg.obj (.text:_SlWlanEvtHdlr)
                  01010a94    00000004     release_pem4.oem4 (.text:xdc_runtime_System_Module_GateProxy_enter__E)
                  01010a98    00000048     sysbios.aem4 : BIOS.obj (.text:pthread_mutex_init)
                  01010ae0    00000048     rtsv7M4_T_le_eabi.lib : fd_toi_t2.asm.obj (.text)
                  01010b28    00000048     sysbios.aem4 : BIOS.obj (.text:ti_sysbios_family_arm_m3_Hwi_disableInterrupt__E)
                  01010b70    00000048                  : BIOS.obj (.text:ti_sysbios_family_arm_m3_Hwi_enableInterrupt__E)
                  01010bb8    00000048                  : m3_Hwi_asm_switch.obj (.text:ti_sysbios_family_arm_m3_Hwi_initStacks__E)
                  01010c00    00000048                  : BIOS.obj (.text:ti_sysbios_family_arm_m3_Timer_initDevice__I)
                  01010c48    00000048                  : BIOS.obj (.text:ti_sysbios_knl_Mailbox_Module_startup__E)
                  01010c90    00000048                  : BIOS.obj (.text:xdc_runtime_Core_assignParams__I)
                  01010cd8    00000046     display_cc32xx.a : DisplayUart.oem4 (.text:DisplayUartMin_vprintf)
                  01010d1e    00000002     --HOLE-- [fill = 0]
                  01010d20    00000044     httpclient_release.a : httpclient.oem4 (.text:HTTPClient_create)
                  01010d64    00000044     driverlib.a : prcm.obj (.text:PRCMLPDSRestoreInfoSet)
                  01010da8    00000044     drivers_cc32xx.a : PowerCC32XX_asm.oem4 (.text:PowerCC32XX_enterLPDS)
                  01010dec    00000044                      : SPI.oem4 (.text:SPI_init)
                  01010e30    00000044     slnetsock_release.a : slnetutils.oem4 (.text:SlNetUtil_strTok)
                  01010e74    00000044     drivers_cc32xx.a : UART.oem4 (.text:UART_init)
                  01010eb8    00000044     boot.aem4 : boot.oem4 (.text)
                  01010efc    00000044     rtsv7M4_T_le_eabi.lib : fd_tou_t2.asm.obj (.text)
                  01010f40    00000044     sysbios.aem4 : BIOS.obj (.text:ti_sysbios_family_arm_m3_Hwi_getStackInfo__E)
                  01010f84    00000004     release_pem4.oem4 (.text:xdc_runtime_System_Module_GateProxy_leave__E)
                  01010f88    00000044     sysbios.aem4 : BIOS.obj (.text:ti_sysbios_knl_Mailbox_postInit__I)
                  01010fcc    00000004     --HOLE-- [fill = 0]
                  01010fd0    00000044                  : BIOS.obj (.text:ti_sysbios_knl_Swi_post__E)
                  01011014    00000004     --HOLE-- [fill = 0]
                  01011018    00000044                  : BIOS.obj (.text:xdc_runtime_System_atexit__E)
                  0101105c    00000042     httpclient_release.a : httpclient.oem4 (.text:initializeCB)
                  0101109e    00000002     --HOLE-- [fill = 0]
                  010110a0    00000040     dpl_cc32xx.a : ClockP_tirtos.oem4 (.text:ClockP_create)
                  010110e0    00000040     simplelink.a : sl_socket.obj (.text:CountSetBits)
                  01011120    00000040     dpl_cc32xx.a : HwiP_tirtos.oem4 (.text:HwiP_create)
                  01011160    00000040     driverlib.a : pin.obj (.text:PinModeSet)
                  010111a0    00000040     drivers_cc32xx.a : SPI.oem4 (.text:SPI_open)
                  010111e0    00000040     slnetsock_release.a : slnetif.oem4 (.text:SlNetIf_configCheck)
                  01011220    00000040     drivers_cc32xx.a : UART.oem4 (.text:UART_open)
                  01011260    00000040                      : UDMACC32XX.oem4 (.text:UDMACC32XX_init)
                  010112a0    00000040     simplelink.a : driver.obj (.text:_SlDrvGlobalObjUnLock)
                  010112e0    00000040                  : spawn.obj (.text:_SlInternalSpawnWaitForEvent)
                  01011320    00000040                  : eventreg.obj (.text:_SlIsEventRegistered)
                  01011360    00000040     httpclient_release.a : httpclient.oem4 (.text:clearReqHeaders)
                  010113a0    00000040     rtsv7M4_T_le_eabi.lib : u_divt2.asm.obj (.text)
                  010113e0    00000040                           : sprintf.c.obj (.text:sprintf)
                  01011420    00000040     sysbios.aem4 : BIOS.obj (.text:ti_sysbios_heaps_HeapMem_Instance_init__E)
                  01011460    00000040                  : BIOS.obj (.text:ti_sysbios_knl_Clock_Instance_init__E)
                  010114a0    00000040     rtsv7M4_T_le_eabi.lib : vsnprintf.c.obj (.text:vsnprintf)
                  010114e0    0000003e     slnetsock_release.a : slnetsock.oem4 (.text:SlNetSock_close)
                  0101151e    0000003e     simplelink.a : sl_socket.obj (.text:_SlSocketBuildAddress)
                  0101155c    0000003e     rtsv7M4_T_le_eabi.lib : _printfi.c.obj (.text:_fcpy)
                  0101159a    00000006     display_cc32xx.a : DisplayUart.oem4 (.text:DisplayUartMin_getType)
                  010115a0    0000003e     sysbios.aem4 : BIOS.obj (.text:sem_timedwait)
                  010115de    00000002     --HOLE-- [fill = 0]
                  010115e0    0000003c     drivers_cc32xx.a : PowerCC32XX.oem4 (.text:Power_setConstraint)
                  0101161c    0000003c     dpl_cc32xx.a : SemaphoreP_tirtos.oem4 (.text:SemaphoreP_create)
                  01011658    0000003c     simplelink.a : netapp.obj (.text:_SlNetAppCopyPingResultsToReport)
                  01011694    00000004     --HOLE-- [fill = 0]
                  01011698    0000003c     sysbios.aem4 : BIOS.obj (.text:pthread_mutex_unlock)
                  010116d4    00000004     --HOLE-- [fill = 0]
                  010116d8    0000003c                  : BIOS.obj (.text:ti_sysbios_family_arm_m3_Hwi_Instance_finalize__E)
                  01011714    00000004     --HOLE-- [fill = 0]
                  01011718    0000003c                  : BIOS.obj (.text:ti_sysbios_family_arm_m3_Timer_setPeriodMicroSecs__E)
                  01011754    0000003c     release_pem4.oem4 (.text:ti_sysbios_knl_Clock_create)
                  01011790    0000003c     sysbios.aem4 : BIOS.obj (.text:ti_sysbios_knl_Clock_walkQueuePeriodic__E)
                  010117cc    00000004     --HOLE-- [fill = 0]
                  010117d0    0000003c                  : BIOS.obj (.text:ti_sysbios_knl_Swi_restore__E)
                  0101180c    0000003c     simplelink.a : sl_socket.obj (.text:to_mSec)
                  01011848    0000003c     sysbios.aem4 : BIOS.obj (.text:usleep)
                  01011884    00000004     --HOLE-- [fill = 0]
                  01011888    0000003c                  : BIOS.obj (.text:xdc_runtime_System_processAtExit__E)
                  010118c4    0000003a     dpl_cc32xx.a : PowerCC32XX_tirtos.oem4 (.text:getCountsRTC)
                  010118fe    0000003a     httpclient_release.a : httpclient.oem4 (.text:stringncasecmp)
                  01011938    00000038     driverlib.a : prcm.obj (.text:PRCMLPDSEnterKeepDebugIf)
                  01011970    00000038     slnetifwifi.a : slnetifwifi.obj (.text:SlNetIfWifi_recvFrom)
                  010119a8    00000038                   : slnetifwifi.obj (.text:SlNetIfWifi_sendTo)
                  010119e0    00000038                   : slnetifwifi.obj (.text:SlNetIfWifi_socket)
                  01011a18    00000038     slnetsock_release.a : slnetutils.oem4 (.text:SlNetUtil_htonl)
                  01011a50    00000038     drivers_cc32xx.a : PowerCC32XX.oem4 (.text:notify)
                  01011a88    00000038     rtsv7M4_T_le_eabi.lib : fs_tod_t2.asm.obj (.text)
                  01011ac0    00000038     drivers_cc32xx.a : UARTCC32XXDMA.oem4 (.text:startTxFifoEmptyClk)
                  01011af8    00000038     httpclient_release.a : httpclient.oem4 (.text:stringcasecmp)
                  01011b30    00000038     sysbios.aem4 : BIOS.obj (.text:ti_sysbios_knl_Task_processVitalTaskFlag__I)
                  01011b68    00000036     slnetifwifi.a : slnetifwifi.obj (.text:SlNetIfWifi_getHostByName)
                  01011b9e    00000036                   : slnetifwifi.obj (.text:SlNetIfWifi_select)
                  01011bd4    00000036     rtsv7M4_T_le_eabi.lib : strncpy.c.obj (.text:strncpy)
                  01011c0a    00000034     httpclient_release.a : httpclient.oem4 (.text:HTTPClient_destroy)
                  01011c3e    00000002     --HOLE-- [fill = 0]
                  01011c40    00000034     driverlib.a : pin.obj (.text:PinModeGet)
                  01011c74    00000034     drivers_cc32xx.a : PowerCC32XX.oem4 (.text:PowerCC32XX_restoreParkState)
                  01011ca8    00000034     slnetifwifi.a : slnetifwifi.obj (.text:SlNetIfWifi_CreateContext)
                  01011cdc    00000034     slnetsock_release.a : slnetif.oem4 (.text:SlNetIf_init)
                  01011d10    00000034                         : slnetutils.oem4 (.text:SlNetUtil_htons)
                  01011d44    00000034     drivers_cc32xx.a : UDMACC32XX.oem4 (.text:UDMACC32XX_close)
                  01011d78    00000034     rtsv7M4_T_le_eabi.lib : strstr.c.obj (.text:strstr)
                  01011dac    00000004     --HOLE-- [fill = 0]
                  01011db0    00000034     sysbios.aem4 : BIOS.obj (.text:ti_sysbios_family_arm_m3_Timer_periodicStub__I)
                  01011de4    00000034     release_pem4.oem4 (.text:ti_sysbios_knl_Semaphore_create)
                  01011e18    00000034     drivers_cc32xx.a : UARTCC32XXDMA.oem4 (.text:writeFinishedDoCallback)
                  01011e4c    00000004     --HOLE-- [fill = 0]
                  01011e50    00000032     sysbios.aem4 : BIOS.obj (.text:ti_sysbios_hal_Hwi_initStack)
                  01011e82    00000006     slnetifwifi.a : slwificonn.obj (.text:DummyPrintf)
                  01011e88    00000032     sysbios.aem4 : BIOS.obj (.text:xdc_runtime_System_putchar__I)
                  01011eba    00000030     drivers_cc32xx.a : PowerCC32XX.oem4 (.text:PowerCC32XX_restoreParkedPin)
                  01011eea    00000030     simplelink.a : fs.obj (.text:_SlFsStrlen)
                  01011f1a    00000030     rtsv7M4_T_le_eabi.lib : vsnprintf.c.obj (.text:_outs)
                  01011f4a    00000006     drivers_cc32xx.a : SPICC32XXDMA.oem4 (.text:SPICC32XXDMA_control)
                  01011f50    00000030     sysbios.aem4 : BIOS.obj (.text:getTime$21)
                  01011f80    00000030     release_pem4.oem4 (.text:ti_sysbios_BIOS_atExitFunc__I)
                  01011fb0    00000030     release_pem4.oem4 (.text:ti_sysbios_BIOS_startFunc__I)
                  01011fe0    00000030     sysbios.aem4 : BIOS.obj (.text:ti_sysbios_family_arm_m3_TaskSupport_start__E)
                  01012010    00000030     release_pem4.oem4 (.text:ti_sysbios_gates_GateHwi_Object__create__S)
                  01012040    00000030     release_pem4.oem4 (.text:ti_sysbios_gates_GateMutex_Object__create__S)
                  01012070    00000030     sysbios.aem4 : BIOS.obj (.text:ti_sysbios_gates_GateMutex_enter__E)
                  010120a0    00000030     release_pem4.oem4 (.text:ti_sysbios_heaps_HeapMem_Object__create__S)
                  010120d0    00000030     release_pem4.oem4 (.text:ti_sysbios_knl_Semaphore_construct)
                  01012100    00000030     sysbios.aem4 : BIOS.obj (.text:ti_sysbios_knl_Semaphore_pendTimeout__I)
                  01012130    00000030                  : BIOS.obj (.text:ti_sysbios_knl_Task_restore__E)
                  01012160    00000030                  : BIOS.obj (.text:ti_sysbios_knl_Task_unblockI__E)
                  01012190    00000030     release_pem4.oem4 (.text:ti_sysbios_rts_MemAlloc_alloc)
                  010121c0    0000002e     simplelink.a : cc_pal.obj (.text:Mutex_create_handle)
                  010121ee    0000002e     rtsv7M4_T_le_eabi.lib : i_tofd_t2.asm.obj (.text)
                  0101221c    0000002c     simplelink.a : cc_pal.obj (.text:NwpPowerOn)
                  01012248    0000002c     drivers_cc32xx.a : PowerCC32XX.oem4 (.text:PowerCC32XX_getParkState)
                  01012274    0000002c     dpl_cc32xx.a : SemaphoreP_tirtos.oem4 (.text:SemaphoreP_createBinary)
                  010122a0    0000002c     slnetifwifi.a : slnetifwifi.obj (.text:SlNetIfWifi_recv)
                  010122cc    0000002c                   : slnetifwifi.obj (.text:SlNetIfWifi_send)
                  010122f8    0000002c     simplelink.a : driver.obj (.text:_SlDrvSyncObjWaitForever)
                  01012324    00000004     --HOLE-- [fill = 0]
                  01012328    0000002c     sysbios.aem4 : BIOS.obj (.text:_pthread_cleanupFxn)
                  01012354    00000004     --HOLE-- [fill = 0]
                  01012358    0000002c                  : BIOS.obj (.text:_pthread_delete$43)
                  01012384    00000004     --HOLE-- [fill = 0]
                  01012388    0000002c                  : BIOS.obj (.text:clockFxn$41)
                  010123b4    0000002c     rtsv7M4_T_le_eabi.lib : strncmp.c.obj (.text:strncmp)
                  010123e0    0000002c     sysbios.aem4 : BIOS.obj (.text:ti_sysbios_family_arm_m3_TimestampProvider_Module_startup__E)
                  0101240c    0000002c     release_pem4.oem4 (.text:ti_sysbios_gates_GateHwi_Handle__label__S)
                  01012438    0000002c     release_pem4.oem4 (.text:ti_sysbios_gates_GateMutex_Handle__label__S)
                  01012464    0000002c     release_pem4.oem4 (.text:ti_sysbios_heaps_HeapMem_Handle__label__S)
                  01012490    0000002c     release_pem4.oem4 (.text:ti_sysbios_knl_Clock_doTick__I)
                  010124bc    0000002c     release_pem4.oem4 (.text:ti_sysbios_knl_Queue_construct)
                  010124e8    0000002a     display_cc32xx.a : Display.oem4 (.text:Display_doPrintf)
                  01012512    0000002a     slnetsock_release.a : slnetutils.oem4 (.text:SlNetUtil_inetPton)
                  0101253c    0000002a     drivers_cc32xx.a : UARTCC32XXDMA.oem4 (.text:UARTCC32XXDMA_readCancel)
                  01012566    0000002a                      : UARTCC32XXDMA.oem4 (.text:UARTCC32XXDMA_writeCancel)
                  01012590    0000002a     release_pem4.oem4 (.text:calloc)
                  010125ba    0000002a     httpclient_release.a : httpclient.oem4 (.text:searchCustomResponseHeaderNode)
                  010125e4    00000004     --HOLE-- [fill = 0]
                  010125e8    0000002a     sysbios.aem4 : BIOS.obj (.text:sem_init)
                  01012612    00000002     --HOLE-- [fill = 0]
                  01012614    00000028     display_cc32xx.a : Display.oem4 (.text:Display_doInit)
                  0101263c    00000028     driverlib.a : prcm.obj (.text:PRCMPeripheralClkDisable)
                  01012664    00000028     dpl_cc32xx.a : PowerCC32XX_tirtos.oem4 (.text:PowerCC32XX_initPolicy)
                  0101268c    00000028     drivers_cc32xx.a : PowerCC32XX.oem4 (.text:Power_registerNotify)
                  010126b4    00000028     slnetsock_release.a : slnetif.oem4 (.text:SlNetIf_callback)
                  010126dc    00000028                         : slnetif.oem4 (.text:SlNetIf_getIfByID)
                  01012704    00000028                         : slnetsock.oem4 (.text:SlNetSock_secAttribDelete)
                  0101272c    00000028     slnetifwifi.a : slwificonn.obj (.text:SlWifiConn_registerNetIFCallback)
                  01012754    00000028     simplelink.a : driver.obj (.text:_SlDrvProtectionObjLockWaitForever)
                  0101277c    00000028                  : driver.obj (.text:_SlDrvProtectionObjUnLock)
                  010127a4    00000028                  : flowcont.obj (.text:_SlFlowContSet)
                  010127cc    00000028     httpclient_release.a : httpclient.oem4 (.text:clearResHeaders)
                  010127f4    00000028     sysbios.aem4 : m3_Hwi_asm.obj (.text:ti_sysbios_family_arm_m3_Hwi_excHandlerAsm__I)
                  0101281c    00000004     --HOLE-- [fill = 0]
                  01012820    00000028                  : BIOS.obj (.text:ti_sysbios_knl_Clock_addI__E)
                  01012848    00000028                  : BIOS.obj (.text:ti_sysbios_knl_Swi_Module_startup__E)
                  01012870    00000026     drivers_cc32xx.a : List.oem4 (.text:List_put)
                  01012896    00000026                      : List.oem4 (.text:List_remove)
                  010128bc    00000024                      : PowerCC32XX.oem4 (.text:PowerCC32XX_reset)
                  010128e0    00000024     slnetsock_release.a : slnetif.oem4 (.text:SlNetIf_getConnectionStatus)
                  01012904    00000024                         : slnetsock.oem4 (.text:SlNetSock_getIfID)
                  01012928    00000024     simplelink.a : driver.obj (.text:_SlDrvIsApiInProgress)
                  0101294c    00000024                  : driver.obj (.text:_SlDrvStartMeasureTimeout)
                  01012970    00000024     sysbios.aem4 : BIOS.obj (.text:pthread_attr_init)
                  01012994    00000024     release_pem4.oem4 (.text:ti_sysbios_BIOS_registerRTSLock__I)
                  010129b8    00000024     release_pem4.oem4 (.text:ti_sysbios_BIOS_removeRTSLock__I)
                  010129dc    00000004     --HOLE-- [fill = 0]
                  010129e0    00000024     sysbios.aem4 : BIOS.obj (.text:ti_sysbios_family_arm_m3_Timer_postInit__I)
                  01012a04    00000004     --HOLE-- [fill = 0]
                  01012a08    00000024                  : BIOS.obj (.text:ti_sysbios_family_arm_m3_Timer_startup__E)
                  01012a2c    00000024     release_pem4.oem4 (.text:ti_sysbios_gates_GateMutex_Object__delete__S)
                  01012a50    00000024     sysbios.aem4 : BIOS.obj (.text:ti_sysbios_knl_Clock_Module_startup__E)
                  01012a74    00000024     release_pem4.oem4 (.text:ti_sysbios_knl_Clock_Object__delete__S)
                  01012a98    00000024     sysbios.aem4 : BIOS.obj (.text:ti_sysbios_knl_Clock_start__E)
                  01012abc    00000004     --HOLE-- [fill = 0]
                  01012ac0    00000024                  : BIOS.obj (.text:ti_sysbios_knl_Semaphore_Instance_init__E)
                  01012ae4    00000024     release_pem4.oem4 (.text:ti_sysbios_knl_Semaphore_Object__delete__S)
                  01012b08    00000024     sysbios.aem4 : BIOS.obj (.text:ti_sysbios_knl_Task_restoreHwi__E)
                  01012b2c    00000004     --HOLE-- [fill = 0]
                  01012b30    00000024                  : BIOS.obj (.text:xdc_runtime_Error_policyMin__E)
                  01012b54    00000020     drivers_cc32xx.a : PowerCC32XX.oem4 (.text:Power_unregisterNotify)
                  01012b74    00000020     slnetifwifi.a : slnetifwifi.obj (.text:SlNetIfWifi_accept)
                  01012b94    00000020     drivers_cc32xx.a : SPICC32XXDMA.oem4 (.text:getPowerMgrId)
                  01012bb4    00000020                      : UARTCC32XXDMA.oem4 (.text:getPowerMgrId)
                  01012bd4    00000020     rtsv7M4_T_le_eabi.lib : u_tofd_t2.asm.obj (.text)
                  01012bf4    00000020     release_pem4.oem4 (.text:ti_sysbios_BIOS_rtsLock__I)
                  01012c14    00000020     release_pem4.oem4 (.text:ti_sysbios_family_arm_m3_Hwi_Object__delete__S)
                  01012c34    00000004     --HOLE-- [fill = 0]
                  01012c38    00000020     sysbios.aem4 : BIOS.obj (.text:ti_sysbios_family_arm_m3_Hwi_clearInterrupt__E)
                  01012c58    00000020     release_pem4.oem4 (.text:ti_sysbios_gates_GateHwi_Object__delete__S)
                  01012c78    00000020     release_pem4.oem4 (.text:ti_sysbios_heaps_HeapMem_Object__delete__S)
                  01012c98    00000020     sysbios.aem4 : BIOS.obj (.text:ti_sysbios_knl_Idle_run__E)
                  01012cb8    00000020     release_pem4.oem4 (.text:ti_sysbios_knl_Semaphore_destruct)
                  01012cd8    00000020     release_pem4.oem4 (.text:ti_sysbios_knl_Task_Object__delete__S)
                  01012cf8    0000001e     slnetifwifi.a : slnetifwifi.obj (.text:SlNetIfWifi_bind)
                  01012d16    0000001e                   : slnetifwifi.obj (.text:SlNetIfWifi_connect)
                  01012d34    0000001e     simplelink.a : driver.obj (.text:_SlDrvObjLockWaitForever)
                  01012d52    0000001e                  : driver.obj (.text:_SlDrvObjUnLock)
                  01012d70    0000001e                  : driver.obj (.text:_SlDrvSyncObjSignal)
                  01012d8e    0000001e     drivers_cc32xx.a : UDMACC32XX.oem4 (.text:postNotifyFxn)
                  01012dac    0000001e     httpclient_release.a : httpclient.oem4 (.text:searchRequestHeader)
                  01012dca    0000001e     rtsv7M4_T_le_eabi.lib : strcat.c.obj (.text:strcat)
                  01012de8    0000001e     sysbios.aem4 : m3_Hwi_asm_switch.obj (.text:ti_sysbios_family_xxx_Hwi_switchAndRunFunc)
                  01012e06    00000002     --HOLE-- [fill = 0]
                  01012e08    0000001c     driverlib.a : pin.obj (.text:PinToPadGet)
                  01012e24    0000001c     simplelink.a : device.obj (.text:_SlDeviceGetStartResponseConvert)
                  01012e40    0000001c                  : spawn.obj (.text:_SlInternalIsItSpawnThread)
                  01012e5c    0000001c     rtsv7M4_T_le_eabi.lib : memccpy.c.obj (.text:memccpy)
                  01012e78    0000001c     sysbios.aem4 : BIOS.obj (.text:ti_sysbios_family_arm_m3_Hwi_excHandler__I)
                  01012e94    00000004     --HOLE-- [fill = 0]
                  01012e98    0000001c                  : BIOS.obj (.text:ti_sysbios_family_arm_m3_Timer_Module_startup__E)
                  01012eb4    00000004     --HOLE-- [fill = 0]
                  01012eb8    0000001c                  : BIOS.obj (.text:ti_sysbios_family_arm_m3_Timer_stop__E)
                  01012ed4    00000004     --HOLE-- [fill = 0]
                  01012ed8    0000001c                  : BIOS.obj (.text:ti_sysbios_gates_GateMutex_Instance_init__E)
                  01012ef4    00000004     --HOLE-- [fill = 0]
                  01012ef8    0000001c                  : BIOS.obj (.text:ti_sysbios_knl_Clock_Instance_finalize__E)
                  01012f14    0000001c     release_pem4.oem4 (.text:ti_sysbios_knl_Queue_destruct)
                  01012f30    0000001c     sysbios.aem4 : BIOS.obj (.text:ti_sysbios_knl_Queue_put__E)
                  01012f4c    00000004     --HOLE-- [fill = 0]
                  01012f50    0000001c                  : BIOS.obj (.text:ti_sysbios_knl_Task_enter__I)
                  01012f6c    00000004     --HOLE-- [fill = 0]
                  01012f70    0000001c                  : BIOS.obj (.text:ti_sysbios_rts_ti_ReentSupport_getReent__F)
                  01012f8c    0000001c     httpclient_release.a : httpclient.oem4 (.text:validateResponseHeader)
                  01012fa8    0000001a     slnetifwifi.a : slnetifwifi.obj (.text:SlNetIfWifi_listen)
                  01012fc2    0000001a     release_pem4.oem4 (.text:free)
                  01012fdc    0000001a     sysbios.aem4 : m3_Hwi_asm.obj (.text:ti_sysbios_family_arm_m3_Hwi_pendSV__I)
                  01012ff6    00000002     --HOLE-- [fill = 0]
                  01012ff8    00000018     drivers_cc32xx.a : PowerCC32XX.oem4 (.text:Power_getTransitionLatency)
                  01013010    00000018                      : PowerCC32XX.oem4 (.text:Power_idleFunc)
                  01013028    00000018     driverlib.a : uart.obj (.text:UARTBusy)
                  01013040    00000018     drivers_cc32xx.a : UART.oem4 (.text:UART_Params_init)
                  01013058    00000018     rtsv7M4_T_le_eabi.lib : args_main.c.obj (.text:_args_main)
                  01013070    00000018                           : vsnprintf.c.obj (.text:_outc)
                  01013088    00000018                           : sprintf.c.obj (.text:_outs)
                  010130a0    00000018     httpclient_release.a : httpclient.oem4 (.text:countChar)
                  010130b8    00000018     rtsv7M4_T_le_eabi.lib : ll_mul_t2.asm.obj (.text)
                  010130d0    00000018                           : strcmp.c.obj (.text:strcmp)
                  010130e8    00000018     release_pem4.oem4 (.text:ti_sysbios_BIOS_rtsUnlock__I)
                  01013100    00000018     release_pem4.oem4 (.text:ti_sysbios_family_arm_m3_Hwi_Module__startupDone__F)
                  01013118    00000018     release_pem4.oem4 (.text:ti_sysbios_family_arm_m3_Timer_Module__startupDone__F)
                  01013130    00000018     sysbios.aem4 : BIOS.obj (.text:ti_sysbios_gates_GateMutex_leave__E)
                  01013148    00000018                  : BIOS.obj (.text:ti_sysbios_knl_Task_sleepTimeout__I)
                  01013160    00000018     release_pem4.oem4 (.text:ti_sysbios_rts_ti_ReentSupport_getTlsAddr__I)
                  01013178    00000018     sysbios.aem4 : BIOS.obj (.text:xdc_runtime_Error_init__E)
                  01013190    00000018                  : BIOS.obj (.text:xdc_runtime_System_exit__E)
                  010131a8    00000016     display_cc32xx.a : DisplayUart.oem4 (.text:DisplayUartMin_close)
                  010131be    00000016     driverlib.a : prcm.obj (.text:PRCMHIBRegRead)
                  010131d4    00000016                 : prcm.obj (.text:PRCMHIBRegWrite)
                  010131ea    00000016     simplelink.a : driver.obj (.text:_SlDrvMemZero)
                  01013200    00000016     httpclient_release.a : httpclient.oem4 (.text:clearNonPersistResponseFilter)
                  01013216    00000002     --HOLE-- [fill = 0]
                  01013218    00000016     sysbios.aem4 : BIOS.obj (.text:pthread_mutex_destroy)
                  0101322e    00000016     rtsv7M4_T_le_eabi.lib : strchr.c.obj (.text:strchr)
                  01013244    00000016     release_pem4.oem4 (.text:ti_sysbios_BIOS_exitFunc__I)
                  0101325a    00000014     ti_drivers_config.obj (.text:Board_init)
                  0101326e    00000002     --HOLE-- [fill = 0]
                  01013270    00000014     drivers_cc32xx.a : PowerCC32XX.oem4 (.text:Power_getDependencyCount)
                  01013284    00000014                      : SPI.oem4 (.text:SPI_Params_init)
                  01013298    00000014     sysbios.aem4 : BIOS.obj (.text:pthread_attr_setschedparam)
                  010132ac    00000014     rtsv7M4_T_le_eabi.lib : strcpy.c.obj (.text:strcpy)
                  010132c0    00000014                           : strlen.c.obj (.text:strlen)
                  010132d4    00000014     release_pem4.oem4 (.text:ti_sysbios_family_arm_m3_Hwi_Object__get__S)
                  010132e8    00000014     sysbios.aem4 : BIOS.obj (.text:ti_sysbios_family_arm_m3_Hwi_switchFromBootStack__E)
                  010132fc    00000014     release_pem4.oem4 (.text:ti_sysbios_heaps_HeapMem_Object__get__S)
                  01013310    00000014     sysbios.aem4 : BIOS.obj (.text:ti_sysbios_knl_Clock_tickReconfig__E)
                  01013324    00000014     release_pem4.oem4 (.text:ti_sysbios_knl_Swi_Object__get__S)
                  01013338    00000012     dpl_cc32xx.a : SemaphoreP_tirtos.oem4 (.text:SemaphoreP_pend)
                  0101334a    00000012     slnetifwifi.a : slnetifwifi.obj (.text:SlNetIfWifi_close)
                  0101335c    00000004     --HOLE-- [fill = 0]
                  01013360    00000012     sysbios.aem4 : BIOS.obj (.text:_pthread_runStub$43)
                  01013372    00000006     driverlib.a : utils.obj (.text:UtilsDelay)
                  01013378    00000012     sysbios.aem4 : BIOS.obj (.text:ti_sysbios_hal_Hwi_Module_startup__E)
                  0101338a    00000012     rtsv7M4_T_le_eabi.lib : wcslen.c.obj (.text:wcslen)
                  0101339c    00000012     release_pem4.oem4 (.text:xdc_runtime_Startup_exec__I)
                  010133ae    00000010     dpl_cc32xx.a : HwiP_tirtos.oem4 (.text:HwiP_Params_init)
                  010133be    00000010     slnetifwifi.a : slnetifwifi.obj (.text:SlNetIfWifi_DeleteContext)
                  010133ce    00000010     slnetsock_release.a : slnetsock.oem4 (.text:SlNetSock_secAttribCreate)
                  010133de    00000010     simplelink.a : driver.obj (.text:_SlDrvDispatchHttpServerEvents)
                  010133ee    00000010                  : driver.obj (.text:_SlDrvDispatchNetAppRequestEvents)
                  010133fe    00000010                  : driver.obj (.text:_SlDrvIsSpawnOwnGlobalLock)
                  0101340e    00000010     ti_drivers_config.obj (.text:dmaErrorFxn)
                  0101341e    00000002     --HOLE-- [fill = 0]
                  01013420    00000010     sysbios.aem4 : BIOS.obj (.text:pthread_mutexattr_init)
                  01013430    00000010                  : BIOS.obj (.text:pthread_mutexattr_settype)
                  01013440    00000010     httpclient_release.a : httpclient.oem4 (.text:skipWhiteSpace)
                  01013450    00000010     slnetifwifi.a : slnetifwifi.obj (.text:slNetIfWifi_connDisable)
                  01013460    00000010     sysbios.aem4 : BIOS.obj (.text:ti_sysbios_BIOS_getCpuFreq__E)
                  01013470    00000010                  : BIOS.obj (.text:ti_sysbios_BIOS_setThreadType__E)
                  01013480    00000010                  : BIOS.obj (.text:ti_sysbios_BIOS_start__E)
                  01013490    00000010                  : m3_TaskSupport_asm.obj (.text:ti_sysbios_family_arm_m3_TaskSupport_glue)
                  010134a0    00000010                  : m3_TaskSupport_asm.obj (.text:ti_sysbios_family_arm_m3_TaskSupport_swap__E)
                  010134b0    00000010                  : BIOS.obj (.text:ti_sysbios_gates_GateMutex_Instance_finalize__E)
                  010134c0    00000010     release_pem4.oem4 (.text:ti_sysbios_knl_Mailbox_Object__get__S)
                  010134d0    00000010     sysbios.aem4 : BIOS.obj (.text:ti_sysbios_knl_Semaphore_Instance_finalize__E)
                  010134e0    00000010                  : BIOS.obj (.text:ti_sysbios_knl_Swi_disable__E)
                  010134f0    00000010     release_pem4.oem4 (.text:ti_sysbios_knl_Task_Object__get__S)
                  01013500    00000010     sysbios.aem4 : BIOS.obj (.text:ti_sysbios_knl_Task_disable__E)
                  01013510    00000010                  : BIOS.obj (.text:xdc_runtime_Memory_free__E)
                  01013520    00000010                  : BIOS.obj (.text:xdc_runtime_SysCallback_abort__E)
                  01013530    00000010                  : BIOS.obj (.text:xdc_runtime_SysCallback_exit__E)
                  01013540    00000010                  : BIOS.obj (.text:xdc_runtime_SysCallback_putch__E)
                  01013550    00000010                  : BIOS.obj (.text:xdc_runtime_SysCallback_ready__E)
                  01013560    00000010                  : BIOS.obj (.text:xdc_runtime_System_vsnprintf__E)
                  01013570    0000000e     simplelink.a : driver.obj (.text:_SlDrvResetCmdExt)
                  0101357e    0000000e     rtsv7M4_T_le_eabi.lib : copy_decompress_none.c.obj (.text:decompress:none:__TI_decompress_none)
                  0101358c    0000000e     drivers_cc32xx.a : SPICC32XXDMA.oem4 (.text:postNotifyFxn)
                  0101359a    00000006     --HOLE-- [fill = 0]
                  010135a0    0000000e     sysbios.aem4 : BIOS.obj (.text:pthread_attr_setdetachstate)
                  010135ae    00000002     --HOLE-- [fill = 0]
                  010135b0    0000000e                  : BIOS.obj (.text:sem_wait)
                  010135be    0000000e     slnetifwifi.a : slnetifwifi.obj (.text:slNetIfWifi_connEnable)
                  010135cc    0000000e     simplelink.a : cc_pal.obj (.text:spi_Close)
                  010135da    00000006     --HOLE-- [fill = 0]
                  010135e0    0000000e     sysbios.aem4 : BIOS.obj (.text:ti_sysbios_knl_Idle_loop__E)
                  010135ee    00000002     --HOLE-- [fill = 0]
                  010135f0    0000000e                  : BIOS.obj (.text:ti_sysbios_knl_Queue_empty__E)
                  010135fe    0000000c     dpl_cc32xx.a : ClockP_tirtos.oem4 (.text:ClockP_delete)
                  0101360a    00000002     --HOLE-- [fill = 0]
                  0101360c    0000000c                  : ClockP_tirtos.oem4 (.text:ClockP_getSystemTickPeriod)
                  01013618    0000000c                  : HwiP_tirtos.oem4 (.text:HwiP_delete)
                  01013624    0000000c     simplelink.a : cc_pal.obj (.text:NwpMaskInterrupt)
                  01013630    0000000c                  : cc_pal.obj (.text:NwpUnMaskInterrupt)
                  0101363c    0000000c     drivers_cc32xx.a : PowerCC32XX.oem4 (.text:Power_getConstraintMask)
                  01013648    0000000c     dpl_cc32xx.a : SemaphoreP_tirtos.oem4 (.text:SemaphoreP_delete)
                  01013654    0000000c     platform.obj (.text:SimpleLinkHttpServerEventHandler)
                  01013660    0000000c     platform.obj (.text:SimpleLinkNetAppRequestEventHandler)
                  0101366c    0000000c     simplelink.a : device.obj (.text:_SlDeviceResetRequestInitCompletedCB)
                  01013678    0000000c     rtsv7M4_T_le_eabi.lib : _lock.c.obj (.text:_register_lock)
                  01013684    0000000c                           : _lock.c.obj (.text:_register_unlock)
                  01013690    0000000c                           : s_copysign.c.obj (.text:copysign)
                  0101369c    0000000c                           : copy_zero_init.c.obj (.text:decompress:ZI:__TI_zero_init)
                  010136a8    0000000c     drivers_cc32xx.a : UARTCC32XXDMA.oem4 (.text:postNotifyFxn)
                  010136b4    00000004     --HOLE-- [fill = 0]
                  010136b8    0000000c     sysbios.aem4 : BIOS.obj (.text:pthread_self)
                  010136c4    0000000c     release_pem4.oem4 (.text:ti_sysbios_family_arm_m3_Hwi_Params__init__S)
                  010136d0    0000000c     sysbios.aem4 : BIOS.obj (.text:ti_sysbios_family_arm_m3_Hwi_disableFxn__E)
                  010136dc    00000004     --HOLE-- [fill = 0]
                  010136e0    0000000c                  : BIOS.obj (.text:ti_sysbios_family_arm_m3_TaskSupport_getStackAlignment__E)
                  010136ec    00000004     --HOLE-- [fill = 0]
                  010136f0    0000000c                  : BIOS.obj (.text:ti_sysbios_gates_GateHwi_enter__E)
                  010136fc    0000000c     release_pem4.oem4 (.text:ti_sysbios_knl_Clock_Params__init__S)
                  01013708    0000000c     sysbios.aem4 : BIOS.obj (.text:ti_sysbios_knl_Clock_getTicks__E)
                  01013714    00000004     --HOLE-- [fill = 0]
                  01013718    0000000c                  : BIOS.obj (.text:ti_sysbios_knl_Clock_setTicks__E)
                  01013724    00000004     --HOLE-- [fill = 0]
                  01013728    0000000c                  : BIOS.obj (.text:ti_sysbios_knl_Clock_tickStart__E)
                  01013734    00000004     --HOLE-- [fill = 0]
                  01013738    0000000c                  : BIOS.obj (.text:ti_sysbios_knl_Clock_tickStop__E)
                  01013744    0000000c     release_pem4.oem4 (.text:ti_sysbios_knl_Queue_Object__get__S)
                  01013750    0000000c     release_pem4.oem4 (.text:ti_sysbios_knl_Semaphore_Params__init__S)
                  0101375c    0000000c     release_pem4.oem4 (.text:ti_sysbios_knl_Task_Params__init__S)
                  01013768    0000000c     sysbios.aem4 : BIOS.obj (.text:ti_sysbios_knl_Task_self__E)
                  01013774    00000004     --HOLE-- [fill = 0]
                  01013778    0000000c                  : BIOS.obj (.text:ti_sysbios_rts_ti_ReentSupport_taskRegHook__I)
                  01013784    0000000c     driverlib.a : udma.obj (.text:uDMAErrorStatusClear)
                  01013790    0000000c                 : udma.obj (.text:uDMAErrorStatusGet)
                  0101379c    00000004     --HOLE-- [fill = 0]
                  010137a0    0000000c     sysbios.aem4 : BIOS.obj (.text:xdc_runtime_Startup_rtsDone__E)
                  010137ac    0000000a     dpl_cc32xx.a : ClockP_tirtos.oem4 (.text:ClockP_Params_init)
                  010137b6    0000000a     drivers_cc32xx.a : SPI.oem4 (.text:SPI_close)
                  010137c0    0000000a                      : SPI.oem4 (.text:SPI_transfer)
                  010137ca    0000000a     platform.obj (.text:SimpleLinkFatalErrorEventHandler)
                  010137d4    0000000a     platform.obj (.text:SimpleLinkGeneralEventHandler)
                  010137de    0000000a     platform.obj (.text:SimpleLinkNetAppRequestMemFreeEventHandler)
                  010137e8    0000000a     platform.obj (.text:SimpleLinkSockEventHandler)
                  010137f2    0000000a     platform.obj (.text:SimpleLinkWlanEventHandler)
                  010137fc    0000000a     drivers_cc32xx.a : UART.oem4 (.text:UART_close)
                  01013806    0000000a                      : UART.oem4 (.text:UART_control)
                  01013810    0000000a                      : UART.oem4 (.text:UART_write)
                  0101381a    0000000a     rtsv7M4_T_le_eabi.lib : sprintf.c.obj (.text:_outc)
                  01013824    00000004     --HOLE-- [fill = 0]
                  01013828    0000000a     sysbios.aem4 : BIOS.obj (.text:sem_destroy)
                  01013832    00000006     --HOLE-- [fill = 0]
                  01013838    0000000a                  : BIOS.obj (.text:sem_post)
                  01013842    0000000a     simplelink.a : device.obj (.text:sl_Task)
                  0101384c    0000000a     release_pem4.oem4 (.text:xdc_runtime_IHeap_alloc)
                  01013856    0000000a     release_pem4.oem4 (.text:xdc_runtime_IHeap_free)
                  01013860    00000008     dpl_cc32xx.a : SemaphoreP_tirtos.oem4 (.text:SemaphoreP_Params_init)
                  01013868    00000008     simplelink.a : cc_pal.obj (.text:TimerGetCurrentTimestamp)
                  01013870    00000008     drivers_cc32xx.a : SPICC32XXDMA.oem4 (.text:blockingTransferCallback)
                  01013878    00000008     sysbios.aem4 : BIOS.obj (.text:pthread_attr_setstacksize)
                  01013880    00000008                  : BIOS.obj (.text:pthread_mutex_lock)
                  01013888    00000008     drivers_cc32xx.a : UARTCC32XXDMA.oem4 (.text:readSemCallback)
                  01013890    00000008     sysbios.aem4 : BIOS.obj (.text:sem_getvalue)
                  01013898    00000008                  : BIOS.obj (.text:ti_sysbios_family_arm_m3_Hwi_doSwiRestore__I)
                  010138a0    00000008                  : BIOS.obj (.text:ti_sysbios_family_arm_m3_Hwi_startup__E)
                  010138a8    00000008     drivers_cc32xx.a : UARTCC32XXDMA.oem4 (.text:writeSemCallback)
                  010138b0    00000006     sysbios.aem4 : BIOS.obj (.text:ti_sysbios_family_arm_m3_Hwi_doTaskRestore__I)
                  010138b6    00000002     --HOLE-- [fill = 0]
                  010138b8    00000006                  : BIOS.obj (.text:ti_sysbios_family_arm_m3_Hwi_restoreFxn__E)
                  010138be    00000002     --HOLE-- [fill = 0]
                  010138c0    00000006                  : BIOS.obj (.text:ti_sysbios_gates_GateHwi_leave__E)
                  010138c6    00000002     --HOLE-- [fill = 0]
                  010138c8    00000006                  : BIOS.obj (.text:ti_sysbios_heaps_HeapMem_isBlocking__E)
                  010138ce    00000002     --HOLE-- [fill = 0]
                  010138d0    00000006                  : BIOS.obj (.text:ti_sysbios_knl_Clock_stop__E)
                  010138d6    00000002     --HOLE-- [fill = 0]
                  010138d8    00000006                  : BIOS.obj (.text:ti_sysbios_knl_Queue_Instance_init__E)
                  010138de    00000002     --HOLE-- [fill = 0]
                  010138e0    00000006                  : BIOS.obj (.text:ti_sysbios_knl_Swi_startup__E)
                  010138e6    00000002     --HOLE-- [fill = 0]
                  010138e8    00000006                  : BIOS.obj (.text:xdc_runtime_System_Module_startup__E)
                  010138ee    00000002     --HOLE-- [fill = 0]
                  010138f0    00000004                  : BIOS.obj (.text:__aeabi_errno_addr)
                  010138f4    00000004     --HOLE-- [fill = 0]
                  010138f8    00000004                  : BIOS.obj (.text:ti_sysbios_family_arm_m3_Timer_getMaxTicks__E)
                  010138fc    00000004     --HOLE-- [fill = 0]
                  01013900    00000004                  : BIOS.obj (.text:ti_sysbios_gates_GateHwi_query__E)
                  01013904    00000004     --HOLE-- [fill = 0]
                  01013908    00000004                  : BIOS.obj (.text:ti_sysbios_gates_GateMutex_query__E)
                  0101390c    00000004     --HOLE-- [fill = 0]
                  01013910    00000004                  : BIOS.obj (.text:ti_sysbios_knl_Clock_setTimeout__E)
                  01013914    00000004     --HOLE-- [fill = 0]
                  01013918    00000004                  : BIOS.obj (.text:ti_sysbios_knl_Task_startup__E)
                  0101391c    00000004     --HOLE-- [fill = 0]
                  01013920    00000004                  : BIOS.obj (.text:xdc_runtime_SysCallback_defaultReady)
                  01013924    00000004     --HOLE-- [fill = 0]
                  01013928    00000002                  : BIOS.obj (.text:ti_sysbios_BIOS_linkedWithIncorrectBootLibrary__E)
                  0101392a    00000006     --HOLE-- [fill = 0]
                  01013930    00000002                  : BIOS.obj (.text:ti_sysbios_gates_GateHwi_Instance_init__E)
                  01013932    00000006     --HOLE-- [fill = 0]
                  01013938    00000002                  : BIOS.obj (.text:ti_sysbios_knl_Clock_logTick__E)
                  0101393a    00000006     --HOLE-- [fill = 0]
                  01013940    00000002                  : BIOS.obj (.text:xdc_runtime_SysCallback_defaultAbort)
                  01013942    00000006     --HOLE-- [fill = 0]
                  01013948    00000002                  : BIOS.obj (.text:xdc_runtime_SysCallback_defaultExit)
                  0101394a    00000006     --HOLE-- [fill = 0]
                  01013950    00000002                  : BIOS.obj (.text:xdc_runtime_SysCallback_defaultPutch)
                  01013952    00000006     --HOLE-- [fill = 0]
                  01013958    00000002                  : BIOS.obj (.text:xdc_runtime_System_abortSpin__E)
                  0101395a    00000006     --HOLE-- [fill = 0]
                  01013960    00000002                  : BIOS.obj (.text:xdc_runtime_System_exitSpin__E)

.const     0    01013964    00000e48     
                  01013964    00000288     httpclient_release.a : httpclient.oem4 (.const:.string)
                  01013bec    00000101     rtsv7M4_T_le_eabi.lib : ctype.c.obj (.const:.string:_ctypes_)
[...]
010138b9  ti_sysbios_hal_Hwi_HwiProxy_restore__E                          
010138c1  ti_sysbios_gates_GateHwi_leave__E                               
010138c9  ti_sysbios_heaps_HeapMem_isBlocking__E                          
010138d1  ti_sysbios_knl_Clock_stop__E                                    
010138d9  ti_sysbios_knl_Queue_Instance_init__E                           
010138e1  ti_sysbios_knl_Swi_startup__E                                   
010138e9  xdc_runtime_System_Module_startup__E                            
010138f1  __aeabi_errno_addr                                              
010138f9  ti_sysbios_family_arm_m3_Timer_getMaxTicks__E                   
01013901  ti_sysbios_gates_GateHwi_query__E                               
01013901  xdc_runtime_Main_Module_GateProxy_query__E                      
01013901  xdc_runtime_System_Module_GateProxy_query__E                    
01013909  ti_sysbios_BIOS_RtsGateProxy_query__E                           
01013909  ti_sysbios_gates_GateMutex_query__E                             
01013909  ti_sysbios_heaps_HeapMem_Module_GateProxy_query__E              
01013911  ti_sysbios_knl_Clock_setTimeout__E                              
01013919  ti_sysbios_knl_Task_startup__E                                  
01013921  xdc_runtime_SysCallback_defaultReady                            
01013929  ti_sysbios_BIOS_linkedWithIncorrectBootLibrary__E               
01013931  ti_sysbios_gates_GateHwi_Instance_init__E                       
01013939  ti_sysbios_knl_Clock_logTick__E                                 
01013941  xdc_runtime_SysCallback_defaultAbort                            
01013949  xdc_runtime_SysCallback_defaultExit                             
01013951  xdc_runtime_SysCallback_defaultPutch                            
01013959  xdc_runtime_System_abortSpin__E                                 
01013961  xdc_runtime_System_exitSpin__E                                  
01013bec  _ctypes_                                                        
01013ced  Display_defaultParams                                           
01013cee  ti_sysbios_family_arm_m3_Hwi_Module__id__C                      
01013e98  spiCC32XXDMAHWAttrs                                             
01013f10  OpcodeTranslateTable                                            
01013f80  _SlActionLookupTable                                            
01013fd0  PowerCC32XX_config                                              
01014014  ti_sysbios_knl_Task_Object__PARAMS__C                           
01014050  ti_sysbios_family_arm_m3_Hwi_Object__PARAMS__C                  
01014080  UARTCC32XXDMA_fxnTable                                          
010140d0  ti_sysbios_heaps_HeapMem_Module__FXNS__C                        
010140f8  UART_defaultParams                                              
0101411c  ti_sysbios_gates_GateHwi_Module__FXNS__C                        
01014140  ti_sysbios_gates_GateMutex_Module__FXNS__C                      
01014164  ti_sysbios_heaps_HeapMem_Object__PARAMS__C                      
01014188  ti_sysbios_knl_Clock_Object__PARAMS__C                          
010141ac  ti_sysbios_knl_Semaphore_Object__PARAMS__C                      
010141f4  xdc_runtime_Startup_sfxnTab__A                                  
0101425b  ti_sysbios_knl_Clock_tickMode__C                                
0101425c  DisplayUartMin_fxnTable                                         
0101429c  SPI_defaultParams                                               
010142dc  ti_sysbios_family_arm_m3_Hwi_Object__DESC__C                    
010142fc  ti_sysbios_gates_GateHwi_Object__DESC__C                        
0101431c  ti_sysbios_gates_GateMutex_Object__DESC__C                      
0101433c  ti_sysbios_heaps_HeapMem_Object__DESC__C                        
0101435c  ti_sysbios_knl_Clock_Object__DESC__C                            
0101437c  ti_sysbios_knl_Queue_Object__DESC__C                            
0101439c  ti_sysbios_knl_Semaphore_Object__DESC__C                        
010143bc  ti_sysbios_knl_Task_Object__DESC__C                             
010143dc  SPICC32XXDMA_fxnTable                                           
010143f4  SPI_config                                                      
0101440c  ti_sysbios_gates_GateHwi_Object__PARAMS__C                      
01014424  ti_sysbios_gates_GateMutex_Object__PARAMS__C                    
0101443c  ti_sysbios_knl_Queue_Object__PARAMS__C                          
01014454  ti_sysbios_knl_Task_hooks__A                                    
0101446c  Display_count                                                   
0101446d  CONFIG_Crypto_0_CONST                                           
0101446e  CryptoCC32XX_count                                              
0101446f  GPIO_pinLowerBound                                              
01014470  GPIO_pinUpperBound                                              
01014471  CONFIG_GPIO_BUTTON_0_CONST                                      
01014472  CONFIG_GPIO_BUTTON_1_CONST                                      
01014473  CONFIG_GPIO_LED_0_CONST                                         
01014474  CONFIG_GPIO_LED_1_CONST                                         
01014475  CONFIG_GPIO_LED_2_CONST                                         
01014476  CONFIG_SPI_0_CONST                                              
01014477  CONFIG_NWP_SPI_CONST                                            
01014478  SPI_count                                                       
01014479  CONFIG_TIMER_0_CONST                                            
0101447a  CONFIG_TIMER_1_CONST                                            
0101447b  CONFIG_TIMER_2_CONST                                            
0101447c  Timer_count                                                     
0101447d  CONFIG_UART_0_CONST                                             
0101447e  UART_count                                                      
0101447f  CONFIG_WATCHDOG_0_CONST                                         
01014480  Watchdog_count                                                  
01014481  ti_sysbios_knl_Clock_tickSource__C                              
01014482  ti_sysbios_family_arm_m3_Timer_Module__id__C                    
01014510  displayUartHWAttrs                                              
01014538  xdc_runtime_Startup_sfxnRts__A                                  
0101454a  ti_sysbios_heaps_HeapMem_Module__id__C                          
0101454c  GPIO_config                                                     
010145a8  Display_config                                                  
010145b4  UART_config                                                     
010145e4  udmaCC3220SHWAttrs                                              
010145f0  xdc_runtime_Startup_firstFxns__A                                
0101460d  xdc_runtime_Error_policy__C                                     
0101460e  xdc_runtime_Memory_Module__id__C                                
01014610  UDMACC32XX_config                                               
01014638  ti_sysbios_knl_Idle_funcList__A                                 
01014640  ti_sysbios_knl_Idle_funcList__C                                 
01014648  ti_sysbios_knl_Task_hooks__C                                    
01014650  xdc_runtime_Startup_firstFxns__C                                
01014658  xdc_runtime_Startup_lastFxns__C                                 
01014696  _SlNetAppSendResponseCmdCtrl                                    
0101469a  _SlNetAppSendTokenValueCmdCtrl                                  
010146cc  ti_sysbios_family_arm_m3_Hwi_E_alreadyDefined__C                
010146d0  ti_sysbios_family_arm_m3_Hwi_E_badIntNum__C                     
010146d4  ti_sysbios_family_arm_m3_Hwi_NUM_INTERRUPTS__C                  
010146d8  ti_sysbios_family_arm_m3_Hwi_Object__count__C                   
010146dc  ti_sysbios_family_arm_m3_Hwi_ccr__C                             
010146e0  ti_sysbios_family_arm_m3_Hwi_excHandlerFunc__C                  
010146e4  ti_sysbios_family_arm_m3_Hwi_nullIsrFunc__C                     
010146e8  ti_sysbios_family_arm_m3_Hwi_priGroup__C                        
010146ec  ti_sysbios_family_arm_m3_Hwi_swiDisable__C                      
010146f0  ti_sysbios_family_arm_m3_Hwi_swiRestore__C                      
010146f4  ti_sysbios_family_arm_m3_TaskSupport_stackAlignment__C          
010146f8  ti_sysbios_family_arm_m3_Timer_E_cannotSupport__C               
010146fc  ti_sysbios_family_arm_m3_Timer_startupNeeded__C                 
01014700  ti_sysbios_gates_GateMutex_Instance_State_sem__O                
01014704  ti_sysbios_heaps_HeapMem_E_memory__C                            
01014708  ti_sysbios_heaps_HeapMem_Module__gateObj__C                     
0101470c  ti_sysbios_heaps_HeapMem_Object__count__C                       
01014710  ti_sysbios_heaps_HeapMem_primaryHeapBaseAddr__C                 
01014714  ti_sysbios_heaps_HeapMem_primaryHeapEndAddr__C                  
01014718  ti_sysbios_heaps_HeapMem_reqAlign__C                            
0101471c  ti_sysbios_knl_Clock_Module_State_clockQ__O                     
01014720  ti_sysbios_knl_Clock_tickPeriod__C                              
01014724  ti_sysbios_knl_Mailbox_Instance_State_dataQue__O                
01014728  ti_sysbios_knl_Mailbox_Instance_State_dataSem__O                
0101472c  ti_sysbios_knl_Mailbox_Instance_State_freeQue__O                
01014730  ti_sysbios_knl_Mailbox_Instance_State_freeSem__O                
01014734  ti_sysbios_knl_Mailbox_Object__count__C                         
01014738  ti_sysbios_knl_Mailbox_maxTypeAlign__C                          
0101473c  ti_sysbios_knl_Semaphore_Instance_State_pendQ__O                
01014740  ti_sysbios_knl_Swi_Object__count__C                             
01014744  ti_sysbios_knl_Task_Module_State_inactiveQ__O                   
01014748  ti_sysbios_knl_Task_Object__count__C                            
0101474c  ti_sysbios_knl_Task_Object__heap__C                             
01014750  ti_sysbios_knl_Task_allBlockedFunc__C                           
01014754  ti_sysbios_knl_Task_defaultStackHeap__C                         
01014758  ti_sysbios_knl_Task_defaultStackSize__C                         
0101475c  ti_sysbios_knl_Task_numConstructedTasks__C                      
01014760  xdc_runtime_Error_E_memory__C                                   
01014764  xdc_runtime_Error_policyFxn__C                                  
01014768  xdc_runtime_IGateProvider_Interface__BASE__C                    
0101476c  xdc_runtime_IHeap_Interface__BASE__C                            
01014770  xdc_runtime_IModule_Interface__BASE__C                          
01014774  xdc_runtime_Memory_defaultHeapInstance__C                       
01014778  xdc_runtime_Startup_execImpl__C                                 
0101477c  xdc_runtime_Startup_maxPasses__C                                
01014780  xdc_runtime_Startup_sfxnRts__C                                  
01014784  xdc_runtime_Startup_sfxnTab__C                                  
01014788  xdc_runtime_SysCallback_abortFxn__C                             
0101478c  xdc_runtime_SysCallback_exitFxn__C                              
01014790  xdc_runtime_SysCallback_putchFxn__C                             
01014794  xdc_runtime_SysCallback_readyFxn__C                             
01014798  xdc_runtime_System_Module__gateObj__C                           
0101479c  xdc_runtime_System_abortFxn__C                                  
010147a0  xdc_runtime_System_exitFxn__C                                   
010147a4  xdc_runtime_System_extendFxn__C                                 
010147a8  xdc_runtime_System_maxAtexitHandlers__C                         
010147b0  __TI_static_base__                                              
01014b44  __TI_Handler_Table_Base                                         
01014b50  __TI_Handler_Table_Limit                                        
01014b60  __TI_CINIT_Base                                                 
01014b78  __TI_CINIT_Limit                                                
20000000  __start___llvm_prf_cnts                                         
20000000  __stop___llvm_prf_cnts                                          
20000000  ti_sysbios_family_arm_m3_Hwi_ramVectors                         
20000310  __primary_heap_start__                                          
20008310  __primary_heap_end__                                            
20008c00  g_CB                                                            
20008ffc  ti_sysbios_family_arm_m3_Hwi_dispatchTable                      
20009308  ti_sysbios_knl_Task_Instance_State_0_stack__A                   
20009508  PowerCC32XX_contextSave                                         
20009634  spiCC32XXDMAObjects                                             
200096bc  gpioCallbackFunctions                                           
20009740  gpioUserArgs                                                    
20009844  uartCC32XXObjects0                                              
200098b0  GlobalLockObj                                                   
200098dc  g_SlInternalSpawnCB                                             
20009964  DeviceCB                                                        
20009970  Msg                                                             
2000997c  displayUartObject                                               
20009988  spiCC32XXSDMAscratchBuf                                         
20009990  udmaCC3220SObject                                               
2000999c  display                                                         
200099a0  mode                                                            
200099a4  ti_sysbios_knl_Task_Instance_State_0_hookEnv__A                 
200099a8  gIfID                                                           
200099aa  RxIrqCnt                                                        
200099ac  PowerCC32XX_module                                              
20009b18  parkInfo                                                        
20009d7c  gpioPinConfigs                                                  
20009e00  ti_sysbios_knl_Swi_Module_State_0_readyQ__A                     
20009e80  ti_sysbios_knl_Task_Module_State_0_readyQ__A                    
20009f00  SlNetIfConfigWifi                                               
20009fb8  ti_sysbios_knl_Task_Object__table__V                            
2000a004  ti_sysbios_knl_Task_Module__state__V                            
2000a048  ti_sysbios_gates_GateMutex_Object__table__V                     
2000a080  ti_sysbios_family_arm_m3_Hwi_Module__state__V                   
2000a0b4  ti_sysbios_family_arm_m3_Timer_Object__table__V                 
2000a0e4  ti_sysbios_knl_Swi_Object__table__V                             
2000a114  ti_sysbios_knl_Clock_Module__state__V                           
2000a140  g_LibsEvents                                                    
2000a164  g_UserEvents                                                    
2000a188  ti_sysbios_BIOS_Module__state__V                                
2000a1ac  xdc_runtime_Error_IgnoreBlock                                   
2000a1cc  HTTP_METHOD_GET                                                 
2000a1d0  HTTP_METHOD_POST                                                
2000a1d4  HTTP_METHOD_HEAD                                                
2000a1d8  HTTP_METHOD_OPTIONS                                             
2000a1dc  HTTP_METHOD_PUT                                                 
2000a1e0  HTTP_METHOD_DELETE                                              
2000a1e4  HTTP_METHOD_CONNECT                                             
2000a1e8  ti_sysbios_knl_Swi_Module__state__V                             
2000a204  g_fNetIfCB                                                      
2000a208  g_ifId                                                          
2000a21c  ti_sysbios_family_arm_m3_Hwi_Object__table__V                   
2000a234  ti_sysbios_heaps_HeapMem_Object__table__V                       
2000a24c  ti_sysbios_family_arm_cc32xx_Seconds_Module__state__V           
2000a270  gGlobalLockCntRequested                                         
2000a271  gGlobalLockCntReleased                                          
2000a272  g_SlDeviceStatus                                                
2000a274  g_pCB                                                           
2000a278  pPingCallBackFunc                                               
2000a288  ti_sysbios_family_arm_m3_Timer_Module__state__V                 
2000a294  _lock                                                           
2000a298  _unlock                                                         
2000a2a4  httpThread                                                      
2000a2a8  spawn_thread                                                    
2000a2ac  ti_sysbios_family_arm_m3_Hwi_Module__root__V                    
2000a2b4  ti_sysbios_gates_GateHwi_Module__root__V                        
2000a2bc  ti_sysbios_gates_GateMutex_Module__root__V                      
2000a2c4  ti_sysbios_heaps_HeapMem_Module__root__V                        
2000a2cc  ti_sysbios_knl_Clock_Module__root__V                            
2000a2d4  ti_sysbios_knl_Queue_Module__root__V                            
2000a2dc  ti_sysbios_knl_Semaphore_Module__root__V                        
2000a2e4  ti_sysbios_knl_Task_Module__root__V                             
2000a2ec  xdc_runtime_Startup_Module__state__V                            
2000a2f4  xdc_runtime_System_Module_State_0_atexitHandlers__A             
2000a2fc  xdc_runtime_System_Module__state__V                             
2000a304  main_func_sp                                                    
2000a308  g_intHandle                                                     
2000a30c  ti_sysbios_family_arm_m3_Hwi_Module_State_0_excContext__A       
2000a310  ti_sysbios_family_arm_m3_Hwi_Module_State_0_excStack__A         
2000a314  ti_sysbios_family_arm_m3_TimestampProvider_Module__state__V     
2000a318  ti_sysbios_gates_GateHwi_Object__table__V                       
2000a31c  ti_sysbios_knl_Task_Module_State_0_idleTask__A                  
2000a320  ti_sysbios_rts_ti_ReentSupport_Module__state__V                 
2000a324  xdc_runtime_Memory_Module__state__V                             
2000a32a  ti_sysbios_family_arm_m3_Hwi_Module_State_0_excActive__A        
2003fc00  __stack                                                         
20040000  __STACK_END                                                     
e000e000  ti_sysbios_family_arm_m3_Hwi_nvic                               
ffffffff  __TI_pprof_out_hndl                                             
ffffffff  __TI_prof_data_size                                             
ffffffff  __TI_prof_data_start                                            
ffffffff  __binit__                                                       
ffffffff  __c_args__                                                      
ffffffff  binit                                                           
UNDEFED   ITM_flush                                                       
UNDEFED   ITM_restore                                                     
UNDEFED   SHT$$INIT_ARRAY$$Base                                           
UNDEFED   SHT$$INIT_ARRAY$$Limit                                          

[900 symbols]
